---
http_interactions:
- request:
    method: post
    uri: https://agileventures.slack.com/api/users.admin.invite
    body:
      encoding: US-ASCII
      string: email=testuser%40agileventures.org&channels=C02G8J689%2CC0285CSUH%2CC02AA0ARR&token
    headers:
      Accept-Encoding:
      - gzip;q=1.0,deflate;q=0.6,identity;q=0.3
      Accept:
      - "*/*"
      User-Agent:
      - Ruby
      Host:
      - agileventures.slack.com
      Content-Type:
      - application/x-www-form-urlencoded
  response:
    status:
      code: 200
      message: OK
    headers:
      Content-Type:
      - application/json; charset=utf-8
      Transfer-Encoding:
      - chunked
      Connection:
      - keep-alive
      Access-Control-Allow-Origin:
      - "*"
      Content-Security-Policy:
      - referrer no-referrer;
      Date:
      - Mon, 16 May 2016 15:22:04 GMT
      Server:
      - Apache
      Strict-Transport-Security:
      - max-age=31536000; includeSubDomains; preload
      Vary:
      - Accept-Encoding
      X-Accepted-Oauth-Scopes:
      - client
      X-Content-Type-Options:
      - nosniff
      X-Xss-Protection:
      - '0'
      X-Cache:
      - Miss from cloudfront
      Via:
      - 1.1 a159febffcf57c34f04c221aa4db939c.cloudfront.net (CloudFront)
      X-Amz-Cf-Id:
      - 2ZmSU557xnURi8uoF1yHf8yU4LWpo7RZJsTxvgtm2WlaBxwmZZ2sdg==
    body:
      encoding: ASCII-8BIT
      string: '{"ok":false,"error":"not_authed"}'
    http_version: 
  recorded_at: Mon, 16 May 2016 15:17:04 GMT
- request:
    method: post
    uri: https://agileventures.slack.com/api/users.admin.invite
    body:
      encoding: US-ASCII
      string: email=alice%40btinternet.co.uk&channels=C02G8J689%2CC0285CSUH%2CC02AA0ARR&token
    headers:
      Accept-Encoding:
      - gzip;q=1.0,deflate;q=0.6,identity;q=0.3
      Accept:
      - "*/*"
      User-Agent:
      - Ruby
      Host:
      - agileventures.slack.com
      Content-Type:
      - application/x-www-form-urlencoded
  response:
    status:
      code: 200
      message: OK
    headers:
      Content-Type:
      - application/json; charset=utf-8
      Transfer-Encoding:
      - chunked
      Connection:
      - keep-alive
      Access-Control-Allow-Origin:
      - "*"
      Content-Security-Policy:
      - referrer no-referrer;
      Date:
      - Mon, 16 May 2016 15:22:05 GMT
      Server:
      - Apache
      Strict-Transport-Security:
      - max-age=31536000; includeSubDomains; preload
      Vary:
      - Accept-Encoding
      X-Accepted-Oauth-Scopes:
      - client
      X-Content-Type-Options:
      - nosniff
      X-Xss-Protection:
      - '0'
      X-Cache:
      - Miss from cloudfront
      Via:
      - 1.1 437acf5020e44b923e28b10f7fccb788.cloudfront.net (CloudFront)
      X-Amz-Cf-Id:
      - 6f_wJBH82ejf3eyjmkl4-6uKW_YGkvlCF0cTgHbbKBSxg3R6L1C4Cg==
    body:
      encoding: ASCII-8BIT
      string: '{"ok":false,"error":"not_authed"}'
    http_version: 
  recorded_at: Mon, 16 May 2016 14:22:05 GMT
- request:
    method: post
    uri: https://agileventures.slack.com/api/users.admin.invite
    body:
      encoding: US-ASCII
      string: email=bobb112%40hotmail.com&channels=C02G8J689%2CC0285CSUH%2CC02AA0ARR&token
    headers:
      Accept-Encoding:
      - gzip;q=1.0,deflate;q=0.6,identity;q=0.3
      Accept:
      - "*/*"
      User-Agent:
      - Ruby
      Host:
      - agileventures.slack.com
      Content-Type:
      - application/x-www-form-urlencoded
  response:
    status:
      code: 200
      message: OK
    headers:
      Content-Type:
      - application/json; charset=utf-8
      Transfer-Encoding:
      - chunked
      Connection:
      - keep-alive
      Access-Control-Allow-Origin:
      - "*"
      Content-Security-Policy:
      - referrer no-referrer;
      Date:
      - Mon, 16 May 2016 15:22:05 GMT
      Server:
      - Apache
      Strict-Transport-Security:
      - max-age=31536000; includeSubDomains; preload
      Vary:
      - Accept-Encoding
      X-Accepted-Oauth-Scopes:
      - client
      X-Content-Type-Options:
      - nosniff
      X-Xss-Protection:
      - '0'
      X-Cache:
      - Miss from cloudfront
      Via:
      - 1.1 15a3e53929b8b98c1afabe17cca4b1fd.cloudfront.net (CloudFront)
      X-Amz-Cf-Id:
      - s-CxZyZHbdXdCzZI052hoVBhPbRLc0PeJ4xCK-q-kAjcnZQopIcTMQ==
    body:
      encoding: ASCII-8BIT
      string: '{"ok":false,"error":"not_authed"}'
    http_version: 
  recorded_at: Fri, 13 May 2016 15:22:05 GMT
- request:
    method: post
    uri: https://agileventures.slack.com/api/users.admin.invite
    body:
      encoding: US-ASCII
      string: email=c.croutch%40enterprise.us&channels=C02G8J689%2CC0285CSUH%2CC02AA0ARR&token
    headers:
      Accept-Encoding:
      - gzip;q=1.0,deflate;q=0.6,identity;q=0.3
      Accept:
      - "*/*"
      User-Agent:
      - Ruby
      Host:
      - agileventures.slack.com
      Content-Type:
      - application/x-www-form-urlencoded
  response:
    status:
      code: 200
      message: OK
    headers:
      Content-Type:
      - application/json; charset=utf-8
      Transfer-Encoding:
      - chunked
      Connection:
      - keep-alive
      Access-Control-Allow-Origin:
      - "*"
      Content-Security-Policy:
      - referrer no-referrer;
      Date:
      - Mon, 16 May 2016 15:22:05 GMT
      Server:
      - Apache
      Strict-Transport-Security:
      - max-age=31536000; includeSubDomains; preload
      Vary:
      - Accept-Encoding
      X-Accepted-Oauth-Scopes:
      - client
      X-Content-Type-Options:
      - nosniff
      X-Xss-Protection:
      - '0'
      X-Cache:
      - Miss from cloudfront
      Via:
      - 1.1 d1201a6f66026e2a6d778a9fd9208986.cloudfront.net (CloudFront)
      X-Amz-Cf-Id:
      - nQuX3Im6awwzydRS9NQpfHIHZO_GitO1vENi13kl2FOgcAiG4LIyzQ==
    body:
      encoding: ASCII-8BIT
      string: '{"ok":false,"error":"not_authed"}'
    http_version: 
  recorded_at: Fri, 13 May 2016 15:22:05 GMT
- request:
    method: post
    uri: https://agileventures.slack.com/api/users.admin.invite
    body:
      encoding: US-ASCII
      string: email=dave%40dixons.me&channels=C02G8J689%2CC0285CSUH%2CC02AA0ARR&token
    headers:
      Accept-Encoding:
      - gzip;q=1.0,deflate;q=0.6,identity;q=0.3
      Accept:
      - "*/*"
      User-Agent:
      - Ruby
      Host:
      - agileventures.slack.com
      Content-Type:
      - application/x-www-form-urlencoded
  response:
    status:
      code: 200
      message: OK
    headers:
      Content-Type:
      - application/json; charset=utf-8
      Transfer-Encoding:
      - chunked
      Connection:
      - keep-alive
      Access-Control-Allow-Origin:
      - "*"
      Content-Security-Policy:
      - referrer no-referrer;
      Date:
      - Mon, 16 May 2016 15:22:05 GMT
      Server:
      - Apache
      Strict-Transport-Security:
      - max-age=31536000; includeSubDomains; preload
      Vary:
      - Accept-Encoding
      X-Accepted-Oauth-Scopes:
      - client
      X-Content-Type-Options:
      - nosniff
      X-Xss-Protection:
      - '0'
      X-Cache:
      - Miss from cloudfront
      Via:
      - 1.1 a8623b1ea6a727cf5b0f8a0b166400a4.cloudfront.net (CloudFront)
      X-Amz-Cf-Id:
      - vSUHnoumQzC5fmbCiifKv2sp5t1Hyh_EhcH5gZDI_YHg1SpfYTP3dw==
    body:
      encoding: ASCII-8BIT
      string: '{"ok":false,"error":"not_authed"}'
    http_version: 
  recorded_at: Mon, 16 May 2016 15:22:05 GMT
recorded_with: VCR 3.0.1
