---
http_interactions:
- request:
    method: post
    uri: https://agileventures.slack.com/api/users.admin.invite
    body:
      encoding: US-ASCII
      string: email=bob%40btinternet.co.uk&channels=C02G8J689%2CC0285CSUH%2CC02AA0ARR&token
    headers:
      Accept-Encoding:
      - gzip;q=1.0,deflate;q=0.6,identity;q=0.3
      Accept:
      - "*/*"
      User-Agent:
      - Ruby
      Host:
      - agileventures.slack.com
      Content-Type:
      - application/x-www-form-urlencoded
  response:
    status:
      code: 200
      message: OK
    headers:
      Content-Type:
      - application/json; charset=utf-8
      Transfer-Encoding:
      - chunked
      Connection:
      - keep-alive
      Access-Control-Allow-Origin:
      - "*"
      Content-Security-Policy:
      - referrer no-referrer;
      Date:
      - Mon, 16 May 2016 15:20:22 GMT
      Server:
      - Apache
      Strict-Transport-Security:
      - max-age=31536000; includeSubDomains; preload
      Vary:
      - Accept-Encoding
      X-Accepted-Oauth-Scopes:
      - client
      X-Content-Type-Options:
      - nosniff
      X-Xss-Protection:
      - '0'
      X-Cache:
      - Miss from cloudfront
      Via:
      - 1.1 7536f842632c1bc93ec085976fb39ec6.cloudfront.net (CloudFront)
      X-Amz-Cf-Id:
      - boxKojVrsAIf6fqGorgz7pFepR8FtNRgYaRBOS30x1UvOwid4Ma9zg==
    body:
      encoding: ASCII-8BIT
      string: '{"ok":false,"error":"not_authed"}'
    http_version: 
  recorded_at: Sat, 01 Feb 2014 11:10:00 GMT
- request:
    method: post
    uri: https://agileventures.slack.com/api/users.admin.invite
    body:
      encoding: US-ASCII
      string: email=jan%40btinternet.co.uk&channels=C02G8J689%2CC0285CSUH%2CC02AA0ARR&token
    headers:
      Accept-Encoding:
      - gzip;q=1.0,deflate;q=0.6,identity;q=0.3
      Accept:
      - "*/*"
      User-Agent:
      - Ruby
      Host:
      - agileventures.slack.com
      Content-Type:
      - application/x-www-form-urlencoded
  response:
    status:
      code: 200
      message: OK
    headers:
      Content-Type:
      - application/json; charset=utf-8
      Transfer-Encoding:
      - chunked
      Connection:
      - keep-alive
      Access-Control-Allow-Origin:
      - "*"
      Content-Security-Policy:
      - referrer no-referrer;
      Date:
      - Mon, 16 May 2016 15:20:22 GMT
      Server:
      - Apache
      Strict-Transport-Security:
      - max-age=31536000; includeSubDomains; preload
      Vary:
      - Accept-Encoding
      X-Accepted-Oauth-Scopes:
      - client
      X-Content-Type-Options:
      - nosniff
      X-Xss-Protection:
      - '0'
      X-Cache:
      - Miss from cloudfront
      Via:
      - 1.1 d1201a6f66026e2a6d778a9fd9208986.cloudfront.net (CloudFront)
      X-Amz-Cf-Id:
      - iBKWlPsP-JInH1HxCB7-tHee5ZVF61iAl1gG7DQuR3jT6jocppm_8g==
    body:
      encoding: ASCII-8BIT
      string: '{"ok":false,"error":"not_authed"}'
    http_version: 
  recorded_at: Sat, 01 Feb 2014 11:10:00 GMT
- request:
    method: post
    uri: https://agileventures.slack.com/api/users.admin.invite
    body:
      encoding: US-ASCII
      string: email=example%40example.com&channels=C02G8J689%2CC0285CSUH%2CC02AA0ARR&token
    headers:
      Accept-Encoding:
      - gzip;q=1.0,deflate;q=0.6,identity;q=0.3
      Accept:
      - "*/*"
      User-Agent:
      - Ruby
      Host:
      - agileventures.slack.com
      Content-Type:
      - application/x-www-form-urlencoded
  response:
    status:
      code: 200
      message: OK
    headers:
      Content-Type:
      - application/json; charset=utf-8
      Transfer-Encoding:
      - chunked
      Connection:
      - keep-alive
      Access-Control-Allow-Origin:
      - "*"
      Content-Security-Policy:
      - referrer no-referrer;
      Date:
      - Mon, 16 May 2016 15:20:23 GMT
      Server:
      - Apache
      Strict-Transport-Security:
      - max-age=31536000; includeSubDomains; preload
      Vary:
      - Accept-Encoding
      X-Accepted-Oauth-Scopes:
      - client
      X-Content-Type-Options:
      - nosniff
      X-Xss-Protection:
      - '0'
      X-Cache:
      - Miss from cloudfront
      Via:
      - 1.1 5cb08f1fdb064b6046c3b17fe92559f8.cloudfront.net (CloudFront)
      X-Amz-Cf-Id:
      - Dbl5mNqXOXuXavqibcQQRGxE0SfrwxkqU2Jq99eNv1Ba4OcCBjaxcg==
    body:
      encoding: ASCII-8BIT
      string: '{"ok":false,"error":"not_authed"}'
    http_version: 
  recorded_at: Sat, 01 Feb 2014 11:10:00 GMT
- request:
    method: post
    uri: https://agileventures.slack.com/api/users.admin.invite
    body:
      encoding: US-ASCII
      string: email=testuser%40agileventures.org&channels=C02G8J689%2CC0285CSUH%2CC02AA0ARR&token
    headers:
      Accept-Encoding:
      - gzip;q=1.0,deflate;q=0.6,identity;q=0.3
      Accept:
      - "*/*"
      User-Agent:
      - Ruby
      Host:
      - agileventures.slack.com
      Content-Type:
      - application/x-www-form-urlencoded
  response:
    status:
      code: 200
      message: OK
    headers:
      Content-Type:
      - application/json; charset=utf-8
      Transfer-Encoding:
      - chunked
      Connection:
      - keep-alive
      Access-Control-Allow-Origin:
      - "*"
      Content-Security-Policy:
      - referrer no-referrer;
      Date:
      - Mon, 16 May 2016 15:20:23 GMT
      Server:
      - Apache
      Strict-Transport-Security:
      - max-age=31536000; includeSubDomains; preload
      Vary:
      - Accept-Encoding
      X-Accepted-Oauth-Scopes:
      - client
      X-Content-Type-Options:
      - nosniff
      X-Xss-Protection:
      - '0'
      X-Cache:
      - Miss from cloudfront
      Via:
      - 1.1 cde3f82ccfe8eac099061a113f6434eb.cloudfront.net (CloudFront)
      X-Amz-Cf-Id:
      - c6gDe3LPQpQk8uuvBdSHEkOJ0Vt3AqIjWugTJ5q_kXb_EW6_1JrQAQ==
    body:
      encoding: ASCII-8BIT
      string: '{"ok":false,"error":"not_authed"}'
    http_version: 
  recorded_at: Sat, 01 Feb 2014 11:10:02 GMT
- request:
    method: post
    uri: https://agileventures.slack.com/api/users.admin.invite
    body:
      encoding: US-ASCII
      string: email=alice%40btinternet.co.uk&channels=C02G8J689%2CC0285CSUH%2CC02AA0ARR&token
    headers:
      Accept-Encoding:
      - gzip;q=1.0,deflate;q=0.6,identity;q=0.3
      Accept:
      - "*/*"
      User-Agent:
      - Ruby
      Host:
      - agileventures.slack.com
      Content-Type:
      - application/x-www-form-urlencoded
  response:
    status:
      code: 200
      message: OK
    headers:
      Content-Type:
      - application/json; charset=utf-8
      Transfer-Encoding:
      - chunked
      Connection:
      - keep-alive
      Access-Control-Allow-Origin:
      - "*"
      Content-Security-Policy:
      - referrer no-referrer;
      Date:
      - Mon, 16 May 2016 15:20:24 GMT
      Server:
      - Apache
      Strict-Transport-Security:
      - max-age=31536000; includeSubDomains; preload
      Vary:
      - Accept-Encoding
      X-Accepted-Oauth-Scopes:
      - client
      X-Content-Type-Options:
      - nosniff
      X-Xss-Protection:
      - '0'
      X-Cache:
      - Miss from cloudfront
      Via:
      - 1.1 316430958c7664ce84a9544466b4155f.cloudfront.net (CloudFront)
      X-Amz-Cf-Id:
      - uUokojbWjGCU6NW1v3ZA2U_HcJwD_k0jbcNR0FFuuiGwPYuNvWQrwA==
    body:
      encoding: ASCII-8BIT
      string: '{"ok":false,"error":"not_authed"}'
    http_version: 
  recorded_at: Sat, 01 Feb 2014 11:10:02 GMT
- request:
    method: post
    uri: https://agileventures.slack.com/api/users.admin.invite
    body:
      encoding: US-ASCII
      string: email=jan%40btinternet.co.uk&channels=C02G8J689%2CC0285CSUH%2CC02AA0ARR&token
    headers:
      Accept-Encoding:
      - gzip;q=1.0,deflate;q=0.6,identity;q=0.3
      Accept:
      - "*/*"
      User-Agent:
      - Ruby
      Host:
      - agileventures.slack.com
      Content-Type:
      - application/x-www-form-urlencoded
  response:
    status:
      code: 200
      message: OK
    headers:
      Content-Type:
      - application/json; charset=utf-8
      Transfer-Encoding:
      - chunked
      Connection:
      - keep-alive
      Access-Control-Allow-Origin:
      - "*"
      Content-Security-Policy:
      - referrer no-referrer;
      Date:
      - Mon, 16 May 2016 15:20:25 GMT
      Server:
      - Apache
      Strict-Transport-Security:
      - max-age=31536000; includeSubDomains; preload
      Vary:
      - Accept-Encoding
      X-Accepted-Oauth-Scopes:
      - client
      X-Content-Type-Options:
      - nosniff
      X-Xss-Protection:
      - '0'
      X-Cache:
      - Miss from cloudfront
      Via:
      - 1.1 253721461f577318527fb5be095b5061.cloudfront.net (CloudFront)
      X-Amz-Cf-Id:
      - WBNl0KQozL2pPIOqRurCw57otpMYaiEx2aEczc6iPi2DwPwvHCcKYw==
    body:
      encoding: ASCII-8BIT
      string: '{"ok":false,"error":"not_authed"}'
    http_version: 
  recorded_at: Sat, 01 Feb 2014 11:10:02 GMT
- request:
    method: post
    uri: https://agileventures.slack.com/api/users.admin.invite
    body:
      encoding: US-ASCII
      string: email=example%40example.com&channels=C02G8J689%2CC0285CSUH%2CC02AA0ARR&token
    headers:
      Accept-Encoding:
      - gzip;q=1.0,deflate;q=0.6,identity;q=0.3
      Accept:
      - "*/*"
      User-Agent:
      - Ruby
      Host:
      - agileventures.slack.com
      Content-Type:
      - application/x-www-form-urlencoded
  response:
    status:
      code: 200
      message: OK
    headers:
      Content-Type:
      - application/json; charset=utf-8
      Transfer-Encoding:
      - chunked
      Connection:
      - keep-alive
      Access-Control-Allow-Origin:
      - "*"
      Content-Security-Policy:
      - referrer no-referrer;
      Date:
      - Mon, 16 May 2016 15:20:25 GMT
      Server:
      - Apache
      Strict-Transport-Security:
      - max-age=31536000; includeSubDomains; preload
      Vary:
      - Accept-Encoding
      X-Accepted-Oauth-Scopes:
      - client
      X-Content-Type-Options:
      - nosniff
      X-Xss-Protection:
      - '0'
      X-Cache:
      - Miss from cloudfront
      Via:
      - 1.1 91e54ea7c5cc54f4a3500c72b19a2a23.cloudfront.net (CloudFront)
      X-Amz-Cf-Id:
      - 1TcJ2U1r-OkhTjHGyAL2CL8sL5guOTv78-FXkHZxmHjO0ICThz9vkA==
    body:
      encoding: ASCII-8BIT
      string: '{"ok":false,"error":"not_authed"}'
    http_version: 
  recorded_at: Sat, 01 Feb 2014 11:10:03 GMT
- request:
    method: post
    uri: https://agileventures.slack.com/api/users.admin.invite
    body:
      encoding: US-ASCII
      string: email=bob%40btinternet.co.uk&channels=C02G8J689%2CC0285CSUH%2CC02AA0ARR&token
    headers:
      Accept-Encoding:
      - gzip;q=1.0,deflate;q=0.6,identity;q=0.3
      Accept:
      - "*/*"
      User-Agent:
      - Ruby
      Host:
      - agileventures.slack.com
      Content-Type:
      - application/x-www-form-urlencoded
  response:
    status:
      code: 200
      message: OK
    headers:
      Content-Type:
      - application/json; charset=utf-8
      Transfer-Encoding:
      - chunked
      Connection:
      - keep-alive
      Access-Control-Allow-Origin:
      - "*"
      Content-Security-Policy:
      - referrer no-referrer;
      Date:
      - Mon, 16 May 2016 15:20:25 GMT
      Server:
      - Apache
      Strict-Transport-Security:
      - max-age=31536000; includeSubDomains; preload
      Vary:
      - Accept-Encoding
      X-Accepted-Oauth-Scopes:
      - client
      X-Content-Type-Options:
      - nosniff
      X-Xss-Protection:
      - '0'
      X-Cache:
      - Miss from cloudfront
      Via:
      - 1.1 565c5243db2ec940986d684b1d27280f.cloudfront.net (CloudFront)
      X-Amz-Cf-Id:
      - Q-CyWlFd_Vrvmq1lZoRSW5YDsci9VFcnesZp5jvg1jltOygY0EcX2A==
    body:
      encoding: ASCII-8BIT
      string: '{"ok":false,"error":"not_authed"}'
    http_version: 
  recorded_at: Sat, 01 Feb 2014 11:10:03 GMT
- request:
    method: post
    uri: https://agileventures.slack.com/api/users.admin.invite
    body:
      encoding: US-ASCII
      string: email=testuser%40agileventures.org&channels=C02G8J689%2CC0285CSUH%2CC02AA0ARR&token
    headers:
      Accept-Encoding:
      - gzip;q=1.0,deflate;q=0.6,identity;q=0.3
      Accept:
      - "*/*"
      User-Agent:
      - Ruby
      Host:
      - agileventures.slack.com
      Content-Type:
      - application/x-www-form-urlencoded
  response:
    status:
      code: 200
      message: OK
    headers:
      Content-Type:
      - application/json; charset=utf-8
      Transfer-Encoding:
      - chunked
      Connection:
      - keep-alive
      Access-Control-Allow-Origin:
      - "*"
      Content-Security-Policy:
      - referrer no-referrer;
      Date:
      - Mon, 16 May 2016 15:20:25 GMT
      Server:
      - Apache
      Strict-Transport-Security:
      - max-age=31536000; includeSubDomains; preload
      Vary:
      - Accept-Encoding
      X-Accepted-Oauth-Scopes:
      - client
      X-Content-Type-Options:
      - nosniff
      X-Xss-Protection:
      - '0'
      X-Cache:
      - Miss from cloudfront
      Via:
      - 1.1 d5da2738774b6f83465e13845679d084.cloudfront.net (CloudFront)
      X-Amz-Cf-Id:
      - FAcaGehEMjpGU1JMv39CFjPT1jvSJyxq_Su6sv6jpQ5KDCHWhjoNlA==
    body:
      encoding: ASCII-8BIT
      string: '{"ok":false,"error":"not_authed"}'
    http_version: 
  recorded_at: Sat, 01 Feb 2014 11:10:03 GMT
- request:
    method: post
    uri: https://agileventures.slack.com/api/users.admin.invite
    body:
      encoding: US-ASCII
      string: email=alice%40btinternet.co.uk&channels=C02G8J689%2CC0285CSUH%2CC02AA0ARR&token
    headers:
      Accept-Encoding:
      - gzip;q=1.0,deflate;q=0.6,identity;q=0.3
      Accept:
      - "*/*"
      User-Agent:
      - Ruby
      Host:
      - agileventures.slack.com
      Content-Type:
      - application/x-www-form-urlencoded
  response:
    status:
      code: 200
      message: OK
    headers:
      Content-Type:
      - application/json; charset=utf-8
      Transfer-Encoding:
      - chunked
      Connection:
      - keep-alive
      Access-Control-Allow-Origin:
      - "*"
      Content-Security-Policy:
      - referrer no-referrer;
      Date:
      - Mon, 16 May 2016 15:20:25 GMT
      Server:
      - Apache
      Strict-Transport-Security:
      - max-age=31536000; includeSubDomains; preload
      Vary:
      - Accept-Encoding
      X-Accepted-Oauth-Scopes:
      - client
      X-Content-Type-Options:
      - nosniff
      X-Xss-Protection:
      - '0'
      X-Cache:
      - Miss from cloudfront
      Via:
      - 1.1 6acd4ebf1a0179dd8e00eb58764e453a.cloudfront.net (CloudFront)
      X-Amz-Cf-Id:
      - hFgwFXX74VXs66mB-_8MKQJ4rBeKWsnR-zl9SLfA4Z1QMl-KdaV1cQ==
    body:
      encoding: ASCII-8BIT
      string: '{"ok":false,"error":"not_authed"}'
    http_version: 
  recorded_at: Sat, 01 Feb 2014 11:10:03 GMT
- request:
    method: post
    uri: https://agileventures.slack.com/api/users.admin.invite
    body:
      encoding: US-ASCII
      string: email=bob%40btinternet.co.uk&channels=C02G8J689%2CC0285CSUH%2CC02AA0ARR&token
    headers:
      Accept-Encoding:
      - gzip;q=1.0,deflate;q=0.6,identity;q=0.3
      Accept:
      - "*/*"
      User-Agent:
      - Ruby
      Host:
      - agileventures.slack.com
      Content-Type:
      - application/x-www-form-urlencoded
  response:
    status:
      code: 200
      message: OK
    headers:
      Content-Type:
      - application/json; charset=utf-8
      Transfer-Encoding:
      - chunked
      Connection:
      - keep-alive
      Access-Control-Allow-Origin:
      - "*"
      Content-Security-Policy:
      - referrer no-referrer;
      Date:
      - Mon, 16 May 2016 15:20:25 GMT
      Server:
      - Apache
      Strict-Transport-Security:
      - max-age=31536000; includeSubDomains; preload
      Vary:
      - Accept-Encoding
      X-Accepted-Oauth-Scopes:
      - client
      X-Content-Type-Options:
      - nosniff
      X-Xss-Protection:
      - '0'
      X-Cache:
      - Miss from cloudfront
      Via:
      - 1.1 fd885dc16612d4e9d70f328fd0542052.cloudfront.net (CloudFront)
      X-Amz-Cf-Id:
      - 0dpZi0ueJ7A14MOTifx5c77bPv46PuCrcKKSvXjQEbEMM5G3ZBf1Hg==
    body:
      encoding: ASCII-8BIT
      string: '{"ok":false,"error":"not_authed"}'
    http_version: 
  recorded_at: Sat, 01 Feb 2014 11:10:03 GMT
- request:
    method: post
    uri: https://agileventures.slack.com/api/users.admin.invite
    body:
      encoding: US-ASCII
      string: email=jan%40btinternet.co.uk&channels=C02G8J689%2CC0285CSUH%2CC02AA0ARR&token
    headers:
      Accept-Encoding:
      - gzip;q=1.0,deflate;q=0.6,identity;q=0.3
      Accept:
      - "*/*"
      User-Agent:
      - Ruby
      Host:
      - agileventures.slack.com
      Content-Type:
      - application/x-www-form-urlencoded
  response:
    status:
      code: 200
      message: OK
    headers:
      Content-Type:
      - application/json; charset=utf-8
      Transfer-Encoding:
      - chunked
      Connection:
      - keep-alive
      Access-Control-Allow-Origin:
      - "*"
      Content-Security-Policy:
      - referrer no-referrer;
      Date:
      - Mon, 16 May 2016 15:20:25 GMT
      Server:
      - Apache
      Strict-Transport-Security:
      - max-age=31536000; includeSubDomains; preload
      Vary:
      - Accept-Encoding
      X-Accepted-Oauth-Scopes:
      - client
      X-Content-Type-Options:
      - nosniff
      X-Xss-Protection:
      - '0'
      X-Cache:
      - Miss from cloudfront
      Via:
      - 1.1 36e16637a2b5592f1b01e48a4949ddd6.cloudfront.net (CloudFront)
      X-Amz-Cf-Id:
      - HmBiX7-RVDJ3oL3RVIUZG72v6Qi32JWdPmyO5RdWIODAXxRjnVZ46w==
    body:
      encoding: ASCII-8BIT
      string: '{"ok":false,"error":"not_authed"}'
    http_version: 
  recorded_at: Sat, 01 Feb 2014 11:10:03 GMT
- request:
    method: post
    uri: https://agileventures.slack.com/api/users.admin.invite
    body:
      encoding: US-ASCII
      string: email=example%40example.com&channels=C02G8J689%2CC0285CSUH%2CC02AA0ARR&token
    headers:
      Accept-Encoding:
      - gzip;q=1.0,deflate;q=0.6,identity;q=0.3
      Accept:
      - "*/*"
      User-Agent:
      - Ruby
      Host:
      - agileventures.slack.com
      Content-Type:
      - application/x-www-form-urlencoded
  response:
    status:
      code: 200
      message: OK
    headers:
      Content-Type:
      - application/json; charset=utf-8
      Transfer-Encoding:
      - chunked
      Connection:
      - keep-alive
      Access-Control-Allow-Origin:
      - "*"
      Content-Security-Policy:
      - referrer no-referrer;
      Date:
      - Mon, 16 May 2016 15:20:26 GMT
      Server:
      - Apache
      Strict-Transport-Security:
      - max-age=31536000; includeSubDomains; preload
      Vary:
      - Accept-Encoding
      X-Accepted-Oauth-Scopes:
      - client
      X-Content-Type-Options:
      - nosniff
      X-Xss-Protection:
      - '0'
      X-Cache:
      - Miss from cloudfront
      Via:
      - 1.1 5b7194cd796490b3bb20e0ed10b59026.cloudfront.net (CloudFront)
      X-Amz-Cf-Id:
      - WhrTu1bp4uYKRGP4lj6lUTZvVVoBQ4n9VvNNOjqeTqxiBUBDPnQ27Q==
    body:
      encoding: ASCII-8BIT
      string: '{"ok":false,"error":"not_authed"}'
    http_version: 
  recorded_at: Sat, 01 Feb 2014 11:10:03 GMT
- request:
    method: post
    uri: https://agileventures.slack.com/api/users.admin.invite
    body:
      encoding: US-ASCII
      string: email=christop%40dooley.co&channels=C02G8J689%2CC0285CSUH%2CC02AA0ARR&token
    headers:
      Accept-Encoding:
      - gzip;q=1.0,deflate;q=0.6,identity;q=0.3
      Accept:
      - "*/*"
      User-Agent:
      - Ruby
      Host:
      - agileventures.slack.com
      Content-Type:
      - application/x-www-form-urlencoded
  response:
    status:
      code: 200
      message: OK
    headers:
      Content-Type:
      - application/json; charset=utf-8
      Transfer-Encoding:
      - chunked
      Connection:
      - keep-alive
      Access-Control-Allow-Origin:
      - "*"
      Content-Security-Policy:
      - referrer no-referrer;
      Date:
      - Mon, 16 May 2016 15:20:26 GMT
      Server:
      - Apache
      Strict-Transport-Security:
      - max-age=31536000; includeSubDomains; preload
      Vary:
      - Accept-Encoding
      X-Accepted-Oauth-Scopes:
      - client
      X-Content-Type-Options:
      - nosniff
      X-Xss-Protection:
      - '0'
      X-Cache:
      - Miss from cloudfront
      Via:
      - 1.1 4ddddf0243e9305f37605c71001e5dd7.cloudfront.net (CloudFront)
      X-Amz-Cf-Id:
      - xqhVNQcFmIh1e2buPIjgpiUyiM0gpHeKtyuRtxtUGLYnAQnEFA1KoA==
    body:
      encoding: ASCII-8BIT
      string: '{"ok":false,"error":"not_authed"}'
    http_version: 
  recorded_at: Sat, 01 Feb 2014 11:10:03 GMT
- request:
    method: post
    uri: https://agileventures.slack.com/api/users.admin.invite
    body:
      encoding: US-ASCII
      string: email=ayana%40leannon.co&channels=C02G8J689%2CC0285CSUH%2CC02AA0ARR&token
    headers:
      Accept-Encoding:
      - gzip;q=1.0,deflate;q=0.6,identity;q=0.3
      Accept:
      - "*/*"
      User-Agent:
      - Ruby
      Host:
      - agileventures.slack.com
      Content-Type:
      - application/x-www-form-urlencoded
  response:
    status:
      code: 200
      message: OK
    headers:
      Content-Type:
      - application/json; charset=utf-8
      Transfer-Encoding:
      - chunked
      Connection:
      - keep-alive
      Access-Control-Allow-Origin:
      - "*"
      Content-Security-Policy:
      - referrer no-referrer;
      Date:
      - Mon, 16 May 2016 15:20:26 GMT
      Server:
      - Apache
      Strict-Transport-Security:
      - max-age=31536000; includeSubDomains; preload
      Vary:
      - Accept-Encoding
      X-Accepted-Oauth-Scopes:
      - client
      X-Content-Type-Options:
      - nosniff
      X-Xss-Protection:
      - '0'
      X-Cache:
      - Miss from cloudfront
      Via:
      - 1.1 91e54ea7c5cc54f4a3500c72b19a2a23.cloudfront.net (CloudFront)
      X-Amz-Cf-Id:
      - 0QU60Ov900aUKVxv-sWa3UO9yU4wIf2ORS_9UZvFw_S4H_ORjfcgFg==
    body:
      encoding: ASCII-8BIT
      string: '{"ok":false,"error":"not_authed"}'
    http_version: 
  recorded_at: Sat, 01 Feb 2014 11:10:03 GMT
- request:
    method: post
    uri: https://agileventures.slack.com/api/users.admin.invite
    body:
      encoding: US-ASCII
      string: email=precious.paucek%40predovic.com&channels=C02G8J689%2CC0285CSUH%2CC02AA0ARR&token
    headers:
      Accept-Encoding:
      - gzip;q=1.0,deflate;q=0.6,identity;q=0.3
      Accept:
      - "*/*"
      User-Agent:
      - Ruby
      Host:
      - agileventures.slack.com
      Content-Type:
      - application/x-www-form-urlencoded
  response:
    status:
      code: 200
      message: OK
    headers:
      Content-Type:
      - application/json; charset=utf-8
      Transfer-Encoding:
      - chunked
      Connection:
      - keep-alive
      Access-Control-Allow-Origin:
      - "*"
      Content-Security-Policy:
      - referrer no-referrer;
      Date:
      - Mon, 16 May 2016 15:20:26 GMT
      Server:
      - Apache
      Strict-Transport-Security:
      - max-age=31536000; includeSubDomains; preload
      Vary:
      - Accept-Encoding
      X-Accepted-Oauth-Scopes:
      - client
      X-Content-Type-Options:
      - nosniff
      X-Xss-Protection:
      - '0'
      X-Cache:
      - Miss from cloudfront
      Via:
      - 1.1 5302a26a4ce3d0863fddf10b3dbc2c77.cloudfront.net (CloudFront)
      X-Amz-Cf-Id:
      - wfSIZwbec8P7kp2YriEdWwRqfgxwMSqkudfjtfjy-fXAmuHDTn2-Xw==
    body:
      encoding: ASCII-8BIT
      string: '{"ok":false,"error":"not_authed"}'
    http_version: 
  recorded_at: Sat, 01 Feb 2014 11:10:03 GMT
- request:
    method: post
    uri: https://agileventures.slack.com/api/users.admin.invite
    body:
      encoding: US-ASCII
      string: email=gerson_hauck%40dicki.net&channels=C02G8J689%2CC0285CSUH%2CC02AA0ARR&token
    headers:
      Accept-Encoding:
      - gzip;q=1.0,deflate;q=0.6,identity;q=0.3
      Accept:
      - "*/*"
      User-Agent:
      - Ruby
      Host:
      - agileventures.slack.com
      Content-Type:
      - application/x-www-form-urlencoded
  response:
    status:
      code: 200
      message: OK
    headers:
      Content-Type:
      - application/json; charset=utf-8
      Transfer-Encoding:
      - chunked
      Connection:
      - keep-alive
      Access-Control-Allow-Origin:
      - "*"
      Content-Security-Policy:
      - referrer no-referrer;
      Date:
      - Mon, 16 May 2016 15:20:26 GMT
      Server:
      - Apache
      Strict-Transport-Security:
      - max-age=31536000; includeSubDomains; preload
      Vary:
      - Accept-Encoding
      X-Accepted-Oauth-Scopes:
      - client
      X-Content-Type-Options:
      - nosniff
      X-Xss-Protection:
      - '0'
      X-Cache:
      - Miss from cloudfront
      Via:
      - 1.1 f4d64c05ae609f6aae2932e779b2944b.cloudfront.net (CloudFront)
      X-Amz-Cf-Id:
      - JLf512EL_KYqFh8H-NfpJzr8mv9ze85-3-TRVoka8zj810PdOSsp-g==
    body:
      encoding: ASCII-8BIT
      string: '{"ok":false,"error":"not_authed"}'
    http_version: 
  recorded_at: Sat, 01 Feb 2014 11:10:03 GMT
- request:
    method: post
    uri: https://agileventures.slack.com/api/users.admin.invite
    body:
      encoding: US-ASCII
      string: email=lucile.zulauf%40larkin.co&channels=C02G8J689%2CC0285CSUH%2CC02AA0ARR&token
    headers:
      Accept-Encoding:
      - gzip;q=1.0,deflate;q=0.6,identity;q=0.3
      Accept:
      - "*/*"
      User-Agent:
      - Ruby
      Host:
      - agileventures.slack.com
      Content-Type:
      - application/x-www-form-urlencoded
  response:
    status:
      code: 200
      message: OK
    headers:
      Content-Type:
      - application/json; charset=utf-8
      Transfer-Encoding:
      - chunked
      Connection:
      - keep-alive
      Access-Control-Allow-Origin:
      - "*"
      Content-Security-Policy:
      - referrer no-referrer;
      Date:
      - Mon, 16 May 2016 15:20:26 GMT
      Server:
      - Apache
      Strict-Transport-Security:
      - max-age=31536000; includeSubDomains; preload
      Vary:
      - Accept-Encoding
      X-Accepted-Oauth-Scopes:
      - client
      X-Content-Type-Options:
      - nosniff
      X-Xss-Protection:
      - '0'
      X-Cache:
      - Miss from cloudfront
      Via:
      - 1.1 51c76241371dfc20d25094a51b4759eb.cloudfront.net (CloudFront)
      X-Amz-Cf-Id:
      - BhPDzSKju1brhLdt6e6dV8sQD-RdqB6zAYb6obXyAl7Vur353sMqMQ==
    body:
      encoding: ASCII-8BIT
      string: '{"ok":false,"error":"not_authed"}'
    http_version: 
  recorded_at: Sat, 01 Feb 2014 11:10:03 GMT
- request:
    method: post
    uri: https://agileventures.slack.com/api/users.admin.invite
    body:
      encoding: US-ASCII
      string: email=karli%40stamm.io&channels=C02G8J689%2CC0285CSUH%2CC02AA0ARR&token
    headers:
      Accept-Encoding:
      - gzip;q=1.0,deflate;q=0.6,identity;q=0.3
      Accept:
      - "*/*"
      User-Agent:
      - Ruby
      Host:
      - agileventures.slack.com
      Content-Type:
      - application/x-www-form-urlencoded
  response:
    status:
      code: 200
      message: OK
    headers:
      Content-Type:
      - application/json; charset=utf-8
      Transfer-Encoding:
      - chunked
      Connection:
      - keep-alive
      Access-Control-Allow-Origin:
      - "*"
      Content-Security-Policy:
      - referrer no-referrer;
      Date:
      - Mon, 16 May 2016 15:20:26 GMT
      Server:
      - Apache
      Strict-Transport-Security:
      - max-age=31536000; includeSubDomains; preload
      Vary:
      - Accept-Encoding
      X-Accepted-Oauth-Scopes:
      - client
      X-Content-Type-Options:
      - nosniff
      X-Xss-Protection:
      - '0'
      X-Cache:
      - Miss from cloudfront
      Via:
      - 1.1 316430958c7664ce84a9544466b4155f.cloudfront.net (CloudFront)
      X-Amz-Cf-Id:
      - cn8gBN0Q0IsBOwta6c_7byPF35p3DFGst-NjNH_atahBrm1TqFqRDA==
    body:
      encoding: ASCII-8BIT
      string: '{"ok":false,"error":"not_authed"}'
    http_version: 
  recorded_at: Sat, 01 Feb 2014 11:10:03 GMT
- request:
    method: post
    uri: https://agileventures.slack.com/api/users.admin.invite
    body:
      encoding: US-ASCII
      string: email=dominic%40hintzcorkery.co&channels=C02G8J689%2CC0285CSUH%2CC02AA0ARR&token
    headers:
      Accept-Encoding:
      - gzip;q=1.0,deflate;q=0.6,identity;q=0.3
      Accept:
      - "*/*"
      User-Agent:
      - Ruby
      Host:
      - agileventures.slack.com
      Content-Type:
      - application/x-www-form-urlencoded
  response:
    status:
      code: 200
      message: OK
    headers:
      Content-Type:
      - application/json; charset=utf-8
      Transfer-Encoding:
      - chunked
      Connection:
      - keep-alive
      Access-Control-Allow-Origin:
      - "*"
      Content-Security-Policy:
      - referrer no-referrer;
      Date:
      - Mon, 16 May 2016 15:20:26 GMT
      Server:
      - Apache
      Strict-Transport-Security:
      - max-age=31536000; includeSubDomains; preload
      Vary:
      - Accept-Encoding
      X-Accepted-Oauth-Scopes:
      - client
      X-Content-Type-Options:
      - nosniff
      X-Xss-Protection:
      - '0'
      X-Cache:
      - Miss from cloudfront
      Via:
      - 1.1 15a3e53929b8b98c1afabe17cca4b1fd.cloudfront.net (CloudFront)
      X-Amz-Cf-Id:
      - M8iPg_nEtl2s_zZC9YWFHLASmS85UoGSf76b8is3Rjt-M0BLpMVZew==
    body:
      encoding: ASCII-8BIT
      string: '{"ok":false,"error":"not_authed"}'
    http_version: 
  recorded_at: Sat, 01 Feb 2014 11:10:03 GMT
- request:
    method: post
    uri: https://agileventures.slack.com/api/users.admin.invite
    body:
      encoding: US-ASCII
      string: email=terry%40conn.biz&channels=C02G8J689%2CC0285CSUH%2CC02AA0ARR&token
    headers:
      Accept-Encoding:
      - gzip;q=1.0,deflate;q=0.6,identity;q=0.3
      Accept:
      - "*/*"
      User-Agent:
      - Ruby
      Host:
      - agileventures.slack.com
      Content-Type:
      - application/x-www-form-urlencoded
  response:
    status:
      code: 200
      message: OK
    headers:
      Content-Type:
      - application/json; charset=utf-8
      Transfer-Encoding:
      - chunked
      Connection:
      - keep-alive
      Access-Control-Allow-Origin:
      - "*"
      Content-Security-Policy:
      - referrer no-referrer;
      Date:
      - Mon, 16 May 2016 15:20:26 GMT
      Server:
      - Apache
      Strict-Transport-Security:
      - max-age=31536000; includeSubDomains; preload
      Vary:
      - Accept-Encoding
      X-Accepted-Oauth-Scopes:
      - client
      X-Content-Type-Options:
      - nosniff
      X-Xss-Protection:
      - '0'
      X-Cache:
      - Miss from cloudfront
      Via:
      - 1.1 d3617d950023ee8165fc850d9a6b0b97.cloudfront.net (CloudFront)
      X-Amz-Cf-Id:
      - S9QJEY9MrhaNWZHeYxlgBJC0puUU7Ya9iBammKBnxRigHhPvu74rSA==
    body:
      encoding: ASCII-8BIT
      string: '{"ok":false,"error":"not_authed"}'
    http_version: 
  recorded_at: Sat, 01 Feb 2014 11:10:03 GMT
- request:
    method: post
    uri: https://agileventures.slack.com/api/users.admin.invite
    body:
      encoding: US-ASCII
      string: email=micheal%40harber.io&channels=C02G8J689%2CC0285CSUH%2CC02AA0ARR&token
    headers:
      Accept-Encoding:
      - gzip;q=1.0,deflate;q=0.6,identity;q=0.3
      Accept:
      - "*/*"
      User-Agent:
      - Ruby
      Host:
      - agileventures.slack.com
      Content-Type:
      - application/x-www-form-urlencoded
  response:
    status:
      code: 200
      message: OK
    headers:
      Content-Type:
      - application/json; charset=utf-8
      Transfer-Encoding:
      - chunked
      Connection:
      - keep-alive
      Access-Control-Allow-Origin:
      - "*"
      Content-Security-Policy:
      - referrer no-referrer;
      Date:
      - Mon, 16 May 2016 15:20:26 GMT
      Server:
      - Apache
      Strict-Transport-Security:
      - max-age=31536000; includeSubDomains; preload
      Vary:
      - Accept-Encoding
      X-Accepted-Oauth-Scopes:
      - client
      X-Content-Type-Options:
      - nosniff
      X-Xss-Protection:
      - '0'
      X-Cache:
      - Miss from cloudfront
      Via:
      - 1.1 af0026eff6aa67e35633804eadacfc60.cloudfront.net (CloudFront)
      X-Amz-Cf-Id:
      - s0QBXd6Jc9mmq1OePbJoiVwwIDrYwCg2Y_cDgrCEhiuk9s_hhZM-ag==
    body:
      encoding: ASCII-8BIT
      string: '{"ok":false,"error":"not_authed"}'
    http_version: 
  recorded_at: Sat, 01 Feb 2014 11:10:03 GMT
- request:
    method: post
    uri: https://agileventures.slack.com/api/users.admin.invite
    body:
      encoding: US-ASCII
      string: email=theresa.bode%40johnson.com&channels=C02G8J689%2CC0285CSUH%2CC02AA0ARR&token
    headers:
      Accept-Encoding:
      - gzip;q=1.0,deflate;q=0.6,identity;q=0.3
      Accept:
      - "*/*"
      User-Agent:
      - Ruby
      Host:
      - agileventures.slack.com
      Content-Type:
      - application/x-www-form-urlencoded
  response:
    status:
      code: 200
      message: OK
    headers:
      Content-Type:
      - application/json; charset=utf-8
      Transfer-Encoding:
      - chunked
      Connection:
      - keep-alive
      Access-Control-Allow-Origin:
      - "*"
      Content-Security-Policy:
      - referrer no-referrer;
      Date:
      - Mon, 16 May 2016 15:20:26 GMT
      Server:
      - Apache
      Strict-Transport-Security:
      - max-age=31536000; includeSubDomains; preload
      Vary:
      - Accept-Encoding
      X-Accepted-Oauth-Scopes:
      - client
      X-Content-Type-Options:
      - nosniff
      X-Xss-Protection:
      - '0'
      X-Cache:
      - Miss from cloudfront
      Via:
      - 1.1 fd885dc16612d4e9d70f328fd0542052.cloudfront.net (CloudFront)
      X-Amz-Cf-Id:
      - 3DST9Oew1_u3jDzaMLK98OAm01Ucq3VG0LB9DKtS_s71DFLqzFRyKA==
    body:
      encoding: ASCII-8BIT
      string: '{"ok":false,"error":"not_authed"}'
    http_version: 
  recorded_at: Sat, 01 Feb 2014 11:10:03 GMT
- request:
    method: post
    uri: https://agileventures.slack.com/api/users.admin.invite
    body:
      encoding: US-ASCII
      string: email=breana%40lebsack.org&channels=C02G8J689%2CC0285CSUH%2CC02AA0ARR&token
    headers:
      Accept-Encoding:
      - gzip;q=1.0,deflate;q=0.6,identity;q=0.3
      Accept:
      - "*/*"
      User-Agent:
      - Ruby
      Host:
      - agileventures.slack.com
      Content-Type:
      - application/x-www-form-urlencoded
  response:
    status:
      code: 200
      message: OK
    headers:
      Content-Type:
      - application/json; charset=utf-8
      Transfer-Encoding:
      - chunked
      Connection:
      - keep-alive
      Access-Control-Allow-Origin:
      - "*"
      Content-Security-Policy:
      - referrer no-referrer;
      Date:
      - Mon, 16 May 2016 15:20:26 GMT
      Server:
      - Apache
      Strict-Transport-Security:
      - max-age=31536000; includeSubDomains; preload
      Vary:
      - Accept-Encoding
      X-Accepted-Oauth-Scopes:
      - client
      X-Content-Type-Options:
      - nosniff
      X-Xss-Protection:
      - '0'
      X-Cache:
      - Miss from cloudfront
      Via:
      - 1.1 437acf5020e44b923e28b10f7fccb788.cloudfront.net (CloudFront)
      X-Amz-Cf-Id:
      - tqQildcmfXw3FJ_0aqWAcvoGsuPEEDmF3bXGE9VSYtgocREdPIKN9A==
    body:
      encoding: ASCII-8BIT
      string: '{"ok":false,"error":"not_authed"}'
    http_version: 
  recorded_at: Sat, 01 Feb 2014 11:10:04 GMT
- request:
    method: post
    uri: https://agileventures.slack.com/api/users.admin.invite
    body:
      encoding: US-ASCII
      string: email=daisy%40weber.co&channels=C02G8J689%2CC0285CSUH%2CC02AA0ARR&token
    headers:
      Accept-Encoding:
      - gzip;q=1.0,deflate;q=0.6,identity;q=0.3
      Accept:
      - "*/*"
      User-Agent:
      - Ruby
      Host:
      - agileventures.slack.com
      Content-Type:
      - application/x-www-form-urlencoded
  response:
    status:
      code: 200
      message: OK
    headers:
      Content-Type:
      - application/json; charset=utf-8
      Transfer-Encoding:
      - chunked
      Connection:
      - keep-alive
      Access-Control-Allow-Origin:
      - "*"
      Content-Security-Policy:
      - referrer no-referrer;
      Date:
      - Mon, 16 May 2016 15:20:26 GMT
      Server:
      - Apache
      Strict-Transport-Security:
      - max-age=31536000; includeSubDomains; preload
      Vary:
      - Accept-Encoding
      X-Accepted-Oauth-Scopes:
      - client
      X-Content-Type-Options:
      - nosniff
      X-Xss-Protection:
      - '0'
      X-Cache:
      - Miss from cloudfront
      Via:
      - 1.1 e223f938e1f7716ebc7a1a8faefd0900.cloudfront.net (CloudFront)
      X-Amz-Cf-Id:
      - 5Z3nQIQBMDvUuXgN381P7-Hj1YEC2_86ip9avZvarSqh7t8hkklUkA==
    body:
      encoding: ASCII-8BIT
      string: '{"ok":false,"error":"not_authed"}'
    http_version: 
  recorded_at: Sat, 01 Feb 2014 11:10:04 GMT
- request:
    method: post
    uri: https://agileventures.slack.com/api/users.admin.invite
    body:
      encoding: US-ASCII
      string: email=eveline.schmeler%40hammesmueller.com&channels=C02G8J689%2CC0285CSUH%2CC02AA0ARR&token
    headers:
      Accept-Encoding:
      - gzip;q=1.0,deflate;q=0.6,identity;q=0.3
      Accept:
      - "*/*"
      User-Agent:
      - Ruby
      Host:
      - agileventures.slack.com
      Content-Type:
      - application/x-www-form-urlencoded
  response:
    status:
      code: 200
      message: OK
    headers:
      Content-Type:
      - application/json; charset=utf-8
      Transfer-Encoding:
      - chunked
      Connection:
      - keep-alive
      Access-Control-Allow-Origin:
      - "*"
      Content-Security-Policy:
      - referrer no-referrer;
      Date:
      - Mon, 16 May 2016 15:20:26 GMT
      Server:
      - Apache
      Strict-Transport-Security:
      - max-age=31536000; includeSubDomains; preload
      Vary:
      - Accept-Encoding
      X-Accepted-Oauth-Scopes:
      - client
      X-Content-Type-Options:
      - nosniff
      X-Xss-Protection:
      - '0'
      X-Cache:
      - Miss from cloudfront
      Via:
      - 1.1 f7526e0e5d23dbedce7f37483ef58a35.cloudfront.net (CloudFront)
      X-Amz-Cf-Id:
      - FzlssBJe3U8u8zI1PrUfBsNy9cbPmnPpHRpRzASniW4qKpzJ9yWbnQ==
    body:
      encoding: ASCII-8BIT
      string: '{"ok":false,"error":"not_authed"}'
    http_version: 
  recorded_at: Sat, 01 Feb 2014 11:10:04 GMT
- request:
    method: post
    uri: https://agileventures.slack.com/api/users.admin.invite
    body:
      encoding: US-ASCII
      string: email=dee%40fay.org&channels=C02G8J689%2CC0285CSUH%2CC02AA0ARR&token
    headers:
      Accept-Encoding:
      - gzip;q=1.0,deflate;q=0.6,identity;q=0.3
      Accept:
      - "*/*"
      User-Agent:
      - Ruby
      Host:
      - agileventures.slack.com
      Content-Type:
      - application/x-www-form-urlencoded
  response:
    status:
      code: 200
      message: OK
    headers:
      Content-Type:
      - application/json; charset=utf-8
      Transfer-Encoding:
      - chunked
      Connection:
      - keep-alive
      Access-Control-Allow-Origin:
      - "*"
      Content-Security-Policy:
      - referrer no-referrer;
      Date:
      - Mon, 16 May 2016 15:20:26 GMT
      Server:
      - Apache
      Strict-Transport-Security:
      - max-age=31536000; includeSubDomains; preload
      Vary:
      - Accept-Encoding
      X-Accepted-Oauth-Scopes:
      - client
      X-Content-Type-Options:
      - nosniff
      X-Xss-Protection:
      - '0'
      X-Cache:
      - Miss from cloudfront
      Via:
      - 1.1 18772750c53de4892d3834f606911fc0.cloudfront.net (CloudFront)
      X-Amz-Cf-Id:
      - AKYSsvMnCFfmGvIDMQi-Ia5RQPAHPA9UdvDE39ZeDYQGlfL09jpInQ==
    body:
      encoding: ASCII-8BIT
      string: '{"ok":false,"error":"not_authed"}'
    http_version: 
  recorded_at: Sat, 01 Feb 2014 11:10:04 GMT
- request:
    method: post
    uri: https://agileventures.slack.com/api/users.admin.invite
    body:
      encoding: US-ASCII
      string: email=eladio.hyatt%40mohrlehner.com&channels=C02G8J689%2CC0285CSUH%2CC02AA0ARR&token
    headers:
      Accept-Encoding:
      - gzip;q=1.0,deflate;q=0.6,identity;q=0.3
      Accept:
      - "*/*"
      User-Agent:
      - Ruby
      Host:
      - agileventures.slack.com
      Content-Type:
      - application/x-www-form-urlencoded
  response:
    status:
      code: 200
      message: OK
    headers:
      Content-Type:
      - application/json; charset=utf-8
      Transfer-Encoding:
      - chunked
      Connection:
      - keep-alive
      Access-Control-Allow-Origin:
      - "*"
      Content-Security-Policy:
      - referrer no-referrer;
      Date:
      - Mon, 16 May 2016 15:20:26 GMT
      Server:
      - Apache
      Strict-Transport-Security:
      - max-age=31536000; includeSubDomains; preload
      Vary:
      - Accept-Encoding
      X-Accepted-Oauth-Scopes:
      - client
      X-Content-Type-Options:
      - nosniff
      X-Xss-Protection:
      - '0'
      X-Cache:
      - Miss from cloudfront
      Via:
      - 1.1 6acd4ebf1a0179dd8e00eb58764e453a.cloudfront.net (CloudFront)
      X-Amz-Cf-Id:
      - QMryplFAXN9x_4LG_QzmRc_pSz1LeABJ3hzXTNnDUHFHILmJL9ePBg==
    body:
      encoding: ASCII-8BIT
      string: '{"ok":false,"error":"not_authed"}'
    http_version: 
  recorded_at: Sat, 01 Feb 2014 11:10:04 GMT
- request:
    method: post
    uri: https://agileventures.slack.com/api/users.admin.invite
    body:
      encoding: US-ASCII
      string: email=donald.graham%40eichmannkovacek.info&channels=C02G8J689%2CC0285CSUH%2CC02AA0ARR&token
    headers:
      Accept-Encoding:
      - gzip;q=1.0,deflate;q=0.6,identity;q=0.3
      Accept:
      - "*/*"
      User-Agent:
      - Ruby
      Host:
      - agileventures.slack.com
      Content-Type:
      - application/x-www-form-urlencoded
  response:
    status:
      code: 200
      message: OK
    headers:
      Content-Type:
      - application/json; charset=utf-8
      Transfer-Encoding:
      - chunked
      Connection:
      - keep-alive
      Access-Control-Allow-Origin:
      - "*"
      Content-Security-Policy:
      - referrer no-referrer;
      Date:
      - Mon, 16 May 2016 15:20:26 GMT
      Server:
      - Apache
      Strict-Transport-Security:
      - max-age=31536000; includeSubDomains; preload
      Vary:
      - Accept-Encoding
      X-Accepted-Oauth-Scopes:
      - client
      X-Content-Type-Options:
      - nosniff
      X-Xss-Protection:
      - '0'
      X-Cache:
      - Miss from cloudfront
      Via:
      - 1.1 41d0ea27e141b983263dc5529dcc1ea5.cloudfront.net (CloudFront)
      X-Amz-Cf-Id:
      - or1pegXmrS3ZUOnJqLam-urj2dj1vOv2_y8JF6AQq01FJ7RTwd1-DA==
    body:
      encoding: ASCII-8BIT
      string: '{"ok":false,"error":"not_authed"}'
    http_version: 
  recorded_at: Sat, 01 Feb 2014 11:10:04 GMT
- request:
    method: post
    uri: https://agileventures.slack.com/api/users.admin.invite
    body:
      encoding: US-ASCII
      string: email=lindsey%40runolfonpfannerstill.net&channels=C02G8J689%2CC0285CSUH%2CC02AA0ARR&token
    headers:
      Accept-Encoding:
      - gzip;q=1.0,deflate;q=0.6,identity;q=0.3
      Accept:
      - "*/*"
      User-Agent:
      - Ruby
      Host:
      - agileventures.slack.com
      Content-Type:
      - application/x-www-form-urlencoded
  response:
    status:
      code: 200
      message: OK
    headers:
      Content-Type:
      - application/json; charset=utf-8
      Transfer-Encoding:
      - chunked
      Connection:
      - keep-alive
      Access-Control-Allow-Origin:
      - "*"
      Content-Security-Policy:
      - referrer no-referrer;
      Date:
      - Mon, 16 May 2016 15:20:27 GMT
      Server:
      - Apache
      Strict-Transport-Security:
      - max-age=31536000; includeSubDomains; preload
      Vary:
      - Accept-Encoding
      X-Accepted-Oauth-Scopes:
      - client
      X-Content-Type-Options:
      - nosniff
      X-Xss-Protection:
      - '0'
      X-Cache:
      - Miss from cloudfront
      Via:
      - 1.1 18772750c53de4892d3834f606911fc0.cloudfront.net (CloudFront)
      X-Amz-Cf-Id:
      - rx0iog9sT6GJohbjDRTIX6WHTds5n9t89YPzhj57tyX078nNsSMIaw==
    body:
      encoding: ASCII-8BIT
      string: '{"ok":false,"error":"not_authed"}'
    http_version: 
  recorded_at: Sat, 01 Feb 2014 11:10:04 GMT
- request:
    method: post
    uri: https://agileventures.slack.com/api/users.admin.invite
    body:
      encoding: US-ASCII
      string: email=cyril_stracke%40erdman.biz&channels=C02G8J689%2CC0285CSUH%2CC02AA0ARR&token
    headers:
      Accept-Encoding:
      - gzip;q=1.0,deflate;q=0.6,identity;q=0.3
      Accept:
      - "*/*"
      User-Agent:
      - Ruby
      Host:
      - agileventures.slack.com
      Content-Type:
      - application/x-www-form-urlencoded
  response:
    status:
      code: 200
      message: OK
    headers:
      Content-Type:
      - application/json; charset=utf-8
      Transfer-Encoding:
      - chunked
      Connection:
      - keep-alive
      Access-Control-Allow-Origin:
      - "*"
      Content-Security-Policy:
      - referrer no-referrer;
      Date:
      - Mon, 16 May 2016 15:20:27 GMT
      Server:
      - Apache
      Strict-Transport-Security:
      - max-age=31536000; includeSubDomains; preload
      Vary:
      - Accept-Encoding
      X-Accepted-Oauth-Scopes:
      - client
      X-Content-Type-Options:
      - nosniff
      X-Xss-Protection:
      - '0'
      X-Cache:
      - Miss from cloudfront
      Via:
      - 1.1 a0dce0e49d06dce2c392604440772209.cloudfront.net (CloudFront)
      X-Amz-Cf-Id:
      - cl8ip_VbZ8ENjkCKEVsHskWdtacBIU6KheL247XtSvYc7US71tjXTA==
    body:
      encoding: ASCII-8BIT
      string: '{"ok":false,"error":"not_authed"}'
    http_version: 
  recorded_at: Sat, 01 Feb 2014 11:10:04 GMT
- request:
    method: post
    uri: https://agileventures.slack.com/api/users.admin.invite
    body:
      encoding: US-ASCII
      string: email=spencer%40halvorson.biz&channels=C02G8J689%2CC0285CSUH%2CC02AA0ARR&token
    headers:
      Accept-Encoding:
      - gzip;q=1.0,deflate;q=0.6,identity;q=0.3
      Accept:
      - "*/*"
      User-Agent:
      - Ruby
      Host:
      - agileventures.slack.com
      Content-Type:
      - application/x-www-form-urlencoded
  response:
    status:
      code: 200
      message: OK
    headers:
      Content-Type:
      - application/json; charset=utf-8
      Transfer-Encoding:
      - chunked
      Connection:
      - keep-alive
      Access-Control-Allow-Origin:
      - "*"
      Content-Security-Policy:
      - referrer no-referrer;
      Date:
      - Mon, 16 May 2016 15:20:27 GMT
      Server:
      - Apache
      Strict-Transport-Security:
      - max-age=31536000; includeSubDomains; preload
      Vary:
      - Accept-Encoding
      X-Accepted-Oauth-Scopes:
      - client
      X-Content-Type-Options:
      - nosniff
      X-Xss-Protection:
      - '0'
      X-Cache:
      - Miss from cloudfront
      Via:
      - 1.1 d1201a6f66026e2a6d778a9fd9208986.cloudfront.net (CloudFront)
      X-Amz-Cf-Id:
      - w4SlBhCpmbDB0W-nAttWVK2LWRnWiF0j3Fu4zJrZ9KDjjIsviiGcgg==
    body:
      encoding: ASCII-8BIT
      string: '{"ok":false,"error":"not_authed"}'
    http_version: 
  recorded_at: Sat, 01 Feb 2014 11:10:04 GMT
- request:
    method: post
    uri: https://agileventures.slack.com/api/users.admin.invite
    body:
      encoding: US-ASCII
      string: email=connie.howe%40connwisozk.name&channels=C02G8J689%2CC0285CSUH%2CC02AA0ARR&token
    headers:
      Accept-Encoding:
      - gzip;q=1.0,deflate;q=0.6,identity;q=0.3
      Accept:
      - "*/*"
      User-Agent:
      - Ruby
      Host:
      - agileventures.slack.com
      Content-Type:
      - application/x-www-form-urlencoded
  response:
    status:
      code: 200
      message: OK
    headers:
      Content-Type:
      - application/json; charset=utf-8
      Transfer-Encoding:
      - chunked
      Connection:
      - keep-alive
      Access-Control-Allow-Origin:
      - "*"
      Content-Security-Policy:
      - referrer no-referrer;
      Date:
      - Mon, 16 May 2016 15:20:27 GMT
      Server:
      - Apache
      Strict-Transport-Security:
      - max-age=31536000; includeSubDomains; preload
      Vary:
      - Accept-Encoding
      X-Accepted-Oauth-Scopes:
      - client
      X-Content-Type-Options:
      - nosniff
      X-Xss-Protection:
      - '0'
      X-Cache:
      - Miss from cloudfront
      Via:
      - 1.1 51c76241371dfc20d25094a51b4759eb.cloudfront.net (CloudFront)
      X-Amz-Cf-Id:
      - Z1HCotKurh-C_LIRPHImrftel8AsACVvqGSxBPfbX9AVC764_aNB5g==
    body:
      encoding: ASCII-8BIT
      string: '{"ok":false,"error":"not_authed"}'
    http_version: 
  recorded_at: Sat, 01 Feb 2014 11:10:04 GMT
- request:
    method: post
    uri: https://agileventures.slack.com/api/users.admin.invite
    body:
      encoding: US-ASCII
      string: email=anais%40mcglynn.name&channels=C02G8J689%2CC0285CSUH%2CC02AA0ARR&token
    headers:
      Accept-Encoding:
      - gzip;q=1.0,deflate;q=0.6,identity;q=0.3
      Accept:
      - "*/*"
      User-Agent:
      - Ruby
      Host:
      - agileventures.slack.com
      Content-Type:
      - application/x-www-form-urlencoded
  response:
    status:
      code: 200
      message: OK
    headers:
      Content-Type:
      - application/json; charset=utf-8
      Transfer-Encoding:
      - chunked
      Connection:
      - keep-alive
      Access-Control-Allow-Origin:
      - "*"
      Content-Security-Policy:
      - referrer no-referrer;
      Date:
      - Mon, 16 May 2016 15:20:27 GMT
      Server:
      - Apache
      Strict-Transport-Security:
      - max-age=31536000; includeSubDomains; preload
      Vary:
      - Accept-Encoding
      X-Accepted-Oauth-Scopes:
      - client
      X-Content-Type-Options:
      - nosniff
      X-Xss-Protection:
      - '0'
      X-Cache:
      - Miss from cloudfront
      Via:
      - 1.1 18772750c53de4892d3834f606911fc0.cloudfront.net (CloudFront)
      X-Amz-Cf-Id:
      - a2REWAUhRmx04sYOgPgxxuQ-dQgkESnM-I0P7Tk-O0B8HLZrEhSkoA==
    body:
      encoding: ASCII-8BIT
      string: '{"ok":false,"error":"not_authed"}'
    http_version: 
  recorded_at: Sat, 01 Feb 2014 11:10:04 GMT
- request:
    method: post
    uri: https://agileventures.slack.com/api/users.admin.invite
    body:
      encoding: US-ASCII
      string: email=merl_dicki%40kling.name&channels=C02G8J689%2CC0285CSUH%2CC02AA0ARR&token
    headers:
      Accept-Encoding:
      - gzip;q=1.0,deflate;q=0.6,identity;q=0.3
      Accept:
      - "*/*"
      User-Agent:
      - Ruby
      Host:
      - agileventures.slack.com
      Content-Type:
      - application/x-www-form-urlencoded
  response:
    status:
      code: 200
      message: OK
    headers:
      Content-Type:
      - application/json; charset=utf-8
      Transfer-Encoding:
      - chunked
      Connection:
      - keep-alive
      Access-Control-Allow-Origin:
      - "*"
      Content-Security-Policy:
      - referrer no-referrer;
      Date:
      - Mon, 16 May 2016 15:20:27 GMT
      Server:
      - Apache
      Strict-Transport-Security:
      - max-age=31536000; includeSubDomains; preload
      Vary:
      - Accept-Encoding
      X-Accepted-Oauth-Scopes:
      - client
      X-Content-Type-Options:
      - nosniff
      X-Xss-Protection:
      - '0'
      X-Cache:
      - Miss from cloudfront
      Via:
      - 1.1 beac5709ceeeaf96d399084af8eedb9c.cloudfront.net (CloudFront)
      X-Amz-Cf-Id:
      - 5xubbn2bO_SW_2yho1DGzj3QYUlYdpCR7gJv8E692z0IoT7uc7UE_w==
    body:
      encoding: ASCII-8BIT
      string: '{"ok":false,"error":"not_authed"}'
    http_version: 
  recorded_at: Sat, 01 Feb 2014 11:10:04 GMT
- request:
    method: post
    uri: https://agileventures.slack.com/api/users.admin.invite
    body:
      encoding: US-ASCII
      string: email=mellie_bins%40trantow.org&channels=C02G8J689%2CC0285CSUH%2CC02AA0ARR&token
    headers:
      Accept-Encoding:
      - gzip;q=1.0,deflate;q=0.6,identity;q=0.3
      Accept:
      - "*/*"
      User-Agent:
      - Ruby
      Host:
      - agileventures.slack.com
      Content-Type:
      - application/x-www-form-urlencoded
  response:
    status:
      code: 200
      message: OK
    headers:
      Content-Type:
      - application/json; charset=utf-8
      Transfer-Encoding:
      - chunked
      Connection:
      - keep-alive
      Access-Control-Allow-Origin:
      - "*"
      Content-Security-Policy:
      - referrer no-referrer;
      Date:
      - Mon, 16 May 2016 15:20:27 GMT
      Server:
      - Apache
      Strict-Transport-Security:
      - max-age=31536000; includeSubDomains; preload
      Vary:
      - Accept-Encoding
      X-Accepted-Oauth-Scopes:
      - client
      X-Content-Type-Options:
      - nosniff
      X-Xss-Protection:
      - '0'
      X-Cache:
      - Miss from cloudfront
      Via:
      - 1.1 beac5709ceeeaf96d399084af8eedb9c.cloudfront.net (CloudFront)
      X-Amz-Cf-Id:
      - Y8J5X2QzuSYU_X0spf1lEjHb2LAURn4ySAfjzgAV0dNP--6dAgps3A==
    body:
      encoding: ASCII-8BIT
      string: '{"ok":false,"error":"not_authed"}'
    http_version: 
  recorded_at: Sat, 01 Feb 2014 11:10:04 GMT
- request:
    method: post
    uri: https://agileventures.slack.com/api/users.admin.invite
    body:
      encoding: US-ASCII
      string: email=daniella.hahn%40monahan.io&channels=C02G8J689%2CC0285CSUH%2CC02AA0ARR&token
    headers:
      Accept-Encoding:
      - gzip;q=1.0,deflate;q=0.6,identity;q=0.3
      Accept:
      - "*/*"
      User-Agent:
      - Ruby
      Host:
      - agileventures.slack.com
      Content-Type:
      - application/x-www-form-urlencoded
  response:
    status:
      code: 200
      message: OK
    headers:
      Content-Type:
      - application/json; charset=utf-8
      Transfer-Encoding:
      - chunked
      Connection:
      - keep-alive
      Access-Control-Allow-Origin:
      - "*"
      Content-Security-Policy:
      - referrer no-referrer;
      Date:
      - Mon, 16 May 2016 15:20:27 GMT
      Server:
      - Apache
      Strict-Transport-Security:
      - max-age=31536000; includeSubDomains; preload
      Vary:
      - Accept-Encoding
      X-Accepted-Oauth-Scopes:
      - client
      X-Content-Type-Options:
      - nosniff
      X-Xss-Protection:
      - '0'
      X-Cache:
      - Miss from cloudfront
      Via:
      - 1.1 978c00aff85cbe1b9a35711178037d78.cloudfront.net (CloudFront)
      X-Amz-Cf-Id:
      - 5AiWRj1dVH-hwM7d9F9FnwFd0gKpgFA_P6z1i_guEE6xKbfQ-b12oQ==
    body:
      encoding: ASCII-8BIT
      string: '{"ok":false,"error":"not_authed"}'
    http_version: 
  recorded_at: Sat, 01 Feb 2014 11:10:04 GMT
- request:
    method: post
    uri: https://agileventures.slack.com/api/users.admin.invite
    body:
      encoding: US-ASCII
      string: email=ari_kuvalis%40sawaynosinski.com&channels=C02G8J689%2CC0285CSUH%2CC02AA0ARR&token
    headers:
      Accept-Encoding:
      - gzip;q=1.0,deflate;q=0.6,identity;q=0.3
      Accept:
      - "*/*"
      User-Agent:
      - Ruby
      Host:
      - agileventures.slack.com
      Content-Type:
      - application/x-www-form-urlencoded
  response:
    status:
      code: 200
      message: OK
    headers:
      Content-Type:
      - application/json; charset=utf-8
      Transfer-Encoding:
      - chunked
      Connection:
      - keep-alive
      Access-Control-Allow-Origin:
      - "*"
      Content-Security-Policy:
      - referrer no-referrer;
      Date:
      - Mon, 16 May 2016 15:20:27 GMT
      Server:
      - Apache
      Strict-Transport-Security:
      - max-age=31536000; includeSubDomains; preload
      Vary:
      - Accept-Encoding
      X-Accepted-Oauth-Scopes:
      - client
      X-Content-Type-Options:
      - nosniff
      X-Xss-Protection:
      - '0'
      X-Cache:
      - Miss from cloudfront
      Via:
      - 1.1 af0026eff6aa67e35633804eadacfc60.cloudfront.net (CloudFront)
      X-Amz-Cf-Id:
      - xXJR523xg0TzJnogTf47Tm_n-cpMV26rc5-Tk-9B5ROaVp8M1Ob0Zw==
    body:
      encoding: ASCII-8BIT
      string: '{"ok":false,"error":"not_authed"}'
    http_version: 
  recorded_at: Sat, 01 Feb 2014 11:10:04 GMT
- request:
    method: post
    uri: https://agileventures.slack.com/api/users.admin.invite
    body:
      encoding: US-ASCII
      string: email=ashtyn%40heaney.org&channels=C02G8J689%2CC0285CSUH%2CC02AA0ARR&token
    headers:
      Accept-Encoding:
      - gzip;q=1.0,deflate;q=0.6,identity;q=0.3
      Accept:
      - "*/*"
      User-Agent:
      - Ruby
      Host:
      - agileventures.slack.com
      Content-Type:
      - application/x-www-form-urlencoded
  response:
    status:
      code: 200
      message: OK
    headers:
      Content-Type:
      - application/json; charset=utf-8
      Transfer-Encoding:
      - chunked
      Connection:
      - keep-alive
      Access-Control-Allow-Origin:
      - "*"
      Content-Security-Policy:
      - referrer no-referrer;
      Date:
      - Mon, 16 May 2016 15:20:27 GMT
      Server:
      - Apache
      Strict-Transport-Security:
      - max-age=31536000; includeSubDomains; preload
      Vary:
      - Accept-Encoding
      X-Accepted-Oauth-Scopes:
      - client
      X-Content-Type-Options:
      - nosniff
      X-Xss-Protection:
      - '0'
      X-Cache:
      - Miss from cloudfront
      Via:
      - 1.1 253721461f577318527fb5be095b5061.cloudfront.net (CloudFront)
      X-Amz-Cf-Id:
      - jF__nIj-pIFdHeoiEEHihIImZ9D84ygNZGLWCYZdqcGbyfwoKJYTLQ==
    body:
      encoding: ASCII-8BIT
      string: '{"ok":false,"error":"not_authed"}'
    http_version: 
  recorded_at: Sat, 01 Feb 2014 11:10:04 GMT
- request:
    method: post
    uri: https://agileventures.slack.com/api/users.admin.invite
    body:
      encoding: US-ASCII
      string: email=gage%40green.org&channels=C02G8J689%2CC0285CSUH%2CC02AA0ARR&token
    headers:
      Accept-Encoding:
      - gzip;q=1.0,deflate;q=0.6,identity;q=0.3
      Accept:
      - "*/*"
      User-Agent:
      - Ruby
      Host:
      - agileventures.slack.com
      Content-Type:
      - application/x-www-form-urlencoded
  response:
    status:
      code: 200
      message: OK
    headers:
      Content-Type:
      - application/json; charset=utf-8
      Transfer-Encoding:
      - chunked
      Connection:
      - keep-alive
      Access-Control-Allow-Origin:
      - "*"
      Content-Security-Policy:
      - referrer no-referrer;
      Date:
      - Mon, 16 May 2016 15:20:27 GMT
      Server:
      - Apache
      Strict-Transport-Security:
      - max-age=31536000; includeSubDomains; preload
      Vary:
      - Accept-Encoding
      X-Accepted-Oauth-Scopes:
      - client
      X-Content-Type-Options:
      - nosniff
      X-Xss-Protection:
      - '0'
      X-Cache:
      - Miss from cloudfront
      Via:
      - 1.1 a0dce0e49d06dce2c392604440772209.cloudfront.net (CloudFront)
      X-Amz-Cf-Id:
      - togN1OHt7BeXD4kquvjD68hVr55bI69M9KR8bXth6zPL_Sbhz7939Q==
    body:
      encoding: ASCII-8BIT
      string: '{"ok":false,"error":"not_authed"}'
    http_version: 
  recorded_at: Sat, 01 Feb 2014 11:10:05 GMT
- request:
    method: post
    uri: https://agileventures.slack.com/api/users.admin.invite
    body:
      encoding: US-ASCII
      string: email=madelynn%40heller.name&channels=C02G8J689%2CC0285CSUH%2CC02AA0ARR&token
    headers:
      Accept-Encoding:
      - gzip;q=1.0,deflate;q=0.6,identity;q=0.3
      Accept:
      - "*/*"
      User-Agent:
      - Ruby
      Host:
      - agileventures.slack.com
      Content-Type:
      - application/x-www-form-urlencoded
  response:
    status:
      code: 200
      message: OK
    headers:
      Content-Type:
      - application/json; charset=utf-8
      Transfer-Encoding:
      - chunked
      Connection:
      - keep-alive
      Access-Control-Allow-Origin:
      - "*"
      Content-Security-Policy:
      - referrer no-referrer;
      Date:
      - Mon, 16 May 2016 15:20:27 GMT
      Server:
      - Apache
      Strict-Transport-Security:
      - max-age=31536000; includeSubDomains; preload
      Vary:
      - Accept-Encoding
      X-Accepted-Oauth-Scopes:
      - client
      X-Content-Type-Options:
      - nosniff
      X-Xss-Protection:
      - '0'
      X-Cache:
      - Miss from cloudfront
      Via:
      - 1.1 316430958c7664ce84a9544466b4155f.cloudfront.net (CloudFront)
      X-Amz-Cf-Id:
      - DWJOWaWRc47y0Q8wtWLlYEBzeh9lU8oBjg91_4HyFQB8q_qzE39P7g==
    body:
      encoding: ASCII-8BIT
      string: '{"ok":false,"error":"not_authed"}'
    http_version: 
  recorded_at: Sat, 01 Feb 2014 11:10:05 GMT
- request:
    method: post
    uri: https://agileventures.slack.com/api/users.admin.invite
    body:
      encoding: US-ASCII
      string: email=concepcion%40dare.info&channels=C02G8J689%2CC0285CSUH%2CC02AA0ARR&token
    headers:
      Accept-Encoding:
      - gzip;q=1.0,deflate;q=0.6,identity;q=0.3
      Accept:
      - "*/*"
      User-Agent:
      - Ruby
      Host:
      - agileventures.slack.com
      Content-Type:
      - application/x-www-form-urlencoded
  response:
    status:
      code: 200
      message: OK
    headers:
      Content-Type:
      - application/json; charset=utf-8
      Transfer-Encoding:
      - chunked
      Connection:
      - keep-alive
      Access-Control-Allow-Origin:
      - "*"
      Content-Security-Policy:
      - referrer no-referrer;
      Date:
      - Mon, 16 May 2016 15:20:27 GMT
      Server:
      - Apache
      Strict-Transport-Security:
      - max-age=31536000; includeSubDomains; preload
      Vary:
      - Accept-Encoding
      X-Accepted-Oauth-Scopes:
      - client
      X-Content-Type-Options:
      - nosniff
      X-Xss-Protection:
      - '0'
      X-Cache:
      - Miss from cloudfront
      Via:
      - 1.1 a159febffcf57c34f04c221aa4db939c.cloudfront.net (CloudFront)
      X-Amz-Cf-Id:
      - "-S9kFpQuOkmbtJGcMS-pUeEwUDbFFpQ9eyYqyAJKiyzl56TfCvLHRw=="
    body:
      encoding: ASCII-8BIT
      string: '{"ok":false,"error":"not_authed"}'
    http_version: 
  recorded_at: Sat, 01 Feb 2014 11:10:05 GMT
- request:
    method: post
    uri: https://agileventures.slack.com/api/users.admin.invite
    body:
      encoding: US-ASCII
      string: email=anastacio%40krismcclure.biz&channels=C02G8J689%2CC0285CSUH%2CC02AA0ARR&token
    headers:
      Accept-Encoding:
      - gzip;q=1.0,deflate;q=0.6,identity;q=0.3
      Accept:
      - "*/*"
      User-Agent:
      - Ruby
      Host:
      - agileventures.slack.com
      Content-Type:
      - application/x-www-form-urlencoded
  response:
    status:
      code: 200
      message: OK
    headers:
      Content-Type:
      - application/json; charset=utf-8
      Transfer-Encoding:
      - chunked
      Connection:
      - keep-alive
      Access-Control-Allow-Origin:
      - "*"
      Content-Security-Policy:
      - referrer no-referrer;
      Date:
      - Mon, 16 May 2016 15:20:27 GMT
      Server:
      - Apache
      Strict-Transport-Security:
      - max-age=31536000; includeSubDomains; preload
      Vary:
      - Accept-Encoding
      X-Accepted-Oauth-Scopes:
      - client
      X-Content-Type-Options:
      - nosniff
      X-Xss-Protection:
      - '0'
      X-Cache:
      - Miss from cloudfront
      Via:
      - 1.1 3fd5c92e1c5215f08f0dbd6059f21be4.cloudfront.net (CloudFront)
      X-Amz-Cf-Id:
      - JdNXMQQuRb-fUehl3hI_RRfnRv0MjdhUlPIT19OLxrR8j3aA8NOzig==
    body:
      encoding: ASCII-8BIT
      string: '{"ok":false,"error":"not_authed"}'
    http_version: 
  recorded_at: Sat, 01 Feb 2014 11:10:05 GMT
- request:
    method: post
    uri: https://agileventures.slack.com/api/users.admin.invite
    body:
      encoding: US-ASCII
      string: email=ed%40murazik.info&channels=C02G8J689%2CC0285CSUH%2CC02AA0ARR&token
    headers:
      Accept-Encoding:
      - gzip;q=1.0,deflate;q=0.6,identity;q=0.3
      Accept:
      - "*/*"
      User-Agent:
      - Ruby
      Host:
      - agileventures.slack.com
      Content-Type:
      - application/x-www-form-urlencoded
  response:
    status:
      code: 200
      message: OK
    headers:
      Content-Type:
      - application/json; charset=utf-8
      Transfer-Encoding:
      - chunked
      Connection:
      - keep-alive
      Access-Control-Allow-Origin:
      - "*"
      Content-Security-Policy:
      - referrer no-referrer;
      Date:
      - Mon, 16 May 2016 15:20:28 GMT
      Server:
      - Apache
      Strict-Transport-Security:
      - max-age=31536000; includeSubDomains; preload
      Vary:
      - Accept-Encoding
      X-Accepted-Oauth-Scopes:
      - client
      X-Content-Type-Options:
      - nosniff
      X-Xss-Protection:
      - '0'
      X-Cache:
      - Miss from cloudfront
      Via:
      - 1.1 a159febffcf57c34f04c221aa4db939c.cloudfront.net (CloudFront)
      X-Amz-Cf-Id:
      - eqF3grJI_THL8li4b8Jc_jl7LAb4rH5m_aaLN9CeCYjbOig_K9iNMA==
    body:
      encoding: ASCII-8BIT
      string: '{"ok":false,"error":"not_authed"}'
    http_version: 
  recorded_at: Sat, 01 Feb 2014 11:10:05 GMT
- request:
    method: post
    uri: https://agileventures.slack.com/api/users.admin.invite
    body:
      encoding: US-ASCII
      string: email=cleo_jenkins%40gorczany.co&channels=C02G8J689%2CC0285CSUH%2CC02AA0ARR&token
    headers:
      Accept-Encoding:
      - gzip;q=1.0,deflate;q=0.6,identity;q=0.3
      Accept:
      - "*/*"
      User-Agent:
      - Ruby
      Host:
      - agileventures.slack.com
      Content-Type:
      - application/x-www-form-urlencoded
  response:
    status:
      code: 200
      message: OK
    headers:
      Content-Type:
      - application/json; charset=utf-8
      Transfer-Encoding:
      - chunked
      Connection:
      - keep-alive
      Access-Control-Allow-Origin:
      - "*"
      Content-Security-Policy:
      - referrer no-referrer;
      Date:
      - Mon, 16 May 2016 15:20:28 GMT
      Server:
      - Apache
      Strict-Transport-Security:
      - max-age=31536000; includeSubDomains; preload
      Vary:
      - Accept-Encoding
      X-Accepted-Oauth-Scopes:
      - client
      X-Content-Type-Options:
      - nosniff
      X-Xss-Protection:
      - '0'
      X-Cache:
      - Miss from cloudfront
      Via:
      - 1.1 5cb08f1fdb064b6046c3b17fe92559f8.cloudfront.net (CloudFront)
      X-Amz-Cf-Id:
      - AGzPjAzAKEXhhpFS-vDXSarjO_Ic91V-Igj928fgn_kEL0uu4TaggA==
    body:
      encoding: ASCII-8BIT
      string: '{"ok":false,"error":"not_authed"}'
    http_version: 
  recorded_at: Sat, 01 Feb 2014 11:10:05 GMT
- request:
    method: post
    uri: https://agileventures.slack.com/api/users.admin.invite
    body:
      encoding: US-ASCII
      string: email=joesph.rippin%40bednar.io&channels=C02G8J689%2CC0285CSUH%2CC02AA0ARR&token
    headers:
      Accept-Encoding:
      - gzip;q=1.0,deflate;q=0.6,identity;q=0.3
      Accept:
      - "*/*"
      User-Agent:
      - Ruby
      Host:
      - agileventures.slack.com
      Content-Type:
      - application/x-www-form-urlencoded
  response:
    status:
      code: 200
      message: OK
    headers:
      Content-Type:
      - application/json; charset=utf-8
      Transfer-Encoding:
      - chunked
      Connection:
      - keep-alive
      Access-Control-Allow-Origin:
      - "*"
      Content-Security-Policy:
      - referrer no-referrer;
      Date:
      - Mon, 16 May 2016 15:20:28 GMT
      Server:
      - Apache
      Strict-Transport-Security:
      - max-age=31536000; includeSubDomains; preload
      Vary:
      - Accept-Encoding
      X-Accepted-Oauth-Scopes:
      - client
      X-Content-Type-Options:
      - nosniff
      X-Xss-Protection:
      - '0'
      X-Cache:
      - Miss from cloudfront
      Via:
      - 1.1 5cb08f1fdb064b6046c3b17fe92559f8.cloudfront.net (CloudFront)
      X-Amz-Cf-Id:
      - 53u6uHZcTjSYML1nszRldlaaJ03JHynyurT66SxzObcGGGsj-zRTtA==
    body:
      encoding: ASCII-8BIT
      string: '{"ok":false,"error":"not_authed"}'
    http_version: 
  recorded_at: Sat, 01 Feb 2014 11:10:05 GMT
- request:
    method: post
    uri: https://agileventures.slack.com/api/users.admin.invite
    body:
      encoding: US-ASCII
      string: email=zachary.skiles%40mitchell.com&channels=C02G8J689%2CC0285CSUH%2CC02AA0ARR&token
    headers:
      Accept-Encoding:
      - gzip;q=1.0,deflate;q=0.6,identity;q=0.3
      Accept:
      - "*/*"
      User-Agent:
      - Ruby
      Host:
      - agileventures.slack.com
      Content-Type:
      - application/x-www-form-urlencoded
  response:
    status:
      code: 200
      message: OK
    headers:
      Content-Type:
      - application/json; charset=utf-8
      Transfer-Encoding:
      - chunked
      Connection:
      - keep-alive
      Access-Control-Allow-Origin:
      - "*"
      Content-Security-Policy:
      - referrer no-referrer;
      Date:
      - Mon, 16 May 2016 15:20:28 GMT
      Server:
      - Apache
      Strict-Transport-Security:
      - max-age=31536000; includeSubDomains; preload
      Vary:
      - Accept-Encoding
      X-Accepted-Oauth-Scopes:
      - client
      X-Content-Type-Options:
      - nosniff
      X-Xss-Protection:
      - '0'
      X-Cache:
      - Miss from cloudfront
      Via:
      - 1.1 73388dc3c76783aef93703e1dfb340e2.cloudfront.net (CloudFront)
      X-Amz-Cf-Id:
      - XLRsdt7TdLrFPS-jljZbRCudBfwRYQxxeK9Gbpf6IEctdWt0r_HfFg==
    body:
      encoding: ASCII-8BIT
      string: '{"ok":false,"error":"not_authed"}'
    http_version: 
  recorded_at: Sat, 01 Feb 2014 11:10:05 GMT
- request:
    method: post
    uri: https://agileventures.slack.com/api/users.admin.invite
    body:
      encoding: US-ASCII
      string: email=jayde.kulas%40langworth.biz&channels=C02G8J689%2CC0285CSUH%2CC02AA0ARR&token
    headers:
      Accept-Encoding:
      - gzip;q=1.0,deflate;q=0.6,identity;q=0.3
      Accept:
      - "*/*"
      User-Agent:
      - Ruby
      Host:
      - agileventures.slack.com
      Content-Type:
      - application/x-www-form-urlencoded
  response:
    status:
      code: 200
      message: OK
    headers:
      Content-Type:
      - application/json; charset=utf-8
      Transfer-Encoding:
      - chunked
      Connection:
      - keep-alive
      Access-Control-Allow-Origin:
      - "*"
      Content-Security-Policy:
      - referrer no-referrer;
      Date:
      - Mon, 16 May 2016 15:20:28 GMT
      Server:
      - Apache
      Strict-Transport-Security:
      - max-age=31536000; includeSubDomains; preload
      Vary:
      - Accept-Encoding
      X-Accepted-Oauth-Scopes:
      - client
      X-Content-Type-Options:
      - nosniff
      X-Xss-Protection:
      - '0'
      X-Cache:
      - Miss from cloudfront
      Via:
      - 1.1 a8623b1ea6a727cf5b0f8a0b166400a4.cloudfront.net (CloudFront)
      X-Amz-Cf-Id:
      - x34xa_Nr5b4n18h8RbqY6Ws4aH6Q0lr9V0RyK_7IKKNT88avj_8SNA==
    body:
      encoding: ASCII-8BIT
      string: '{"ok":false,"error":"not_authed"}'
    http_version: 
  recorded_at: Sat, 01 Feb 2014 11:10:05 GMT
- request:
    method: post
    uri: https://agileventures.slack.com/api/users.admin.invite
    body:
      encoding: US-ASCII
      string: email=rogelio.towne%40will.co&channels=C02G8J689%2CC0285CSUH%2CC02AA0ARR&token
    headers:
      Accept-Encoding:
      - gzip;q=1.0,deflate;q=0.6,identity;q=0.3
      Accept:
      - "*/*"
      User-Agent:
      - Ruby
      Host:
      - agileventures.slack.com
      Content-Type:
      - application/x-www-form-urlencoded
  response:
    status:
      code: 200
      message: OK
    headers:
      Content-Type:
      - application/json; charset=utf-8
      Transfer-Encoding:
      - chunked
      Connection:
      - keep-alive
      Access-Control-Allow-Origin:
      - "*"
      Content-Security-Policy:
      - referrer no-referrer;
      Date:
      - Mon, 16 May 2016 15:20:28 GMT
      Server:
      - Apache
      Strict-Transport-Security:
      - max-age=31536000; includeSubDomains; preload
      Vary:
      - Accept-Encoding
      X-Accepted-Oauth-Scopes:
      - client
      X-Content-Type-Options:
      - nosniff
      X-Xss-Protection:
      - '0'
      X-Cache:
      - Miss from cloudfront
      Via:
      - 1.1 a8623b1ea6a727cf5b0f8a0b166400a4.cloudfront.net (CloudFront)
      X-Amz-Cf-Id:
      - boY0JNbGWPLovU8ZpODtD3V1q5Vo8sKqOwNGBqataH4sqml5U0GB9g==
    body:
      encoding: ASCII-8BIT
      string: '{"ok":false,"error":"not_authed"}'
    http_version: 
  recorded_at: Sat, 01 Feb 2014 11:10:05 GMT
- request:
    method: post
    uri: https://agileventures.slack.com/api/users.admin.invite
    body:
      encoding: US-ASCII
      string: email=verna_goodwin%40cummingsmetz.info&channels=C02G8J689%2CC0285CSUH%2CC02AA0ARR&token
    headers:
      Accept-Encoding:
      - gzip;q=1.0,deflate;q=0.6,identity;q=0.3
      Accept:
      - "*/*"
      User-Agent:
      - Ruby
      Host:
      - agileventures.slack.com
      Content-Type:
      - application/x-www-form-urlencoded
  response:
    status:
      code: 200
      message: OK
    headers:
      Content-Type:
      - application/json; charset=utf-8
      Transfer-Encoding:
      - chunked
      Connection:
      - keep-alive
      Access-Control-Allow-Origin:
      - "*"
      Content-Security-Policy:
      - referrer no-referrer;
      Date:
      - Mon, 16 May 2016 15:20:28 GMT
      Server:
      - Apache
      Strict-Transport-Security:
      - max-age=31536000; includeSubDomains; preload
      Vary:
      - Accept-Encoding
      X-Accepted-Oauth-Scopes:
      - client
      X-Content-Type-Options:
      - nosniff
      X-Xss-Protection:
      - '0'
      X-Cache:
      - Miss from cloudfront
      Via:
      - 1.1 5cb08f1fdb064b6046c3b17fe92559f8.cloudfront.net (CloudFront)
      X-Amz-Cf-Id:
      - kWo-uyeGAJ7uEaukm964_-bsBvaaMSkSCZQN2I8FlU5r-E8p0NomRQ==
    body:
      encoding: ASCII-8BIT
      string: '{"ok":false,"error":"not_authed"}'
    http_version: 
  recorded_at: Sat, 01 Feb 2014 11:10:05 GMT
- request:
    method: post
    uri: https://agileventures.slack.com/api/users.admin.invite
    body:
      encoding: US-ASCII
      string: email=timmothy%40cruickshankkuhic.org&channels=C02G8J689%2CC0285CSUH%2CC02AA0ARR&token
    headers:
      Accept-Encoding:
      - gzip;q=1.0,deflate;q=0.6,identity;q=0.3
      Accept:
      - "*/*"
      User-Agent:
      - Ruby
      Host:
      - agileventures.slack.com
      Content-Type:
      - application/x-www-form-urlencoded
  response:
    status:
      code: 200
      message: OK
    headers:
      Content-Type:
      - application/json; charset=utf-8
      Transfer-Encoding:
      - chunked
      Connection:
      - keep-alive
      Access-Control-Allow-Origin:
      - "*"
      Content-Security-Policy:
      - referrer no-referrer;
      Date:
      - Mon, 16 May 2016 15:20:28 GMT
      Server:
      - Apache
      Strict-Transport-Security:
      - max-age=31536000; includeSubDomains; preload
      Vary:
      - Accept-Encoding
      X-Accepted-Oauth-Scopes:
      - client
      X-Content-Type-Options:
      - nosniff
      X-Xss-Protection:
      - '0'
      X-Cache:
      - Miss from cloudfront
      Via:
      - 1.1 be6e9f1c9fc10c0ed71d69327915bac2.cloudfront.net (CloudFront)
      X-Amz-Cf-Id:
      - JKOhFg8CnSIIOTJ-nVOcV9CJ0BNCMUB77LoBoDe_I00nxS0c12WLSw==
    body:
      encoding: ASCII-8BIT
      string: '{"ok":false,"error":"not_authed"}'
    http_version: 
  recorded_at: Sat, 01 Feb 2014 11:10:05 GMT
- request:
    method: post
    uri: https://agileventures.slack.com/api/users.admin.invite
    body:
      encoding: US-ASCII
      string: email=norval_braun%40bashirian.net&channels=C02G8J689%2CC0285CSUH%2CC02AA0ARR&token
    headers:
      Accept-Encoding:
      - gzip;q=1.0,deflate;q=0.6,identity;q=0.3
      Accept:
      - "*/*"
      User-Agent:
      - Ruby
      Host:
      - agileventures.slack.com
      Content-Type:
      - application/x-www-form-urlencoded
  response:
    status:
      code: 200
      message: OK
    headers:
      Content-Type:
      - application/json; charset=utf-8
      Transfer-Encoding:
      - chunked
      Connection:
      - keep-alive
      Access-Control-Allow-Origin:
      - "*"
      Content-Security-Policy:
      - referrer no-referrer;
      Date:
      - Mon, 16 May 2016 15:20:28 GMT
      Server:
      - Apache
      Strict-Transport-Security:
      - max-age=31536000; includeSubDomains; preload
      Vary:
      - Accept-Encoding
      X-Accepted-Oauth-Scopes:
      - client
      X-Content-Type-Options:
      - nosniff
      X-Xss-Protection:
      - '0'
      X-Cache:
      - Miss from cloudfront
      Via:
      - 1.1 a0dce0e49d06dce2c392604440772209.cloudfront.net (CloudFront)
      X-Amz-Cf-Id:
      - 84YDEnVr6QeEPm1QZkQKRiIBZnITKPYy_bAJxbv_C8f6aUfHhTcK3g==
    body:
      encoding: ASCII-8BIT
      string: '{"ok":false,"error":"not_authed"}'
    http_version: 
  recorded_at: Sat, 01 Feb 2014 11:10:06 GMT
- request:
    method: post
    uri: https://agileventures.slack.com/api/users.admin.invite
    body:
      encoding: US-ASCII
      string: email=helena%40vonschamberger.com&channels=C02G8J689%2CC0285CSUH%2CC02AA0ARR&token
    headers:
      Accept-Encoding:
      - gzip;q=1.0,deflate;q=0.6,identity;q=0.3
      Accept:
      - "*/*"
      User-Agent:
      - Ruby
      Host:
      - agileventures.slack.com
      Content-Type:
      - application/x-www-form-urlencoded
  response:
    status:
      code: 200
      message: OK
    headers:
      Content-Type:
      - application/json; charset=utf-8
      Transfer-Encoding:
      - chunked
      Connection:
      - keep-alive
      Access-Control-Allow-Origin:
      - "*"
      Content-Security-Policy:
      - referrer no-referrer;
      Date:
      - Mon, 16 May 2016 15:20:28 GMT
      Server:
      - Apache
      Strict-Transport-Security:
      - max-age=31536000; includeSubDomains; preload
      Vary:
      - Accept-Encoding
      X-Accepted-Oauth-Scopes:
      - client
      X-Content-Type-Options:
      - nosniff
      X-Xss-Protection:
      - '0'
      X-Cache:
      - Miss from cloudfront
      Via:
      - 1.1 a0dce0e49d06dce2c392604440772209.cloudfront.net (CloudFront)
      X-Amz-Cf-Id:
      - Cs6rq0NGkgLjQQBDAydty9hKDySQJODbwG1cyqAV0eZ7VhXwwd6rVQ==
    body:
      encoding: ASCII-8BIT
      string: '{"ok":false,"error":"not_authed"}'
    http_version: 
  recorded_at: Sat, 01 Feb 2014 11:10:06 GMT
- request:
    method: post
    uri: https://agileventures.slack.com/api/users.admin.invite
    body:
      encoding: US-ASCII
      string: email=tristian.murphy%40kuhnkuhic.io&channels=C02G8J689%2CC0285CSUH%2CC02AA0ARR&token
    headers:
      Accept-Encoding:
      - gzip;q=1.0,deflate;q=0.6,identity;q=0.3
      Accept:
      - "*/*"
      User-Agent:
      - Ruby
      Host:
      - agileventures.slack.com
      Content-Type:
      - application/x-www-form-urlencoded
  response:
    status:
      code: 200
      message: OK
    headers:
      Content-Type:
      - application/json; charset=utf-8
      Transfer-Encoding:
      - chunked
      Connection:
      - keep-alive
      Access-Control-Allow-Origin:
      - "*"
      Content-Security-Policy:
      - referrer no-referrer;
      Date:
      - Mon, 16 May 2016 15:20:28 GMT
      Server:
      - Apache
      Strict-Transport-Security:
      - max-age=31536000; includeSubDomains; preload
      Vary:
      - Accept-Encoding
      X-Accepted-Oauth-Scopes:
      - client
      X-Content-Type-Options:
      - nosniff
      X-Xss-Protection:
      - '0'
      X-Cache:
      - Miss from cloudfront
      Via:
      - 1.1 6a6df28ba724cd2b086b92e42724bedf.cloudfront.net (CloudFront)
      X-Amz-Cf-Id:
      - 08NqC9nCJn47glHGHPuUGUQ7wfsU6E3BWLBmsrQZkrTygt9YCG2L4Q==
    body:
      encoding: ASCII-8BIT
      string: '{"ok":false,"error":"not_authed"}'
    http_version: 
  recorded_at: Sat, 01 Feb 2014 11:10:06 GMT
- request:
    method: post
    uri: https://agileventures.slack.com/api/users.admin.invite
    body:
      encoding: US-ASCII
      string: email=jeramy_johnston%40kiehngreenholt.com&channels=C02G8J689%2CC0285CSUH%2CC02AA0ARR&token
    headers:
      Accept-Encoding:
      - gzip;q=1.0,deflate;q=0.6,identity;q=0.3
      Accept:
      - "*/*"
      User-Agent:
      - Ruby
      Host:
      - agileventures.slack.com
      Content-Type:
      - application/x-www-form-urlencoded
  response:
    status:
      code: 200
      message: OK
    headers:
      Content-Type:
      - application/json; charset=utf-8
      Transfer-Encoding:
      - chunked
      Connection:
      - keep-alive
      Access-Control-Allow-Origin:
      - "*"
      Content-Security-Policy:
      - referrer no-referrer;
      Date:
      - Mon, 16 May 2016 15:20:28 GMT
      Server:
      - Apache
      Strict-Transport-Security:
      - max-age=31536000; includeSubDomains; preload
      Vary:
      - Accept-Encoding
      X-Accepted-Oauth-Scopes:
      - client
      X-Content-Type-Options:
      - nosniff
      X-Xss-Protection:
      - '0'
      X-Cache:
      - Miss from cloudfront
      Via:
      - 1.1 047d3a9e23f0016e74a43fb997cbd212.cloudfront.net (CloudFront)
      X-Amz-Cf-Id:
      - m8KaHyhGyEB0qwyC3WhFyCt8vo-xLxpI1mhTlre_h_yAKij7yGZQUg==
    body:
      encoding: ASCII-8BIT
      string: '{"ok":false,"error":"not_authed"}'
    http_version: 
  recorded_at: Sat, 01 Feb 2014 11:10:06 GMT
- request:
    method: post
    uri: https://agileventures.slack.com/api/users.admin.invite
    body:
      encoding: US-ASCII
      string: email=rebeca%40stanton.info&channels=C02G8J689%2CC0285CSUH%2CC02AA0ARR&token
    headers:
      Accept-Encoding:
      - gzip;q=1.0,deflate;q=0.6,identity;q=0.3
      Accept:
      - "*/*"
      User-Agent:
      - Ruby
      Host:
      - agileventures.slack.com
      Content-Type:
      - application/x-www-form-urlencoded
  response:
    status:
      code: 200
      message: OK
    headers:
      Content-Type:
      - application/json; charset=utf-8
      Transfer-Encoding:
      - chunked
      Connection:
      - keep-alive
      Access-Control-Allow-Origin:
      - "*"
      Content-Security-Policy:
      - referrer no-referrer;
      Date:
      - Mon, 16 May 2016 15:20:28 GMT
      Server:
      - Apache
      Strict-Transport-Security:
      - max-age=31536000; includeSubDomains; preload
      Vary:
      - Accept-Encoding
      X-Accepted-Oauth-Scopes:
      - client
      X-Content-Type-Options:
      - nosniff
      X-Xss-Protection:
      - '0'
      X-Cache:
      - Miss from cloudfront
      Via:
      - 1.1 565c5243db2ec940986d684b1d27280f.cloudfront.net (CloudFront)
      X-Amz-Cf-Id:
      - NGL6Sqg6hT4-G3bx2VWdBDMD-msRK3bY6ykRcUbuMmBurwC51KCuAQ==
    body:
      encoding: ASCII-8BIT
      string: '{"ok":false,"error":"not_authed"}'
    http_version: 
  recorded_at: Sat, 01 Feb 2014 11:10:06 GMT
- request:
    method: post
    uri: https://agileventures.slack.com/api/users.admin.invite
    body:
      encoding: US-ASCII
      string: email=leanne%40ohara.co&channels=C02G8J689%2CC0285CSUH%2CC02AA0ARR&token
    headers:
      Accept-Encoding:
      - gzip;q=1.0,deflate;q=0.6,identity;q=0.3
      Accept:
      - "*/*"
      User-Agent:
      - Ruby
      Host:
      - agileventures.slack.com
      Content-Type:
      - application/x-www-form-urlencoded
  response:
    status:
      code: 200
      message: OK
    headers:
      Content-Type:
      - application/json; charset=utf-8
      Transfer-Encoding:
      - chunked
      Connection:
      - keep-alive
      Access-Control-Allow-Origin:
      - "*"
      Content-Security-Policy:
      - referrer no-referrer;
      Date:
      - Mon, 16 May 2016 15:20:28 GMT
      Server:
      - Apache
      Strict-Transport-Security:
      - max-age=31536000; includeSubDomains; preload
      Vary:
      - Accept-Encoding
      X-Accepted-Oauth-Scopes:
      - client
      X-Content-Type-Options:
      - nosniff
      X-Xss-Protection:
      - '0'
      X-Cache:
      - Miss from cloudfront
      Via:
      - 1.1 f7526e0e5d23dbedce7f37483ef58a35.cloudfront.net (CloudFront)
      X-Amz-Cf-Id:
      - bHx5ljYE-tFfuMAM_K-9Ox549c8F4jvVCIlmM7mMeL2JAGAe_fWyLw==
    body:
      encoding: ASCII-8BIT
      string: '{"ok":false,"error":"not_authed"}'
    http_version: 
  recorded_at: Sat, 01 Feb 2014 11:10:06 GMT
- request:
    method: post
    uri: https://agileventures.slack.com/api/users.admin.invite
    body:
      encoding: US-ASCII
      string: email=desmond%40schimmelschinner.com&channels=C02G8J689%2CC0285CSUH%2CC02AA0ARR&token
    headers:
      Accept-Encoding:
      - gzip;q=1.0,deflate;q=0.6,identity;q=0.3
      Accept:
      - "*/*"
      User-Agent:
      - Ruby
      Host:
      - agileventures.slack.com
      Content-Type:
      - application/x-www-form-urlencoded
  response:
    status:
      code: 200
      message: OK
    headers:
      Content-Type:
      - application/json; charset=utf-8
      Transfer-Encoding:
      - chunked
      Connection:
      - keep-alive
      Access-Control-Allow-Origin:
      - "*"
      Content-Security-Policy:
      - referrer no-referrer;
      Date:
      - Mon, 16 May 2016 15:20:29 GMT
      Server:
      - Apache
      Strict-Transport-Security:
      - max-age=31536000; includeSubDomains; preload
      Vary:
      - Accept-Encoding
      X-Accepted-Oauth-Scopes:
      - client
      X-Content-Type-Options:
      - nosniff
      X-Xss-Protection:
      - '0'
      X-Cache:
      - Miss from cloudfront
      Via:
      - 1.1 73388dc3c76783aef93703e1dfb340e2.cloudfront.net (CloudFront)
      X-Amz-Cf-Id:
      - RG25OMRuvrEf18V_6c4sUDqHs3xh9Uj2E_LpaLrdBlZaOS6LSHizPw==
    body:
      encoding: ASCII-8BIT
      string: '{"ok":false,"error":"not_authed"}'
    http_version: 
  recorded_at: Sat, 01 Feb 2014 11:10:06 GMT
- request:
    method: post
    uri: https://agileventures.slack.com/api/users.admin.invite
    body:
      encoding: US-ASCII
      string: email=retha_hills%40brown.info&channels=C02G8J689%2CC0285CSUH%2CC02AA0ARR&token
    headers:
      Accept-Encoding:
      - gzip;q=1.0,deflate;q=0.6,identity;q=0.3
      Accept:
      - "*/*"
      User-Agent:
      - Ruby
      Host:
      - agileventures.slack.com
      Content-Type:
      - application/x-www-form-urlencoded
  response:
    status:
      code: 200
      message: OK
    headers:
      Content-Type:
      - application/json; charset=utf-8
      Transfer-Encoding:
      - chunked
      Connection:
      - keep-alive
      Access-Control-Allow-Origin:
      - "*"
      Content-Security-Policy:
      - referrer no-referrer;
      Date:
      - Mon, 16 May 2016 15:20:29 GMT
      Server:
      - Apache
      Strict-Transport-Security:
      - max-age=31536000; includeSubDomains; preload
      Vary:
      - Accept-Encoding
      X-Accepted-Oauth-Scopes:
      - client
      X-Content-Type-Options:
      - nosniff
      X-Xss-Protection:
      - '0'
      X-Cache:
      - Miss from cloudfront
      Via:
      - 1.1 253721461f577318527fb5be095b5061.cloudfront.net (CloudFront)
      X-Amz-Cf-Id:
      - KOHeEmFD9P3JpGigsU2ml-FrxEXfoPzBbMFIvnV5HVEuPzxtqTViAg==
    body:
      encoding: ASCII-8BIT
      string: '{"ok":false,"error":"not_authed"}'
    http_version: 
  recorded_at: Sat, 01 Feb 2014 11:10:06 GMT
- request:
    method: post
    uri: https://agileventures.slack.com/api/users.admin.invite
    body:
      encoding: US-ASCII
      string: email=bruce%40kuvalisbins.biz&channels=C02G8J689%2CC0285CSUH%2CC02AA0ARR&token
    headers:
      Accept-Encoding:
      - gzip;q=1.0,deflate;q=0.6,identity;q=0.3
      Accept:
      - "*/*"
      User-Agent:
      - Ruby
      Host:
      - agileventures.slack.com
      Content-Type:
      - application/x-www-form-urlencoded
  response:
    status:
      code: 200
      message: OK
    headers:
      Content-Type:
      - application/json; charset=utf-8
      Transfer-Encoding:
      - chunked
      Connection:
      - keep-alive
      Access-Control-Allow-Origin:
      - "*"
      Content-Security-Policy:
      - referrer no-referrer;
      Date:
      - Mon, 16 May 2016 15:20:29 GMT
      Server:
      - Apache
      Strict-Transport-Security:
      - max-age=31536000; includeSubDomains; preload
      Vary:
      - Accept-Encoding
      X-Accepted-Oauth-Scopes:
      - client
      X-Content-Type-Options:
      - nosniff
      X-Xss-Protection:
      - '0'
      X-Cache:
      - Miss from cloudfront
      Via:
      - 1.1 a159febffcf57c34f04c221aa4db939c.cloudfront.net (CloudFront)
      X-Amz-Cf-Id:
      - EDj_iLw1IInGgbZKCPco52egTONVJYHytGBHfC8tUtQe44Z_Cgh_Vw==
    body:
      encoding: ASCII-8BIT
      string: '{"ok":false,"error":"not_authed"}'
    http_version: 
  recorded_at: Sat, 01 Feb 2014 11:10:06 GMT
- request:
    method: post
    uri: https://agileventures.slack.com/api/users.admin.invite
    body:
      encoding: US-ASCII
      string: email=jaycee.kutch%40gerhold.org&channels=C02G8J689%2CC0285CSUH%2CC02AA0ARR&token
    headers:
      Accept-Encoding:
      - gzip;q=1.0,deflate;q=0.6,identity;q=0.3
      Accept:
      - "*/*"
      User-Agent:
      - Ruby
      Host:
      - agileventures.slack.com
      Content-Type:
      - application/x-www-form-urlencoded
  response:
    status:
      code: 200
      message: OK
    headers:
      Content-Type:
      - application/json; charset=utf-8
      Transfer-Encoding:
      - chunked
      Connection:
      - keep-alive
      Access-Control-Allow-Origin:
      - "*"
      Content-Security-Policy:
      - referrer no-referrer;
      Date:
      - Mon, 16 May 2016 15:20:29 GMT
      Server:
      - Apache
      Strict-Transport-Security:
      - max-age=31536000; includeSubDomains; preload
      Vary:
      - Accept-Encoding
      X-Accepted-Oauth-Scopes:
      - client
      X-Content-Type-Options:
      - nosniff
      X-Xss-Protection:
      - '0'
      X-Cache:
      - Miss from cloudfront
      Via:
      - 1.1 d5da2738774b6f83465e13845679d084.cloudfront.net (CloudFront)
      X-Amz-Cf-Id:
      - C_RfTqZxkIYRH4HRrRpDW7GR6B50QzYJ_O92Cqw-1OTp92fZ8cLdpA==
    body:
      encoding: ASCII-8BIT
      string: '{"ok":false,"error":"not_authed"}'
    http_version: 
  recorded_at: Sat, 01 Feb 2014 11:10:06 GMT
- request:
    method: post
    uri: https://agileventures.slack.com/api/users.admin.invite
    body:
      encoding: US-ASCII
      string: email=mariana_osinski%40schaefer.io&channels=C02G8J689%2CC0285CSUH%2CC02AA0ARR&token
    headers:
      Accept-Encoding:
      - gzip;q=1.0,deflate;q=0.6,identity;q=0.3
      Accept:
      - "*/*"
      User-Agent:
      - Ruby
      Host:
      - agileventures.slack.com
      Content-Type:
      - application/x-www-form-urlencoded
  response:
    status:
      code: 200
      message: OK
    headers:
      Content-Type:
      - application/json; charset=utf-8
      Transfer-Encoding:
      - chunked
      Connection:
      - keep-alive
      Access-Control-Allow-Origin:
      - "*"
      Content-Security-Policy:
      - referrer no-referrer;
      Date:
      - Mon, 16 May 2016 15:20:29 GMT
      Server:
      - Apache
      Strict-Transport-Security:
      - max-age=31536000; includeSubDomains; preload
      Vary:
      - Accept-Encoding
      X-Accepted-Oauth-Scopes:
      - client
      X-Content-Type-Options:
      - nosniff
      X-Xss-Protection:
      - '0'
      X-Cache:
      - Miss from cloudfront
      Via:
      - 1.1 be6e9f1c9fc10c0ed71d69327915bac2.cloudfront.net (CloudFront)
      X-Amz-Cf-Id:
      - 3G22IMXei0KWuaHa_SMX0DT9VpwpzcYdTd3R-MYpXosoOpMP9Deo5A==
    body:
      encoding: ASCII-8BIT
      string: '{"ok":false,"error":"not_authed"}'
    http_version: 
  recorded_at: Sat, 01 Feb 2014 11:10:06 GMT
- request:
    method: post
    uri: https://agileventures.slack.com/api/users.admin.invite
    body:
      encoding: US-ASCII
      string: email=tad_mills%40hilllkoch.org&channels=C02G8J689%2CC0285CSUH%2CC02AA0ARR&token
    headers:
      Accept-Encoding:
      - gzip;q=1.0,deflate;q=0.6,identity;q=0.3
      Accept:
      - "*/*"
      User-Agent:
      - Ruby
      Host:
      - agileventures.slack.com
      Content-Type:
      - application/x-www-form-urlencoded
  response:
    status:
      code: 200
      message: OK
    headers:
      Content-Type:
      - application/json; charset=utf-8
      Transfer-Encoding:
      - chunked
      Connection:
      - keep-alive
      Access-Control-Allow-Origin:
      - "*"
      Content-Security-Policy:
      - referrer no-referrer;
      Date:
      - Mon, 16 May 2016 15:20:29 GMT
      Server:
      - Apache
      Strict-Transport-Security:
      - max-age=31536000; includeSubDomains; preload
      Vary:
      - Accept-Encoding
      X-Accepted-Oauth-Scopes:
      - client
      X-Content-Type-Options:
      - nosniff
      X-Xss-Protection:
      - '0'
      X-Cache:
      - Miss from cloudfront
      Via:
      - 1.1 c4ff8a7ab32ae47f65347ecd5f30a4e6.cloudfront.net (CloudFront)
      X-Amz-Cf-Id:
      - 5rmlli_6CoupVmhr2ml-1nTQi655xyHK9tfLQ-tGZV_wVTbRkDJ3Jg==
    body:
      encoding: ASCII-8BIT
      string: '{"ok":false,"error":"not_authed"}'
    http_version: 
  recorded_at: Sat, 01 Feb 2014 11:10:06 GMT
- request:
    method: post
    uri: https://agileventures.slack.com/api/users.admin.invite
    body:
      encoding: US-ASCII
      string: email=ryleigh_pacocha%40rutherfordankunding.name&channels=C02G8J689%2CC0285CSUH%2CC02AA0ARR&token
    headers:
      Accept-Encoding:
      - gzip;q=1.0,deflate;q=0.6,identity;q=0.3
      Accept:
      - "*/*"
      User-Agent:
      - Ruby
      Host:
      - agileventures.slack.com
      Content-Type:
      - application/x-www-form-urlencoded
  response:
    status:
      code: 200
      message: OK
    headers:
      Content-Type:
      - application/json; charset=utf-8
      Transfer-Encoding:
      - chunked
      Connection:
      - keep-alive
      Access-Control-Allow-Origin:
      - "*"
      Content-Security-Policy:
      - referrer no-referrer;
      Date:
      - Mon, 16 May 2016 15:20:29 GMT
      Server:
      - Apache
      Strict-Transport-Security:
      - max-age=31536000; includeSubDomains; preload
      Vary:
      - Accept-Encoding
      X-Accepted-Oauth-Scopes:
      - client
      X-Content-Type-Options:
      - nosniff
      X-Xss-Protection:
      - '0'
      X-Cache:
      - Miss from cloudfront
      Via:
      - 1.1 437acf5020e44b923e28b10f7fccb788.cloudfront.net (CloudFront)
      X-Amz-Cf-Id:
      - Kk5HHkF9jmEXkcSsDGbt8xKcM5e3thWmGCkUGax5ijf7_0kFpqHL6g==
    body:
      encoding: ASCII-8BIT
      string: '{"ok":false,"error":"not_authed"}'
    http_version: 
  recorded_at: Sat, 01 Feb 2014 11:10:06 GMT
- request:
    method: post
    uri: https://agileventures.slack.com/api/users.admin.invite
    body:
      encoding: US-ASCII
      string: email=nichole%40greenfelderblanda.co&channels=C02G8J689%2CC0285CSUH%2CC02AA0ARR&token
    headers:
      Accept-Encoding:
      - gzip;q=1.0,deflate;q=0.6,identity;q=0.3
      Accept:
      - "*/*"
      User-Agent:
      - Ruby
      Host:
      - agileventures.slack.com
      Content-Type:
      - application/x-www-form-urlencoded
  response:
    status:
      code: 200
      message: OK
    headers:
      Content-Type:
      - application/json; charset=utf-8
      Transfer-Encoding:
      - chunked
      Connection:
      - keep-alive
      Access-Control-Allow-Origin:
      - "*"
      Content-Security-Policy:
      - referrer no-referrer;
      Date:
      - Mon, 16 May 2016 15:20:29 GMT
      Server:
      - Apache
      Strict-Transport-Security:
      - max-age=31536000; includeSubDomains; preload
      Vary:
      - Accept-Encoding
      X-Accepted-Oauth-Scopes:
      - client
      X-Content-Type-Options:
      - nosniff
      X-Xss-Protection:
      - '0'
      X-Cache:
      - Miss from cloudfront
      Via:
      - 1.1 437acf5020e44b923e28b10f7fccb788.cloudfront.net (CloudFront)
      X-Amz-Cf-Id:
      - FTSu1YmZfooLW348w3j9Vnh0gzdqisPrg58iHLo7QBxSxQEZAjLl0A==
    body:
      encoding: ASCII-8BIT
      string: '{"ok":false,"error":"not_authed"}'
    http_version: 
  recorded_at: Sat, 01 Feb 2014 11:10:06 GMT
- request:
    method: post
    uri: https://agileventures.slack.com/api/users.admin.invite
    body:
      encoding: US-ASCII
      string: email=karley.bednar%40sipes.org&channels=C02G8J689%2CC0285CSUH%2CC02AA0ARR&token
    headers:
      Accept-Encoding:
      - gzip;q=1.0,deflate;q=0.6,identity;q=0.3
      Accept:
      - "*/*"
      User-Agent:
      - Ruby
      Host:
      - agileventures.slack.com
      Content-Type:
      - application/x-www-form-urlencoded
  response:
    status:
      code: 200
      message: OK
    headers:
      Content-Type:
      - application/json; charset=utf-8
      Transfer-Encoding:
      - chunked
      Connection:
      - keep-alive
      Access-Control-Allow-Origin:
      - "*"
      Content-Security-Policy:
      - referrer no-referrer;
      Date:
      - Mon, 16 May 2016 15:20:29 GMT
      Server:
      - Apache
      Strict-Transport-Security:
      - max-age=31536000; includeSubDomains; preload
      Vary:
      - Accept-Encoding
      X-Accepted-Oauth-Scopes:
      - client
      X-Content-Type-Options:
      - nosniff
      X-Xss-Protection:
      - '0'
      X-Cache:
      - Miss from cloudfront
      Via:
      - 1.1 beac5709ceeeaf96d399084af8eedb9c.cloudfront.net (CloudFront)
      X-Amz-Cf-Id:
      - gCroWxXy4auzGp-a4KM-T87-M-1a4ZgMLLTuStdwShBhAU8xWceEaA==
    body:
      encoding: ASCII-8BIT
      string: '{"ok":false,"error":"not_authed"}'
    http_version: 
  recorded_at: Sat, 01 Feb 2014 11:10:07 GMT
- request:
    method: post
    uri: https://agileventures.slack.com/api/users.admin.invite
    body:
      encoding: US-ASCII
      string: email=genevieve%40lakin.biz&channels=C02G8J689%2CC0285CSUH%2CC02AA0ARR&token
    headers:
      Accept-Encoding:
      - gzip;q=1.0,deflate;q=0.6,identity;q=0.3
      Accept:
      - "*/*"
      User-Agent:
      - Ruby
      Host:
      - agileventures.slack.com
      Content-Type:
      - application/x-www-form-urlencoded
  response:
    status:
      code: 200
      message: OK
    headers:
      Content-Type:
      - application/json; charset=utf-8
      Transfer-Encoding:
      - chunked
      Connection:
      - keep-alive
      Access-Control-Allow-Origin:
      - "*"
      Content-Security-Policy:
      - referrer no-referrer;
      Date:
      - Mon, 16 May 2016 15:20:29 GMT
      Server:
      - Apache
      Strict-Transport-Security:
      - max-age=31536000; includeSubDomains; preload
      Vary:
      - Accept-Encoding
      X-Accepted-Oauth-Scopes:
      - client
      X-Content-Type-Options:
      - nosniff
      X-Xss-Protection:
      - '0'
      X-Cache:
      - Miss from cloudfront
      Via:
      - 1.1 dbdd67063f01c39bd9e0f02db8431258.cloudfront.net (CloudFront)
      X-Amz-Cf-Id:
      - 3mv7lgTaBo7269j9BZ8ZffToNlSZ3tjn_-U8zwtmCzK6dZxoME9Omw==
    body:
      encoding: ASCII-8BIT
      string: '{"ok":false,"error":"not_authed"}'
    http_version: 
  recorded_at: Sat, 01 Feb 2014 11:10:07 GMT
- request:
    method: post
    uri: https://agileventures.slack.com/api/users.admin.invite
    body:
      encoding: US-ASCII
      string: email=emelia%40braunwolff.name&channels=C02G8J689%2CC0285CSUH%2CC02AA0ARR&token
    headers:
      Accept-Encoding:
      - gzip;q=1.0,deflate;q=0.6,identity;q=0.3
      Accept:
      - "*/*"
      User-Agent:
      - Ruby
      Host:
      - agileventures.slack.com
      Content-Type:
      - application/x-www-form-urlencoded
  response:
    status:
      code: 200
      message: OK
    headers:
      Content-Type:
      - application/json; charset=utf-8
      Transfer-Encoding:
      - chunked
      Connection:
      - keep-alive
      Access-Control-Allow-Origin:
      - "*"
      Content-Security-Policy:
      - referrer no-referrer;
      Date:
      - Mon, 16 May 2016 15:20:29 GMT
      Server:
      - Apache
      Strict-Transport-Security:
      - max-age=31536000; includeSubDomains; preload
      Vary:
      - Accept-Encoding
      X-Accepted-Oauth-Scopes:
      - client
      X-Content-Type-Options:
      - nosniff
      X-Xss-Protection:
      - '0'
      X-Cache:
      - Miss from cloudfront
      Via:
      - 1.1 253721461f577318527fb5be095b5061.cloudfront.net (CloudFront)
      X-Amz-Cf-Id:
      - t896eEdyCRFaz-TmWSri3hrlIUknakwhZ2j9-ZiUqiMqx2GY_Epbtg==
    body:
      encoding: ASCII-8BIT
      string: '{"ok":false,"error":"not_authed"}'
    http_version: 
  recorded_at: Sat, 01 Feb 2014 11:10:07 GMT
- request:
    method: post
    uri: https://agileventures.slack.com/api/users.admin.invite
    body:
      encoding: US-ASCII
      string: email=judah%40kuhlmancremin.co&channels=C02G8J689%2CC0285CSUH%2CC02AA0ARR&token
    headers:
      Accept-Encoding:
      - gzip;q=1.0,deflate;q=0.6,identity;q=0.3
      Accept:
      - "*/*"
      User-Agent:
      - Ruby
      Host:
      - agileventures.slack.com
      Content-Type:
      - application/x-www-form-urlencoded
  response:
    status:
      code: 200
      message: OK
    headers:
      Content-Type:
      - application/json; charset=utf-8
      Transfer-Encoding:
      - chunked
      Connection:
      - keep-alive
      Access-Control-Allow-Origin:
      - "*"
      Content-Security-Policy:
      - referrer no-referrer;
      Date:
      - Mon, 16 May 2016 15:20:29 GMT
      Server:
      - Apache
      Strict-Transport-Security:
      - max-age=31536000; includeSubDomains; preload
      Vary:
      - Accept-Encoding
      X-Accepted-Oauth-Scopes:
      - client
      X-Content-Type-Options:
      - nosniff
      X-Xss-Protection:
      - '0'
      X-Cache:
      - Miss from cloudfront
      Via:
      - 1.1 2f58837c73ff25163966d00a02414d37.cloudfront.net (CloudFront)
      X-Amz-Cf-Id:
      - z4Ga9ot_fGHx6oGyaLa3cOEVZBcqtyYNnf4HqUK_Mw4TYhvstxmn9g==
    body:
      encoding: ASCII-8BIT
      string: '{"ok":false,"error":"not_authed"}'
    http_version: 
  recorded_at: Sat, 01 Feb 2014 11:10:07 GMT
- request:
    method: post
    uri: https://agileventures.slack.com/api/users.admin.invite
    body:
      encoding: US-ASCII
      string: email=clemmie%40satterfield.io&channels=C02G8J689%2CC0285CSUH%2CC02AA0ARR&token
    headers:
      Accept-Encoding:
      - gzip;q=1.0,deflate;q=0.6,identity;q=0.3
      Accept:
      - "*/*"
      User-Agent:
      - Ruby
      Host:
      - agileventures.slack.com
      Content-Type:
      - application/x-www-form-urlencoded
  response:
    status:
      code: 200
      message: OK
    headers:
      Content-Type:
      - application/json; charset=utf-8
      Transfer-Encoding:
      - chunked
      Connection:
      - keep-alive
      Access-Control-Allow-Origin:
      - "*"
      Content-Security-Policy:
      - referrer no-referrer;
      Date:
      - Mon, 16 May 2016 15:20:29 GMT
      Server:
      - Apache
      Strict-Transport-Security:
      - max-age=31536000; includeSubDomains; preload
      Vary:
      - Accept-Encoding
      X-Accepted-Oauth-Scopes:
      - client
      X-Content-Type-Options:
      - nosniff
      X-Xss-Protection:
      - '0'
      X-Cache:
      - Miss from cloudfront
      Via:
      - 1.1 6a6df28ba724cd2b086b92e42724bedf.cloudfront.net (CloudFront)
      X-Amz-Cf-Id:
      - gUPzjikmNlWvllPHK_84arWoeDn9ZG3Sbpd1CtSbQXJthW5hsj3Wmg==
    body:
      encoding: ASCII-8BIT
      string: '{"ok":false,"error":"not_authed"}'
    http_version: 
  recorded_at: Sat, 01 Feb 2014 11:10:07 GMT
- request:
    method: post
    uri: https://agileventures.slack.com/api/users.admin.invite
    body:
      encoding: US-ASCII
      string: email=te%40weber.info&channels=C02G8J689%2CC0285CSUH%2CC02AA0ARR&token
    headers:
      Accept-Encoding:
      - gzip;q=1.0,deflate;q=0.6,identity;q=0.3
      Accept:
      - "*/*"
      User-Agent:
      - Ruby
      Host:
      - agileventures.slack.com
      Content-Type:
      - application/x-www-form-urlencoded
  response:
    status:
      code: 200
      message: OK
    headers:
      Content-Type:
      - application/json; charset=utf-8
      Transfer-Encoding:
      - chunked
      Connection:
      - keep-alive
      Access-Control-Allow-Origin:
      - "*"
      Content-Security-Policy:
      - referrer no-referrer;
      Date:
      - Mon, 16 May 2016 15:20:29 GMT
      Server:
      - Apache
      Strict-Transport-Security:
      - max-age=31536000; includeSubDomains; preload
      Vary:
      - Accept-Encoding
      X-Accepted-Oauth-Scopes:
      - client
      X-Content-Type-Options:
      - nosniff
      X-Xss-Protection:
      - '0'
      X-Cache:
      - Miss from cloudfront
      Via:
      - 1.1 3f664d29b735d0f07574fc4382fb0221.cloudfront.net (CloudFront)
      X-Amz-Cf-Id:
      - QzIUM-sHKgBJNDifyuPv9Umets7wplk2nlCGCKx5pCd1wc1sXJlYpw==
    body:
      encoding: ASCII-8BIT
      string: '{"ok":false,"error":"not_authed"}'
    http_version: 
  recorded_at: Sat, 01 Feb 2014 11:10:07 GMT
- request:
    method: post
    uri: https://agileventures.slack.com/api/users.admin.invite
    body:
      encoding: US-ASCII
      string: email=katelyn.douglas%40beckerratke.io&channels=C02G8J689%2CC0285CSUH%2CC02AA0ARR&token
    headers:
      Accept-Encoding:
      - gzip;q=1.0,deflate;q=0.6,identity;q=0.3
      Accept:
      - "*/*"
      User-Agent:
      - Ruby
      Host:
      - agileventures.slack.com
      Content-Type:
      - application/x-www-form-urlencoded
  response:
    status:
      code: 200
      message: OK
    headers:
      Content-Type:
      - application/json; charset=utf-8
      Transfer-Encoding:
      - chunked
      Connection:
      - keep-alive
      Access-Control-Allow-Origin:
      - "*"
      Content-Security-Policy:
      - referrer no-referrer;
      Date:
      - Mon, 16 May 2016 15:20:30 GMT
      Server:
      - Apache
      Strict-Transport-Security:
      - max-age=31536000; includeSubDomains; preload
      Vary:
      - Accept-Encoding
      X-Accepted-Oauth-Scopes:
      - client
      X-Content-Type-Options:
      - nosniff
      X-Xss-Protection:
      - '0'
      X-Cache:
      - Miss from cloudfront
      Via:
      - 1.1 6a6df28ba724cd2b086b92e42724bedf.cloudfront.net (CloudFront)
      X-Amz-Cf-Id:
      - YJ2TvO-_N47SR0RSqf-gy1cnp_ivwSRqhMFFk5S84OkxE8fnQchofQ==
    body:
      encoding: ASCII-8BIT
      string: '{"ok":false,"error":"not_authed"}'
    http_version: 
  recorded_at: Sat, 01 Feb 2014 11:10:07 GMT
- request:
    method: post
    uri: https://agileventures.slack.com/api/users.admin.invite
    body:
      encoding: US-ASCII
      string: email=peyton_strosin%40frami.co&channels=C02G8J689%2CC0285CSUH%2CC02AA0ARR&token
    headers:
      Accept-Encoding:
      - gzip;q=1.0,deflate;q=0.6,identity;q=0.3
      Accept:
      - "*/*"
      User-Agent:
      - Ruby
      Host:
      - agileventures.slack.com
      Content-Type:
      - application/x-www-form-urlencoded
  response:
    status:
      code: 200
      message: OK
    headers:
      Content-Type:
      - application/json; charset=utf-8
      Transfer-Encoding:
      - chunked
      Connection:
      - keep-alive
      Access-Control-Allow-Origin:
      - "*"
      Content-Security-Policy:
      - referrer no-referrer;
      Date:
      - Mon, 16 May 2016 15:20:30 GMT
      Server:
      - Apache
      Strict-Transport-Security:
      - max-age=31536000; includeSubDomains; preload
      Vary:
      - Accept-Encoding
      X-Accepted-Oauth-Scopes:
      - client
      X-Content-Type-Options:
      - nosniff
      X-Xss-Protection:
      - '0'
      X-Cache:
      - Miss from cloudfront
      Via:
      - 1.1 253721461f577318527fb5be095b5061.cloudfront.net (CloudFront)
      X-Amz-Cf-Id:
      - D9VCzcbNrr_fZ_MLTPmcAanwHpEvP4Hyz4YqVQJqj2NMzhLucVWbBw==
    body:
      encoding: ASCII-8BIT
      string: '{"ok":false,"error":"not_authed"}'
    http_version: 
  recorded_at: Sat, 01 Feb 2014 11:10:07 GMT
- request:
    method: post
    uri: https://agileventures.slack.com/api/users.admin.invite
    body:
      encoding: US-ASCII
      string: email=friedrich.sawayn%40fadelhalvorson.name&channels=C02G8J689%2CC0285CSUH%2CC02AA0ARR&token
    headers:
      Accept-Encoding:
      - gzip;q=1.0,deflate;q=0.6,identity;q=0.3
      Accept:
      - "*/*"
      User-Agent:
      - Ruby
      Host:
      - agileventures.slack.com
      Content-Type:
      - application/x-www-form-urlencoded
  response:
    status:
      code: 200
      message: OK
    headers:
      Content-Type:
      - application/json; charset=utf-8
      Transfer-Encoding:
      - chunked
      Connection:
      - keep-alive
      Access-Control-Allow-Origin:
      - "*"
      Content-Security-Policy:
      - referrer no-referrer;
      Date:
      - Mon, 16 May 2016 15:20:30 GMT
      Server:
      - Apache
      Strict-Transport-Security:
      - max-age=31536000; includeSubDomains; preload
      Vary:
      - Accept-Encoding
      X-Accepted-Oauth-Scopes:
      - client
      X-Content-Type-Options:
      - nosniff
      X-Xss-Protection:
      - '0'
      X-Cache:
      - Miss from cloudfront
      Via:
      - 1.1 253721461f577318527fb5be095b5061.cloudfront.net (CloudFront)
      X-Amz-Cf-Id:
      - Yw9Ln7r-EiplTOwNi0RGfBO06is6Ubz2Xmc7VHynyq1FX5UVMgZj0Q==
    body:
      encoding: ASCII-8BIT
      string: '{"ok":false,"error":"not_authed"}'
    http_version: 
  recorded_at: Sat, 01 Feb 2014 11:10:07 GMT
- request:
    method: post
    uri: https://agileventures.slack.com/api/users.admin.invite
    body:
      encoding: US-ASCII
      string: email=hollis_stamm%40stroman.name&channels=C02G8J689%2CC0285CSUH%2CC02AA0ARR&token
    headers:
      Accept-Encoding:
      - gzip;q=1.0,deflate;q=0.6,identity;q=0.3
      Accept:
      - "*/*"
      User-Agent:
      - Ruby
      Host:
      - agileventures.slack.com
      Content-Type:
      - application/x-www-form-urlencoded
  response:
    status:
      code: 200
      message: OK
    headers:
      Content-Type:
      - application/json; charset=utf-8
      Transfer-Encoding:
      - chunked
      Connection:
      - keep-alive
      Access-Control-Allow-Origin:
      - "*"
      Content-Security-Policy:
      - referrer no-referrer;
      Date:
      - Mon, 16 May 2016 15:20:30 GMT
      Server:
      - Apache
      Strict-Transport-Security:
      - max-age=31536000; includeSubDomains; preload
      Vary:
      - Accept-Encoding
      X-Accepted-Oauth-Scopes:
      - client
      X-Content-Type-Options:
      - nosniff
      X-Xss-Protection:
      - '0'
      X-Cache:
      - Miss from cloudfront
      Via:
      - 1.1 fd885dc16612d4e9d70f328fd0542052.cloudfront.net (CloudFront)
      X-Amz-Cf-Id:
      - jgpxM-g0jxBP0PK7i0su-1oOiOwTJrKK2uQ4rHFY2q-RAMXQOJEVdw==
    body:
      encoding: ASCII-8BIT
      string: '{"ok":false,"error":"not_authed"}'
    http_version: 
  recorded_at: Sat, 01 Feb 2014 11:10:07 GMT
- request:
    method: post
    uri: https://agileventures.slack.com/api/users.admin.invite
    body:
      encoding: US-ASCII
      string: email=jeie_simonis%40kozeyleuschke.org&channels=C02G8J689%2CC0285CSUH%2CC02AA0ARR&token
    headers:
      Accept-Encoding:
      - gzip;q=1.0,deflate;q=0.6,identity;q=0.3
      Accept:
      - "*/*"
      User-Agent:
      - Ruby
      Host:
      - agileventures.slack.com
      Content-Type:
      - application/x-www-form-urlencoded
  response:
    status:
      code: 200
      message: OK
    headers:
      Content-Type:
      - application/json; charset=utf-8
      Transfer-Encoding:
      - chunked
      Connection:
      - keep-alive
      Access-Control-Allow-Origin:
      - "*"
      Content-Security-Policy:
      - referrer no-referrer;
      Date:
      - Mon, 16 May 2016 15:20:30 GMT
      Server:
      - Apache
      Strict-Transport-Security:
      - max-age=31536000; includeSubDomains; preload
      Vary:
      - Accept-Encoding
      X-Accepted-Oauth-Scopes:
      - client
      X-Content-Type-Options:
      - nosniff
      X-Xss-Protection:
      - '0'
      X-Cache:
      - Miss from cloudfront
      Via:
      - 1.1 5cb08f1fdb064b6046c3b17fe92559f8.cloudfront.net (CloudFront)
      X-Amz-Cf-Id:
      - n1yiSLq7uG-jYl_AD46_t5buw5gC6g4VufsTvW9X1Z9t5wo0uGPKrg==
    body:
      encoding: ASCII-8BIT
      string: '{"ok":false,"error":"not_authed"}'
    http_version: 
  recorded_at: Sat, 01 Feb 2014 11:10:07 GMT
- request:
    method: post
    uri: https://agileventures.slack.com/api/users.admin.invite
    body:
      encoding: US-ASCII
      string: email=candace.stamm%40jacobi.net&channels=C02G8J689%2CC0285CSUH%2CC02AA0ARR&token
    headers:
      Accept-Encoding:
      - gzip;q=1.0,deflate;q=0.6,identity;q=0.3
      Accept:
      - "*/*"
      User-Agent:
      - Ruby
      Host:
      - agileventures.slack.com
      Content-Type:
      - application/x-www-form-urlencoded
  response:
    status:
      code: 200
      message: OK
    headers:
      Content-Type:
      - application/json; charset=utf-8
      Transfer-Encoding:
      - chunked
      Connection:
      - keep-alive
      Access-Control-Allow-Origin:
      - "*"
      Content-Security-Policy:
      - referrer no-referrer;
      Date:
      - Mon, 16 May 2016 15:20:30 GMT
      Server:
      - Apache
      Strict-Transport-Security:
      - max-age=31536000; includeSubDomains; preload
      Vary:
      - Accept-Encoding
      X-Accepted-Oauth-Scopes:
      - client
      X-Content-Type-Options:
      - nosniff
      X-Xss-Protection:
      - '0'
      X-Cache:
      - Miss from cloudfront
      Via:
      - 1.1 3f664d29b735d0f07574fc4382fb0221.cloudfront.net (CloudFront)
      X-Amz-Cf-Id:
      - V12uys7TZwdvRtT-QY-MeZmJgJcSInrk-ErjMXVXvWxh3ZYWtSAYlA==
    body:
      encoding: ASCII-8BIT
      string: '{"ok":false,"error":"not_authed"}'
    http_version: 
  recorded_at: Sat, 01 Feb 2014 11:10:07 GMT
- request:
    method: post
    uri: https://agileventures.slack.com/api/users.admin.invite
    body:
      encoding: US-ASCII
      string: email=jewell%40mayerharvey.info&channels=C02G8J689%2CC0285CSUH%2CC02AA0ARR&token
    headers:
      Accept-Encoding:
      - gzip;q=1.0,deflate;q=0.6,identity;q=0.3
      Accept:
      - "*/*"
      User-Agent:
      - Ruby
      Host:
      - agileventures.slack.com
      Content-Type:
      - application/x-www-form-urlencoded
  response:
    status:
      code: 200
      message: OK
    headers:
      Content-Type:
      - application/json; charset=utf-8
      Transfer-Encoding:
      - chunked
      Connection:
      - keep-alive
      Access-Control-Allow-Origin:
      - "*"
      Content-Security-Policy:
      - referrer no-referrer;
      Date:
      - Mon, 16 May 2016 15:20:30 GMT
      Server:
      - Apache
      Strict-Transport-Security:
      - max-age=31536000; includeSubDomains; preload
      Vary:
      - Accept-Encoding
      X-Accepted-Oauth-Scopes:
      - client
      X-Content-Type-Options:
      - nosniff
      X-Xss-Protection:
      - '0'
      X-Cache:
      - Miss from cloudfront
      Via:
      - 1.1 c4ff8a7ab32ae47f65347ecd5f30a4e6.cloudfront.net (CloudFront)
      X-Amz-Cf-Id:
      - Cj_p_g3IlBCq1XJls4v-7gmgNFbbAUYQ1Ft24hudOBfyfrk30P9n-g==
    body:
      encoding: ASCII-8BIT
      string: '{"ok":false,"error":"not_authed"}'
    http_version: 
  recorded_at: Sat, 01 Feb 2014 11:10:07 GMT
- request:
    method: post
    uri: https://agileventures.slack.com/api/users.admin.invite
    body:
      encoding: US-ASCII
      string: email=francisco_feil%40schumm.org&channels=C02G8J689%2CC0285CSUH%2CC02AA0ARR&token
    headers:
      Accept-Encoding:
      - gzip;q=1.0,deflate;q=0.6,identity;q=0.3
      Accept:
      - "*/*"
      User-Agent:
      - Ruby
      Host:
      - agileventures.slack.com
      Content-Type:
      - application/x-www-form-urlencoded
  response:
    status:
      code: 200
      message: OK
    headers:
      Content-Type:
      - application/json; charset=utf-8
      Transfer-Encoding:
      - chunked
      Connection:
      - keep-alive
      Access-Control-Allow-Origin:
      - "*"
      Content-Security-Policy:
      - referrer no-referrer;
      Date:
      - Mon, 16 May 2016 15:20:30 GMT
      Server:
      - Apache
      Strict-Transport-Security:
      - max-age=31536000; includeSubDomains; preload
      Vary:
      - Accept-Encoding
      X-Accepted-Oauth-Scopes:
      - client
      X-Content-Type-Options:
      - nosniff
      X-Xss-Protection:
      - '0'
      X-Cache:
      - Miss from cloudfront
      Via:
      - 1.1 1855dddbad97610ed28373576e7b4dbf.cloudfront.net (CloudFront)
      X-Amz-Cf-Id:
      - gZZjCL1660RFLB8QUDuV00H0RS6ojVhcwYq2_pcKNqz6uOnsrsrxOQ==
    body:
      encoding: ASCII-8BIT
      string: '{"ok":false,"error":"not_authed"}'
    http_version: 
  recorded_at: Sat, 01 Feb 2014 11:10:07 GMT
- request:
    method: post
    uri: https://agileventures.slack.com/api/users.admin.invite
    body:
      encoding: US-ASCII
      string: email=lelia%40ziememurphy.io&channels=C02G8J689%2CC0285CSUH%2CC02AA0ARR&token
    headers:
      Accept-Encoding:
      - gzip;q=1.0,deflate;q=0.6,identity;q=0.3
      Accept:
      - "*/*"
      User-Agent:
      - Ruby
      Host:
      - agileventures.slack.com
      Content-Type:
      - application/x-www-form-urlencoded
  response:
    status:
      code: 200
      message: OK
    headers:
      Content-Type:
      - application/json; charset=utf-8
      Transfer-Encoding:
      - chunked
      Connection:
      - keep-alive
      Access-Control-Allow-Origin:
      - "*"
      Content-Security-Policy:
      - referrer no-referrer;
      Date:
      - Mon, 16 May 2016 15:20:30 GMT
      Server:
      - Apache
      Strict-Transport-Security:
      - max-age=31536000; includeSubDomains; preload
      Vary:
      - Accept-Encoding
      X-Accepted-Oauth-Scopes:
      - client
      X-Content-Type-Options:
      - nosniff
      X-Xss-Protection:
      - '0'
      X-Cache:
      - Miss from cloudfront
      Via:
      - 1.1 c4ff8a7ab32ae47f65347ecd5f30a4e6.cloudfront.net (CloudFront)
      X-Amz-Cf-Id:
      - NIoYNg1qaKyBO3R_3aYDcQoBxNzrHdVi2T9IU000SvJXsL-tOAou_g==
    body:
      encoding: ASCII-8BIT
      string: '{"ok":false,"error":"not_authed"}'
    http_version: 
  recorded_at: Sat, 01 Feb 2014 11:10:07 GMT
- request:
    method: post
    uri: https://agileventures.slack.com/api/users.admin.invite
    body:
      encoding: US-ASCII
      string: email=salvatore.gaylord%40williamson.com&channels=C02G8J689%2CC0285CSUH%2CC02AA0ARR&token
    headers:
      Accept-Encoding:
      - gzip;q=1.0,deflate;q=0.6,identity;q=0.3
      Accept:
      - "*/*"
      User-Agent:
      - Ruby
      Host:
      - agileventures.slack.com
      Content-Type:
      - application/x-www-form-urlencoded
  response:
    status:
      code: 200
      message: OK
    headers:
      Content-Type:
      - application/json; charset=utf-8
      Transfer-Encoding:
      - chunked
      Connection:
      - keep-alive
      Access-Control-Allow-Origin:
      - "*"
      Content-Security-Policy:
      - referrer no-referrer;
      Date:
      - Mon, 16 May 2016 15:20:30 GMT
      Server:
      - Apache
      Strict-Transport-Security:
      - max-age=31536000; includeSubDomains; preload
      Vary:
      - Accept-Encoding
      X-Accepted-Oauth-Scopes:
      - client
      X-Content-Type-Options:
      - nosniff
      X-Xss-Protection:
      - '0'
      X-Cache:
      - Miss from cloudfront
      Via:
      - 1.1 18772750c53de4892d3834f606911fc0.cloudfront.net (CloudFront)
      X-Amz-Cf-Id:
      - Z0omGuuIJSjrPB0w4kEs8aRxGm39WYZglGVYJb_aD36eogS_D8TJ9Q==
    body:
      encoding: ASCII-8BIT
      string: '{"ok":false,"error":"not_authed"}'
    http_version: 
  recorded_at: Sat, 01 Feb 2014 11:10:08 GMT
- request:
    method: post
    uri: https://agileventures.slack.com/api/users.admin.invite
    body:
      encoding: US-ASCII
      string: email=guy%40schoen.org&channels=C02G8J689%2CC0285CSUH%2CC02AA0ARR&token
    headers:
      Accept-Encoding:
      - gzip;q=1.0,deflate;q=0.6,identity;q=0.3
      Accept:
      - "*/*"
      User-Agent:
      - Ruby
      Host:
      - agileventures.slack.com
      Content-Type:
      - application/x-www-form-urlencoded
  response:
    status:
      code: 200
      message: OK
    headers:
      Content-Type:
      - application/json; charset=utf-8
      Transfer-Encoding:
      - chunked
      Connection:
      - keep-alive
      Access-Control-Allow-Origin:
      - "*"
      Content-Security-Policy:
      - referrer no-referrer;
      Date:
      - Mon, 16 May 2016 15:20:30 GMT
      Server:
      - Apache
      Strict-Transport-Security:
      - max-age=31536000; includeSubDomains; preload
      Vary:
      - Accept-Encoding
      X-Accepted-Oauth-Scopes:
      - client
      X-Content-Type-Options:
      - nosniff
      X-Xss-Protection:
      - '0'
      X-Cache:
      - Miss from cloudfront
      Via:
      - 1.1 0579f4eba24bbe8abed6a0529591ab2d.cloudfront.net (CloudFront)
      X-Amz-Cf-Id:
      - GFTuaPwvfa59zXywBnbeeQPd1534DY9vmOoB8QSAj4PBlC0bjpz3kw==
    body:
      encoding: ASCII-8BIT
      string: '{"ok":false,"error":"not_authed"}'
    http_version: 
  recorded_at: Sat, 01 Feb 2014 11:10:08 GMT
- request:
    method: post
    uri: https://agileventures.slack.com/api/users.admin.invite
    body:
      encoding: US-ASCII
      string: email=johnny.muller%40weberdenesik.net&channels=C02G8J689%2CC0285CSUH%2CC02AA0ARR&token
    headers:
      Accept-Encoding:
      - gzip;q=1.0,deflate;q=0.6,identity;q=0.3
      Accept:
      - "*/*"
      User-Agent:
      - Ruby
      Host:
      - agileventures.slack.com
      Content-Type:
      - application/x-www-form-urlencoded
  response:
    status:
      code: 200
      message: OK
    headers:
      Content-Type:
      - application/json; charset=utf-8
      Transfer-Encoding:
      - chunked
      Connection:
      - keep-alive
      Access-Control-Allow-Origin:
      - "*"
      Content-Security-Policy:
      - referrer no-referrer;
      Date:
      - Mon, 16 May 2016 15:20:30 GMT
      Server:
      - Apache
      Strict-Transport-Security:
      - max-age=31536000; includeSubDomains; preload
      Vary:
      - Accept-Encoding
      X-Accepted-Oauth-Scopes:
      - client
      X-Content-Type-Options:
      - nosniff
      X-Xss-Protection:
      - '0'
      X-Cache:
      - Miss from cloudfront
      Via:
      - 1.1 a159febffcf57c34f04c221aa4db939c.cloudfront.net (CloudFront)
      X-Amz-Cf-Id:
      - MauXIMHSXcBvYK6XoVkJ2Zm5wICSO5QymRKflrtH6zLUgTnW4PUTWQ==
    body:
      encoding: ASCII-8BIT
      string: '{"ok":false,"error":"not_authed"}'
    http_version: 
  recorded_at: Sat, 01 Feb 2014 11:10:08 GMT
- request:
    method: post
    uri: https://agileventures.slack.com/api/users.admin.invite
    body:
      encoding: US-ASCII
      string: email=alice%40btinternet.co.uk&channels=C02G8J689%2CC0285CSUH%2CC02AA0ARR&token
    headers:
      Accept-Encoding:
      - gzip;q=1.0,deflate;q=0.6,identity;q=0.3
      Accept:
      - "*/*"
      User-Agent:
      - Ruby
      Host:
      - agileventures.slack.com
      Content-Type:
      - application/x-www-form-urlencoded
  response:
    status:
      code: 200
      message: OK
    headers:
      Content-Type:
      - application/json; charset=utf-8
      Transfer-Encoding:
      - chunked
      Connection:
      - keep-alive
      Access-Control-Allow-Origin:
      - "*"
      Content-Security-Policy:
      - referrer no-referrer;
      Date:
      - Mon, 16 May 2016 15:35:41 GMT
      Server:
      - Apache
      Strict-Transport-Security:
      - max-age=31536000; includeSubDomains; preload
      Vary:
      - Accept-Encoding
      X-Accepted-Oauth-Scopes:
      - client
      X-Content-Type-Options:
      - nosniff
      X-Xss-Protection:
      - '0'
      X-Cache:
      - Miss from cloudfront
      Via:
      - 1.1 a3ec80ea243e9a215ae4569b873f3acf.cloudfront.net (CloudFront)
      X-Amz-Cf-Id:
      - LrzQalpLQ_wwXwi2GNm-ZZ0r5Oeafqzqug2di-q-kVzqLvsK-XMnCw==
    body:
      encoding: ASCII-8BIT
      string: '{"ok":false,"error":"not_authed"}'
    http_version: 
  recorded_at: Sat, 01 Feb 2014 11:10:00 GMT
- request:
    method: post
    uri: https://agileventures.slack.com/api/users.admin.invite
    body:
      encoding: US-ASCII
      string: email=bob%40btinternet.co.uk&channels=C02G8J689%2CC0285CSUH%2CC02AA0ARR&token
    headers:
      Accept-Encoding:
      - gzip;q=1.0,deflate;q=0.6,identity;q=0.3
      Accept:
      - "*/*"
      User-Agent:
      - Ruby
      Host:
      - agileventures.slack.com
      Content-Type:
      - application/x-www-form-urlencoded
  response:
    status:
      code: 200
      message: OK
    headers:
      Content-Type:
      - application/json; charset=utf-8
      Transfer-Encoding:
      - chunked
      Connection:
      - keep-alive
      Access-Control-Allow-Origin:
      - "*"
      Content-Security-Policy:
      - referrer no-referrer;
      Date:
      - Mon, 16 May 2016 15:35:41 GMT
      Server:
      - Apache
      Strict-Transport-Security:
      - max-age=31536000; includeSubDomains; preload
      Vary:
      - Accept-Encoding
      X-Accepted-Oauth-Scopes:
      - client
      X-Content-Type-Options:
      - nosniff
      X-Xss-Protection:
      - '0'
      X-Cache:
      - Miss from cloudfront
      Via:
      - 1.1 a42c0b1c56b7a0f5e8fa0ee6e926aa20.cloudfront.net (CloudFront)
      X-Amz-Cf-Id:
      - 4TBochTv7ylzJW2dEO40ZMzaF74HOE3LAjr-lsUuNgxmt6POVptXbA==
    body:
      encoding: ASCII-8BIT
      string: '{"ok":false,"error":"not_authed"}'
    http_version: 
  recorded_at: Sat, 01 Feb 2014 11:10:00 GMT
- request:
    method: post
    uri: https://agileventures.slack.com/api/users.admin.invite
    body:
      encoding: US-ASCII
      string: email=jan%40btinternet.co.uk&channels=C02G8J689%2CC0285CSUH%2CC02AA0ARR&token
    headers:
      Accept-Encoding:
      - gzip;q=1.0,deflate;q=0.6,identity;q=0.3
      Accept:
      - "*/*"
      User-Agent:
      - Ruby
      Host:
      - agileventures.slack.com
      Content-Type:
      - application/x-www-form-urlencoded
  response:
    status:
      code: 200
      message: OK
    headers:
      Content-Type:
      - application/json; charset=utf-8
      Transfer-Encoding:
      - chunked
      Connection:
      - keep-alive
      Access-Control-Allow-Origin:
      - "*"
      Content-Security-Policy:
      - referrer no-referrer;
      Date:
      - Mon, 16 May 2016 15:44:02 GMT
      Server:
      - Apache
      Strict-Transport-Security:
      - max-age=31536000; includeSubDomains; preload
      Vary:
      - Accept-Encoding
      X-Accepted-Oauth-Scopes:
      - client
      X-Content-Type-Options:
      - nosniff
      X-Xss-Protection:
      - '0'
      X-Cache:
      - Miss from cloudfront
      Via:
      - 1.1 18ab487c2f9a73b18d18515f1dde6556.cloudfront.net (CloudFront)
      X-Amz-Cf-Id:
      - kAHXdNpEYwjCgHXsSZ21_0rP1y1RAXZxuAKa8F3Lghknhf4KJrkRdA==
    body:
      encoding: ASCII-8BIT
      string: '{"ok":false,"error":"not_authed"}'
    http_version: 
  recorded_at: Sat, 01 Feb 2014 11:10:00 GMT
- request:
    method: post
    uri: https://agileventures.slack.com/api/users.admin.invite
    body:
      encoding: US-ASCII
      string: email=example%40example.com&channels=C02G8J689%2CC0285CSUH%2CC02AA0ARR&token
    headers:
      Accept-Encoding:
      - gzip;q=1.0,deflate;q=0.6,identity;q=0.3
      Accept:
      - "*/*"
      User-Agent:
      - Ruby
      Host:
      - agileventures.slack.com
      Content-Type:
      - application/x-www-form-urlencoded
  response:
    status:
      code: 200
      message: OK
    headers:
      Content-Type:
      - application/json; charset=utf-8
      Transfer-Encoding:
      - chunked
      Connection:
      - keep-alive
      Access-Control-Allow-Origin:
      - "*"
      Content-Security-Policy:
      - referrer no-referrer;
      Date:
      - Mon, 16 May 2016 15:44:02 GMT
      Server:
      - Apache
      Strict-Transport-Security:
      - max-age=31536000; includeSubDomains; preload
      Vary:
      - Accept-Encoding
      X-Accepted-Oauth-Scopes:
      - client
      X-Content-Type-Options:
      - nosniff
      X-Xss-Protection:
      - '0'
      X-Cache:
      - Miss from cloudfront
      Via:
      - 1.1 f86a895a07bf7cfe7b3bc406fbe56c18.cloudfront.net (CloudFront)
      X-Amz-Cf-Id:
      - ObyU6Dcjrb-l_IW_1WPjx1wE5IZeGUDaS5KUXeg8QxAX01R7RA8i0Q==
    body:
      encoding: ASCII-8BIT
      string: '{"ok":false,"error":"not_authed"}'
    http_version: 
  recorded_at: Sat, 01 Feb 2014 11:10:00 GMT
recorded_with: VCR 3.0.1
