---
http_interactions:
- request:
    method: post
    uri: https://agileventures.slack.com/api/users.admin.invite
    body:
      encoding: US-ASCII
      string: email=avoter_14%40example.com&channels=C02G8J689%2CC0285CSUH%2CC02AA0ARR&token
    headers:
      Accept-Encoding:
      - gzip;q=1.0,deflate;q=0.6,identity;q=0.3
      Accept:
      - "*/*"
      User-Agent:
      - Ruby
      Host:
      - agileventures.slack.com
      Content-Type:
      - application/x-www-form-urlencoded
  response:
    status:
      code: 200
      message: OK
    headers:
      Content-Type:
      - application/json; charset=utf-8
      Transfer-Encoding:
      - chunked
      Connection:
      - keep-alive
      Access-Control-Allow-Origin:
      - "*"
      Content-Security-Policy:
      - referrer no-referrer;
      Date:
      - Mon, 16 May 2016 15:19:19 GMT
      Server:
      - Apache
      Strict-Transport-Security:
      - max-age=31536000; includeSubDomains; preload
      Vary:
      - Accept-Encoding
      X-Accepted-Oauth-Scopes:
      - client
      X-Content-Type-Options:
      - nosniff
      X-Xss-Protection:
      - '0'
      X-Cache:
      - Miss from cloudfront
      Via:
      - 1.1 e223f938e1f7716ebc7a1a8faefd0900.cloudfront.net (CloudFront)
      X-Amz-Cf-Id:
      - 96NcaKM50Y3Hq8XAgTYoOz1nj6Hgi1KzVrko6MBLkA8lBK33En12Ag==
    body:
      encoding: ASCII-8BIT
      string: '{"ok":false,"error":"not_authed"}'
    http_version: 
  recorded_at: Mon, 16 May 2016 15:19:19 GMT
- request:
    method: post
    uri: https://agileventures.slack.com/api/users.admin.invite
    body:
      encoding: US-ASCII
      string: email=testuser%40agileventures.org&channels=C02G8J689%2CC0285CSUH%2CC02AA0ARR&token
    headers:
      Accept-Encoding:
      - gzip;q=1.0,deflate;q=0.6,identity;q=0.3
      Accept:
      - "*/*"
      User-Agent:
      - Ruby
      Host:
      - agileventures.slack.com
      Content-Type:
      - application/x-www-form-urlencoded
  response:
    status:
      code: 200
      message: OK
    headers:
      Content-Type:
      - application/json; charset=utf-8
      Transfer-Encoding:
      - chunked
      Connection:
      - keep-alive
      Access-Control-Allow-Origin:
      - "*"
      Content-Security-Policy:
      - referrer no-referrer;
      Date:
      - Mon, 16 May 2016 15:19:19 GMT
      Server:
      - Apache
      Strict-Transport-Security:
      - max-age=31536000; includeSubDomains; preload
      Vary:
      - Accept-Encoding
      X-Accepted-Oauth-Scopes:
      - client
      X-Content-Type-Options:
      - nosniff
      X-Xss-Protection:
      - '0'
      X-Cache:
      - Miss from cloudfront
      Via:
      - 1.1 978c00aff85cbe1b9a35711178037d78.cloudfront.net (CloudFront)
      X-Amz-Cf-Id:
      - 72dzL6WesBbbLed6oB2WYzrMwIj3NeiD8Z4YKX7pu3TI_DFZlW4OIA==
    body:
      encoding: ASCII-8BIT
      string: '{"ok":false,"error":"not_authed"}'
    http_version: 
  recorded_at: Mon, 16 May 2016 15:19:19 GMT
- request:
    method: post
    uri: https://agileventures.slack.com/api/users.admin.invite
    body:
      encoding: US-ASCII
      string: email=avoter_20%40example.com&channels=C02G8J689%2CC0285CSUH%2CC02AA0ARR&token
    headers:
      Accept-Encoding:
      - gzip;q=1.0,deflate;q=0.6,identity;q=0.3
      Accept:
      - "*/*"
      User-Agent:
      - Ruby
      Host:
      - agileventures.slack.com
      Content-Type:
      - application/x-www-form-urlencoded
  response:
    status:
      code: 200
      message: OK
    headers:
      Content-Type:
      - application/json; charset=utf-8
      Transfer-Encoding:
      - chunked
      Connection:
      - keep-alive
      Access-Control-Allow-Origin:
      - "*"
      Content-Security-Policy:
      - referrer no-referrer;
      Date:
      - Mon, 16 May 2016 15:19:19 GMT
      Server:
      - Apache
      Strict-Transport-Security:
      - max-age=31536000; includeSubDomains; preload
      Vary:
      - Accept-Encoding
      X-Accepted-Oauth-Scopes:
      - client
      X-Content-Type-Options:
      - nosniff
      X-Xss-Protection:
      - '0'
      X-Cache:
      - Miss from cloudfront
      Via:
      - 1.1 3bf6d1ce86527891472e08bb57b7abe0.cloudfront.net (CloudFront)
      X-Amz-Cf-Id:
      - tKRZIkJFRgYQyyIiOdHNpjSo8Ka6zaqnH7Wf4eB9zQ-C0TSmQK1vzw==
    body:
      encoding: ASCII-8BIT
      string: '{"ok":false,"error":"not_authed"}'
    http_version: 
  recorded_at: Mon, 16 May 2016 15:19:19 GMT
- request:
    method: post
    uri: https://agileventures.slack.com/api/users.admin.invite
    body:
      encoding: US-ASCII
      string: email=testuser%40agileventures.org&channels=C02G8J689%2CC0285CSUH%2CC02AA0ARR&token
    headers:
      Accept-Encoding:
      - gzip;q=1.0,deflate;q=0.6,identity;q=0.3
      Accept:
      - "*/*"
      User-Agent:
      - Ruby
      Host:
      - agileventures.slack.com
      Content-Type:
      - application/x-www-form-urlencoded
  response:
    status:
      code: 200
      message: OK
    headers:
      Content-Type:
      - application/json; charset=utf-8
      Transfer-Encoding:
      - chunked
      Connection:
      - keep-alive
      Access-Control-Allow-Origin:
      - "*"
      Content-Security-Policy:
      - referrer no-referrer;
      Date:
      - Mon, 16 May 2016 15:19:19 GMT
      Server:
      - Apache
      Strict-Transport-Security:
      - max-age=31536000; includeSubDomains; preload
      Vary:
      - Accept-Encoding
      X-Accepted-Oauth-Scopes:
      - client
      X-Content-Type-Options:
      - nosniff
      X-Xss-Protection:
      - '0'
      X-Cache:
      - Miss from cloudfront
      Via:
      - 1.1 5cb08f1fdb064b6046c3b17fe92559f8.cloudfront.net (CloudFront)
      X-Amz-Cf-Id:
      - _ZY9at5cHdYOk4LTJ2bAG6LF4nobp2Jy7iBtjnBBFjCdjvuU_xtQQA==
    body:
      encoding: ASCII-8BIT
      string: '{"ok":false,"error":"not_authed"}'
    http_version: 
  recorded_at: Mon, 16 May 2016 15:19:19 GMT
- request:
    method: post
    uri: https://agileventures.slack.com/api/users.admin.invite
    body:
      encoding: US-ASCII
      string: email=avoter_11%40example.com&channels=C02G8J689%2CC0285CSUH%2CC02AA0ARR&token
    headers:
      Accept-Encoding:
      - gzip;q=1.0,deflate;q=0.6,identity;q=0.3
      Accept:
      - "*/*"
      User-Agent:
      - Ruby
      Host:
      - agileventures.slack.com
      Content-Type:
      - application/x-www-form-urlencoded
  response:
    status:
      code: 200
      message: OK
    headers:
      Content-Type:
      - application/json; charset=utf-8
      Transfer-Encoding:
      - chunked
      Connection:
      - keep-alive
      Access-Control-Allow-Origin:
      - "*"
      Content-Security-Policy:
      - referrer no-referrer;
      Date:
      - Mon, 16 May 2016 15:19:20 GMT
      Server:
      - Apache
      Strict-Transport-Security:
      - max-age=31536000; includeSubDomains; preload
      Vary:
      - Accept-Encoding
      X-Accepted-Oauth-Scopes:
      - client
      X-Content-Type-Options:
      - nosniff
      X-Xss-Protection:
      - '0'
      X-Cache:
      - Miss from cloudfront
      Via:
      - 1.1 047d3a9e23f0016e74a43fb997cbd212.cloudfront.net (CloudFront)
      X-Amz-Cf-Id:
      - FIIIxGTzfU19sFVas_psZ_QUtF_0lQukU2aBFbJPFreih9_8EVZpsw==
    body:
      encoding: ASCII-8BIT
      string: '{"ok":false,"error":"not_authed"}'
    http_version: 
  recorded_at: Mon, 16 May 2016 15:19:20 GMT
- request:
    method: post
    uri: https://agileventures.slack.com/api/users.admin.invite
    body:
      encoding: US-ASCII
      string: email=avoter_10%40example.com&channels=C02G8J689%2CC0285CSUH%2CC02AA0ARR&token
    headers:
      Accept-Encoding:
      - gzip;q=1.0,deflate;q=0.6,identity;q=0.3
      Accept:
      - "*/*"
      User-Agent:
      - Ruby
      Host:
      - agileventures.slack.com
      Content-Type:
      - application/x-www-form-urlencoded
  response:
    status:
      code: 200
      message: OK
    headers:
      Content-Type:
      - application/json; charset=utf-8
      Transfer-Encoding:
      - chunked
      Connection:
      - keep-alive
      Access-Control-Allow-Origin:
      - "*"
      Content-Security-Policy:
      - referrer no-referrer;
      Date:
      - Mon, 16 May 2016 15:19:20 GMT
      Server:
      - Apache
      Strict-Transport-Security:
      - max-age=31536000; includeSubDomains; preload
      Vary:
      - Accept-Encoding
      X-Accepted-Oauth-Scopes:
      - client
      X-Content-Type-Options:
      - nosniff
      X-Xss-Protection:
      - '0'
      X-Cache:
      - Miss from cloudfront
      Via:
      - 1.1 17ebdffe6ca6e09df7d69af286cbc07c.cloudfront.net (CloudFront)
      X-Amz-Cf-Id:
      - coOb-D6tSun1fmcsinEcmZDd3VjEPTMOAOG305_vDjFLSkU928BhLw==
    body:
      encoding: ASCII-8BIT
      string: '{"ok":false,"error":"not_authed"}'
    http_version: 
  recorded_at: Mon, 16 May 2016 15:19:20 GMT
- request:
    method: post
    uri: https://agileventures.slack.com/api/users.admin.invite
    body:
      encoding: US-ASCII
      string: email=avoter_13%40example.com&channels=C02G8J689%2CC0285CSUH%2CC02AA0ARR&token
    headers:
      Accept-Encoding:
      - gzip;q=1.0,deflate;q=0.6,identity;q=0.3
      Accept:
      - "*/*"
      User-Agent:
      - Ruby
      Host:
      - agileventures.slack.com
      Content-Type:
      - application/x-www-form-urlencoded
  response:
    status:
      code: 200
      message: OK
    headers:
      Content-Type:
      - application/json; charset=utf-8
      Transfer-Encoding:
      - chunked
      Connection:
      - keep-alive
      Access-Control-Allow-Origin:
      - "*"
      Content-Security-Policy:
      - referrer no-referrer;
      Date:
      - Mon, 16 May 2016 15:19:20 GMT
      Server:
      - Apache
      Strict-Transport-Security:
      - max-age=31536000; includeSubDomains; preload
      Vary:
      - Accept-Encoding
      X-Accepted-Oauth-Scopes:
      - client
      X-Content-Type-Options:
      - nosniff
      X-Xss-Protection:
      - '0'
      X-Cache:
      - Miss from cloudfront
      Via:
      - 1.1 41d0ea27e141b983263dc5529dcc1ea5.cloudfront.net (CloudFront)
      X-Amz-Cf-Id:
      - b5cmhvR_yM4kOtbIrD1sTssdqNlnFUm26GPhyk-EfuEGuasWFxCJlA==
    body:
      encoding: ASCII-8BIT
      string: '{"ok":false,"error":"not_authed"}'
    http_version: 
  recorded_at: Mon, 16 May 2016 15:19:20 GMT
- request:
    method: post
    uri: https://agileventures.slack.com/api/users.admin.invite
    body:
      encoding: US-ASCII
      string: email=avoter_12%40example.com&channels=C02G8J689%2CC0285CSUH%2CC02AA0ARR&token
    headers:
      Accept-Encoding:
      - gzip;q=1.0,deflate;q=0.6,identity;q=0.3
      Accept:
      - "*/*"
      User-Agent:
      - Ruby
      Host:
      - agileventures.slack.com
      Content-Type:
      - application/x-www-form-urlencoded
  response:
    status:
      code: 200
      message: OK
    headers:
      Content-Type:
      - application/json; charset=utf-8
      Transfer-Encoding:
      - chunked
      Connection:
      - keep-alive
      Access-Control-Allow-Origin:
      - "*"
      Content-Security-Policy:
      - referrer no-referrer;
      Date:
      - Mon, 16 May 2016 15:19:20 GMT
      Server:
      - Apache
      Strict-Transport-Security:
      - max-age=31536000; includeSubDomains; preload
      Vary:
      - Accept-Encoding
      X-Accepted-Oauth-Scopes:
      - client
      X-Content-Type-Options:
      - nosniff
      X-Xss-Protection:
      - '0'
      X-Cache:
      - Miss from cloudfront
      Via:
      - 1.1 3bf6d1ce86527891472e08bb57b7abe0.cloudfront.net (CloudFront)
      X-Amz-Cf-Id:
      - h8lX5pnUiCXY-6y-SlmlrXCdhKNWI32LU4t7hJvp5W_BB3QeMV64YA==
    body:
      encoding: ASCII-8BIT
      string: '{"ok":false,"error":"not_authed"}'
    http_version: 
  recorded_at: Mon, 16 May 2016 15:19:20 GMT
- request:
    method: post
    uri: https://agileventures.slack.com/api/users.admin.invite
    body:
      encoding: US-ASCII
      string: email=avoter_14%40example.com&channels=C02G8J689%2CC0285CSUH%2CC02AA0ARR&token
    headers:
      Accept-Encoding:
      - gzip;q=1.0,deflate;q=0.6,identity;q=0.3
      Accept:
      - "*/*"
      User-Agent:
      - Ruby
      Host:
      - agileventures.slack.com
      Content-Type:
      - application/x-www-form-urlencoded
  response:
    status:
      code: 200
      message: OK
    headers:
      Content-Type:
      - application/json; charset=utf-8
      Transfer-Encoding:
      - chunked
      Connection:
      - keep-alive
      Access-Control-Allow-Origin:
      - "*"
      Content-Security-Policy:
      - referrer no-referrer;
      Date:
      - Mon, 16 May 2016 15:19:20 GMT
      Server:
      - Apache
      Strict-Transport-Security:
      - max-age=31536000; includeSubDomains; preload
      Vary:
      - Accept-Encoding
      X-Accepted-Oauth-Scopes:
      - client
      X-Content-Type-Options:
      - nosniff
      X-Xss-Protection:
      - '0'
      X-Cache:
      - Miss from cloudfront
      Via:
      - 1.1 aacade9ab32f7d5ee52553d620cb3362.cloudfront.net (CloudFront)
      X-Amz-Cf-Id:
      - XBwJTkmqkXekJNyejaKJXbNBHg_X3FwYfwf0X-4vZYnuyrAk5CUVpQ==
    body:
      encoding: ASCII-8BIT
      string: '{"ok":false,"error":"not_authed"}'
    http_version: 
  recorded_at: Mon, 16 May 2016 15:19:20 GMT
- request:
    method: post
    uri: https://agileventures.slack.com/api/users.admin.invite
    body:
      encoding: US-ASCII
      string: email=avoter_20%40example.com&channels=C02G8J689%2CC0285CSUH%2CC02AA0ARR&token
    headers:
      Accept-Encoding:
      - gzip;q=1.0,deflate;q=0.6,identity;q=0.3
      Accept:
      - "*/*"
      User-Agent:
      - Ruby
      Host:
      - agileventures.slack.com
      Content-Type:
      - application/x-www-form-urlencoded
  response:
    status:
      code: 200
      message: OK
    headers:
      Content-Type:
      - application/json; charset=utf-8
      Transfer-Encoding:
      - chunked
      Connection:
      - keep-alive
      Access-Control-Allow-Origin:
      - "*"
      Content-Security-Policy:
      - referrer no-referrer;
      Date:
      - Mon, 16 May 2016 15:19:20 GMT
      Server:
      - Apache
      Strict-Transport-Security:
      - max-age=31536000; includeSubDomains; preload
      Vary:
      - Accept-Encoding
      X-Accepted-Oauth-Scopes:
      - client
      X-Content-Type-Options:
      - nosniff
      X-Xss-Protection:
      - '0'
      X-Cache:
      - Miss from cloudfront
      Via:
      - 1.1 fd885dc16612d4e9d70f328fd0542052.cloudfront.net (CloudFront)
      X-Amz-Cf-Id:
      - U_cZAVgJGzAU9nHKpjj_OSmqbylqPz2ZMDeSSNpUJWpHlkaj5saHFQ==
    body:
      encoding: ASCII-8BIT
      string: '{"ok":false,"error":"not_authed"}'
    http_version: 
  recorded_at: Mon, 16 May 2016 15:19:20 GMT
- request:
    method: post
    uri: https://agileventures.slack.com/api/users.admin.invite
    body:
      encoding: US-ASCII
      string: email=avoter_14%40example.com&channels=C02G8J689%2CC0285CSUH%2CC02AA0ARR&token
    headers:
      Accept-Encoding:
      - gzip;q=1.0,deflate;q=0.6,identity;q=0.3
      Accept:
      - "*/*"
      User-Agent:
      - Ruby
      Host:
      - agileventures.slack.com
      Content-Type:
      - application/x-www-form-urlencoded
  response:
    status:
      code: 200
      message: OK
    headers:
      Content-Type:
      - application/json; charset=utf-8
      Transfer-Encoding:
      - chunked
      Connection:
      - keep-alive
      Access-Control-Allow-Origin:
      - "*"
      Content-Security-Policy:
      - referrer no-referrer;
      Date:
      - Mon, 16 May 2016 15:34:25 GMT
      Server:
      - Apache
      Strict-Transport-Security:
      - max-age=31536000; includeSubDomains; preload
      Vary:
      - Accept-Encoding
      X-Accepted-Oauth-Scopes:
      - client
      X-Content-Type-Options:
      - nosniff
      X-Xss-Protection:
      - '0'
      X-Cache:
      - Miss from cloudfront
      Via:
      - 1.1 be27f8aa8af4ef7f3d1f074ecbf3b266.cloudfront.net (CloudFront)
      X-Amz-Cf-Id:
      - OsKw72j6eHwM-RKpbDbRy_VDroyI83Mc2z_1mqP8jiuALS83LA6Rlw==
    body:
      encoding: ASCII-8BIT
      string: '{"ok":false,"error":"not_authed"}'
    http_version: 
  recorded_at: Mon, 16 May 2016 15:34:25 GMT
- request:
    method: post
    uri: https://agileventures.slack.com/api/users.admin.invite
    body:
      encoding: US-ASCII
      string: email=avoter_20%40example.com&channels=C02G8J689%2CC0285CSUH%2CC02AA0ARR&token
    headers:
      Accept-Encoding:
      - gzip;q=1.0,deflate;q=0.6,identity;q=0.3
      Accept:
      - "*/*"
      User-Agent:
      - Ruby
      Host:
      - agileventures.slack.com
      Content-Type:
      - application/x-www-form-urlencoded
  response:
    status:
      code: 200
      message: OK
    headers:
      Content-Type:
      - application/json; charset=utf-8
      Transfer-Encoding:
      - chunked
      Connection:
      - keep-alive
      Access-Control-Allow-Origin:
      - "*"
      Content-Security-Policy:
      - referrer no-referrer;
      Date:
      - Mon, 16 May 2016 15:34:25 GMT
      Server:
      - Apache
      Strict-Transport-Security:
      - max-age=31536000; includeSubDomains; preload
      Vary:
      - Accept-Encoding
      X-Accepted-Oauth-Scopes:
      - client
      X-Content-Type-Options:
      - nosniff
      X-Xss-Protection:
      - '0'
      X-Cache:
      - Miss from cloudfront
      Via:
      - 1.1 d9f4ab417da92d345373e35fdfe09034.cloudfront.net (CloudFront)
      X-Amz-Cf-Id:
      - "-f6fsvqsZLqjEZcSo_bEHayDayHVtbq6ntIzEZlUfmbFcF-tVFDg1A=="
    body:
      encoding: ASCII-8BIT
      string: '{"ok":false,"error":"not_authed"}'
    http_version: 
  recorded_at: Mon, 16 May 2016 15:34:25 GMT
- request:
    method: post
    uri: https://agileventures.slack.com/api/users.admin.invite
    body:
      encoding: US-ASCII
      string: email=avoter_14%40example.com&channels=C02G8J689%2CC0285CSUH%2CC02AA0ARR&token
    headers:
      Accept-Encoding:
      - gzip;q=1.0,deflate;q=0.6,identity;q=0.3
      Accept:
      - "*/*"
      User-Agent:
      - Ruby
      Host:
      - agileventures.slack.com
      Content-Type:
      - application/x-www-form-urlencoded
  response:
    status:
      code: 200
      message: OK
    headers:
      Content-Type:
      - application/json; charset=utf-8
      Transfer-Encoding:
      - chunked
      Connection:
      - keep-alive
      Access-Control-Allow-Origin:
      - "*"
      Content-Security-Policy:
      - referrer no-referrer;
      Date:
      - Mon, 16 May 2016 15:42:36 GMT
      Server:
      - Apache
      Strict-Transport-Security:
      - max-age=31536000; includeSubDomains; preload
      Vary:
      - Accept-Encoding
      X-Accepted-Oauth-Scopes:
      - client
      X-Content-Type-Options:
      - nosniff
      X-Xss-Protection:
      - '0'
      X-Cache:
      - Miss from cloudfront
      Via:
      - 1.1 be27f8aa8af4ef7f3d1f074ecbf3b266.cloudfront.net (CloudFront)
      X-Amz-Cf-Id:
      - VfEQlOIfemwAkfIOvWanB2RdRtQn7OZAFAGZ0EzjbFyfry33zzmL0A==
    body:
      encoding: ASCII-8BIT
      string: '{"ok":false,"error":"not_authed"}'
    http_version: 
  recorded_at: Mon, 16 May 2016 15:42:36 GMT
- request:
    method: post
    uri: https://agileventures.slack.com/api/users.admin.invite
    body:
      encoding: US-ASCII
      string: email=avoter_20%40example.com&channels=C02G8J689%2CC0285CSUH%2CC02AA0ARR&token
    headers:
      Accept-Encoding:
      - gzip;q=1.0,deflate;q=0.6,identity;q=0.3
      Accept:
      - "*/*"
      User-Agent:
      - Ruby
      Host:
      - agileventures.slack.com
      Content-Type:
      - application/x-www-form-urlencoded
  response:
    status:
      code: 200
      message: OK
    headers:
      Content-Type:
      - application/json; charset=utf-8
      Transfer-Encoding:
      - chunked
      Connection:
      - keep-alive
      Access-Control-Allow-Origin:
      - "*"
      Content-Security-Policy:
      - referrer no-referrer;
      Date:
      - Mon, 16 May 2016 15:42:36 GMT
      Server:
      - Apache
      Strict-Transport-Security:
      - max-age=31536000; includeSubDomains; preload
      Vary:
      - Accept-Encoding
      X-Accepted-Oauth-Scopes:
      - client
      X-Content-Type-Options:
      - nosniff
      X-Xss-Protection:
      - '0'
      X-Cache:
      - Miss from cloudfront
      Via:
      - 1.1 599cec68a88e27b10f404ff4c80a9166.cloudfront.net (CloudFront)
      X-Amz-Cf-Id:
      - ly8ug3zGmeXM9HJtkT9sV73yusBbZfDN5JgUJu1ghwVwxq6lbTd3xQ==
    body:
      encoding: ASCII-8BIT
      string: '{"ok":false,"error":"not_authed"}'
    http_version: 
  recorded_at: Mon, 16 May 2016 15:42:36 GMT
recorded_with: VCR 3.0.1
