---
http_interactions:
- request:
    method: get
    uri: https://apis.google.com/_/scs/apps-static/_/js/k=oz.gapi.en_GB.pOO7yrbxBic.O/m=auth/rt=j/sv=1/d=1/ed=1/am=AQ/rs=AGLTcCP2oT3puUj5majzgvZgAp3l-GJ8UA/cb=gapi.loaded_0
    body:
      encoding: UTF-8
      string: ''
    headers:
      Accept:
      - "*/*"
      Referer:
      - http://127.0.0.1:50012/events/daily-standup
      User-Agent:
      - Mozilla/5.0 (Macintosh; Intel Mac OS X) AppleWebKit/538.1 (KHTML, like Gecko)
        PhantomJS/2.1.1 Safari/538.1
      Cookie:
      - NID=78=b0bTAJSS8sETm1-_1ws9qV_7H9roWH-9XEYpO0Ep5ruh0-JVpYPEvh9q3al-iJD05cU7RPtO3xWzfA7_33Kla3pcLT6oT7QRHeViccfV5IhuZhCukaukzEMJtGOv2nvk
      Connection:
      - Keep-Alive
      Accept-Language:
      - en-GB,*
      Host:
      - apis.google.com
  response:
    status:
      code: 404
      message: Not Found
    headers:
      X-Content-Type-Options:
      - nosniff
      Date:
      - Thu, 01 Sep 2016 16:02:08 GMT
      Content-Type:
      - text/html
      Server:
      - sffe
      Content-Length:
      - '0'
      X-Xss-Protection:
      - 1; mode=block
      Alternate-Protocol:
      - 443:quic
      Alt-Svc:
      - quic=":443"; ma=2592000; v="36,35,34,33,32,31,30"
      Connection:
      - close
    body:
      encoding: UTF-8
      string: ''
    http_version: 
  recorded_at: Mon, 01 Feb 2016 09:15:02 GMT
- request:
    method: get
    uri: https://talkgadget.google.com/talkgadget/_/widget?gsrc=3p&hangout_type=onair&initial_apps=%5B%7B%22app_id%22:%22%22,%22start_data%22:%7B%22title%22:%22Daily%20Standup%22,%22category%22:%22PairProgramming%22,%22projectId%22:%22%22,%22eventId%22:%221%22,%22hostId%22:1,%22hangoutId%22:%22100%22,%22callbackUrl%22:%22https://127.0.0.1:50012/hangouts/%22%7D,%22app_type%22:%22LOCAL_APP%22%7D%5D&jsh=m%3B/_/scs/apps-static/_/js/k=oz.gapi.en_GB.pOO7yrbxBic.O/m=__features__/am=AQ/rt=j/d=1/rs=AGLTcCP2oT3puUj5majzgvZgAp3l-GJ8UA&origin=http://127.0.0.1:50012&render=createhangout&topic=Daily%20Standup&widget_size=175
    body:
      encoding: UTF-8
      string: ''
    headers:
      Accept:
      - text/html,application/xhtml+xml,application/xml;q=0.9,*/*;q=0.8
      Referer:
      - http://127.0.0.1:50012/events/daily-standup
      User-Agent:
      - Mozilla/5.0 (Macintosh; Intel Mac OS X) AppleWebKit/538.1 (KHTML, like Gecko)
        PhantomJS/2.1.1 Safari/538.1
      Cookie:
      - NID=78=b0bTAJSS8sETm1-_1ws9qV_7H9roWH-9XEYpO0Ep5ruh0-JVpYPEvh9q3al-iJD05cU7RPtO3xWzfA7_33Kla3pcLT6oT7QRHeViccfV5IhuZhCukaukzEMJtGOv2nvk
      Connection:
      - Keep-Alive
      Accept-Language:
      - en-GB,*
      Host:
      - talkgadget.google.com
  response:
    status:
      code: 200
      message: OK
    headers:
      Content-Type:
      - text/html; charset=utf-8
      Cache-Control:
      - no-cache, no-store, max-age=0, must-revalidate
      Pragma:
      - no-cache
      Expires:
      - Mon, 01 Jan 1990 00:00:00 GMT
      Date:
      - Thu, 01 Sep 2016 16:02:08 GMT
      Strict-Transport-Security:
      - max-age=10886400; includeSubdomains
      X-Content-Type-Options:
      - nosniff
      X-Xss-Protection:
      - 1; mode=block
      Server:
      - GSE
      Set-Cookie:
      - S=talkgadget=b4x4wCOqV92_XXd-D8Aimg; Path=/; Secure; HttpOnly
      Alternate-Protocol:
      - 443:quic
      Alt-Svc:
      - quic=":443"; ma=2592000; v="36,35,34,33,32,31,30"
      Accept-Ranges:
      - none
      Vary:
      - Accept-Encoding
      Connection:
      - close
    body:
      encoding: UTF-8
      string: "<!DOCTYPE HTML><html><head><meta http-equiv=\"X-UA-Compatible\" content=\"IE=Edge\">\n<title>+Hangout</title>\n<link
        rel=\"stylesheet\" type=\"text/css\" href=\"/_/scs/talk-static/_/ss/k=wcs.createhangoutframe.aflyb7lc95qw.L.W.O/d=0/rs=AGyH-Ft6d5qK6ftDo1KaVICbFyZJiCQS7g\">\n<script
        type=\"text/javascript\" src=\"/_/scs/talk-static/_/js/k=wcs.createhangoutframe.en_GB.dYQ-nkMOhoc.O/m=createhangoutframe/rt=j/d=1/rs=AGyH-Furt2HBakerfCIjikBC5A9JPjwwvA\">\n
        \     \n    </script>\n<script type=\"text/javascript\">\n      iframe_load(\"[,\\x22Daily
        Standup\\x22,,,,1,1,175,,,0,[]\\n,,,,[]\\n,2,[]\\n,\\x22127.0.0.1\\x22]\\n\");\n
        \   </script></head>\n<body></body></html>"
    http_version: 
  recorded_at: Mon, 01 Feb 2016 09:15:02 GMT
- request:
    method: get
    uri: https://apis.google.com/_/scs/apps-static/_/js/k=oz.gapi.en_GB.pOO7yrbxBic.O/m=hangout/exm=auth/rt=j/sv=1/d=1/ed=1/am=AQ/rs=AGLTcCP2oT3puUj5majzgvZgAp3l-GJ8UA/cb=gapi.loaded_1
    body:
      encoding: UTF-8
      string: ''
    headers:
      Accept:
      - "*/*"
      Referer:
      - http://127.0.0.1:50012/events/daily-standup
      User-Agent:
      - Mozilla/5.0 (Macintosh; Intel Mac OS X) AppleWebKit/538.1 (KHTML, like Gecko)
        PhantomJS/2.1.1 Safari/538.1
      Cookie:
      - NID=78=b0bTAJSS8sETm1-_1ws9qV_7H9roWH-9XEYpO0Ep5ruh0-JVpYPEvh9q3al-iJD05cU7RPtO3xWzfA7_33Kla3pcLT6oT7QRHeViccfV5IhuZhCukaukzEMJtGOv2nvk
      Connection:
      - Keep-Alive
      Accept-Language:
      - en-GB,*
      Host:
      - apis.google.com
  response:
    status:
      code: 404
      message: Not Found
    headers:
      X-Content-Type-Options:
      - nosniff
      Date:
      - Thu, 01 Sep 2016 16:02:09 GMT
      Content-Type:
      - text/html
      Server:
      - sffe
      Content-Length:
      - '0'
      X-Xss-Protection:
      - 1; mode=block
      Alternate-Protocol:
      - 443:quic
      Alt-Svc:
      - quic=":443"; ma=2592000; v="36,35,34,33,32,31,30"
      Connection:
      - close
    body:
      encoding: UTF-8
      string: ''
    http_version: 
  recorded_at: Mon, 01 Feb 2016 09:15:02 GMT
- request:
    method: get
    uri: https://talkgadget.google.com/_/scs/talk-static/_/ss/k=wcs.createhangoutframe.aflyb7lc95qw.L.W.O/d=0/rs=AGyH-Ft6d5qK6ftDo1KaVICbFyZJiCQS7g
    body:
      encoding: UTF-8
      string: ''
    headers:
      Accept:
      - text/css,*/*;q=0.1
      Referer:
      - https://talkgadget.google.com/talkgadget/_/widget?render=createhangout&topic=Daily%20Standup&hangout_type=onair&initial_apps=%5B%7B%22app_id%22%3A%22%22%2C%22start_data%22%3A%7B%22title%22%3A%22Daily%20Standup%22%2C%22category%22%3A%22PairProgramming%22%2C%22projectId%22%3A%22%22%2C%22eventId%22%3A%221%22%2C%22hostId%22%3A1%2C%22hangoutId%22%3A%22100%22%2C%22callbackUrl%22%3A%22https%3A%2F%2F127.0.0.1%3A50012%2Fhangouts%2F%22%7D%2C%22app_type%22%3A%22LOCAL_APP%22%7D%5D&widget_size=175&origin=http%3A%2F%2F127.0.0.1%3A50012&gsrc=3p&jsh=m%3B%2F_%2Fscs%2Fapps-static%2F_%2Fjs%2Fk%3Doz.gapi.en_GB.pOO7yrbxBic.O%2Fm%3D__features__%2Fam%3DAQ%2Frt%3Dj%2Fd%3D1%2Frs%3DAGLTcCP2oT3puUj5majzgvZgAp3l-GJ8UA
      User-Agent:
      - Mozilla/5.0 (Macintosh; Intel Mac OS X) AppleWebKit/538.1 (KHTML, like Gecko)
        PhantomJS/2.1.1 Safari/538.1
      Cookie:
      - NID=78=b0bTAJSS8sETm1-_1ws9qV_7H9roWH-9XEYpO0Ep5ruh0-JVpYPEvh9q3al-iJD05cU7RPtO3xWzfA7_33Kla3pcLT6oT7QRHeViccfV5IhuZhCukaukzEMJtGOv2nvk;
        S=talkgadget=b4x4wCOqV92_XXd-D8Aimg
      Connection:
      - Keep-Alive
      Accept-Language:
      - en-GB,*
      Host:
      - talkgadget.google.com
  response:
    status:
      code: 200
      message: OK
    headers:
      Vary:
      - Accept-Encoding
      Content-Type:
      - text/css; charset=UTF-8
      Date:
      - Wed, 31 Aug 2016 22:07:56 GMT
      Expires:
      - Thu, 31 Aug 2017 22:07:56 GMT
      Last-Modified:
      - Tue, 30 Aug 2016 16:00:37 GMT
      X-Content-Type-Options:
      - nosniff
      Server:
      - sffe
      X-Xss-Protection:
      - 1; mode=block
      Cache-Control:
      - public, max-age=31536000
      Age:
      - '64453'
      Alternate-Protocol:
      - 443:quic
      Alt-Svc:
      - quic=":443"; ma=2592000; v="36,35,34,33,32,31,30"
      Accept-Ranges:
      - none
      Connection:
      - close
    body:
      encoding: UTF-8
      string: 'body.z-we,.z-we{font-family:Roboto;font-weight:400}.z-qa-Ig{background:rgba(255,255,255,0.8);bottom:0;left:0;right:0;position:fixed;top:0}.z-ma{font-weight:300}a.z-za,a:link.z-za,.z-za{color:#427fed}input.z-Zc,.z-Zc{border:1px
        solid #d9d9d9;border-top:1px solid #c0c0c0;font-family:Roboto;font-size:13px;font-weight:300;height:25px;padding:1px
        8px;-webkit-border-radius:1px;border-radius:1px}input.z-Zc:focus,.z-Zc:focus{border:1px
        solid #4d90fe;outline:none;-webkit-box-shadow:inset 0 1px 2px rgba(0,0,0,0.3);box-shadow:inset
        0 1px 2px rgba(0,0,0,0.3)}input.z-Zc::-ms-clear{display:none}.z-Zc::-ms-clear{display:none}button.z-b,.z-b{background-color:#fff;border:1px
        solid rgba(0,0,0,.15);color:#404040;font:400 16px/1 Roboto,sans-serif;outline:4px
        solid transparent;padding:6px 11px 6px 11px;-webkit-transition-property:background,border-color,box-shadow,color;-webkit-transition-duration:.15s;-webkit-transition-timing-function:ease-in-out;-webkit-border-radius:2px;border-radius:2px;-webkit-box-shadow:0
        1px 0 rgba(0,0,0,.05);box-shadow:0 1px 0 rgba(0,0,0,.05)}button.z-b:hover,.z-b:hover{background-color:#f5f5f5;border-color:rgba(0,0,0,.25);cursor:pointer;-webkit-box-shadow:0
        1px 0 rgba(0,0,0,.10);box-shadow:0 1px 0 rgba(0,0,0,.10)}button.z-b:active,.z-b:active{background:#e5e5e5;border-color:rgba(0,0,0,.25);color:#262626;-webkit-transition-duration:.05s;-webkit-box-shadow:inset
        0 1px 0 rgba(0,0,0,.1);box-shadow:inset 0 1px 0 rgba(0,0,0,.1)}button.z-b:focus,.z-b:focus{outline:5px
        solid rgba(118,167,250,0.4);outline-offset:-1px}button.z-b.c-b-o,.z-b.c-b-o,button.z-b.c-b-o:active,.z-b.c-b-o:active,button.z-b.c-b-o:hover,.z-b.c-b-o:hover{border-color:rgba(0,0,0,.15);color:#404040;cursor:default;-webkit-box-shadow:none;box-shadow:none;filter:alpha(opacity=50);opacity:.5}button.z-b-td-Hd,.z-b.z-b-td-Hd{color:#262626;background:#f5f5f5}button.z-b-td-Hd:active,.z-b.z-b-td-Hd:active{background:#e5e5e5}button.z-b-od,button.z-b.z-b-od,.z-b.z-b-od,button.z-b-Ia-Hd,button.z-b.z-b-Ia-Hd,.z-b.z-b-Ia-Hd,button.z-b-bd,button.z-b.z-b-bd,.z-b.z-b-bd,button.z-b-Ve,button.z-b.z-b-Ve,.z-b.z-b-Ve,button.z-b-gS7Ybc,button.z-b.z-b-gS7Ybc,.z-b.z-b-gS7Ybc{border:none;color:#fff;font-weight:500;padding:7px
        12px 7px 12px;-webkit-transition-property:background,box-shadow;-webkit-transition-duration:.15s;-webkit-transition-timing-function:ease-in-out;-webkit-font-smoothing:antialiased;-webkit-border-radius:2px;border-radius:2px;-webkit-box-shadow:0
        1px 0 rgba(0,0,0,.15);box-shadow:0 1px 0 rgba(0,0,0,.15)}button.z-b-od:hover,button.z-b.z-b-od:hover,.z-b.z-b-od:hover,button.z-b-Ia-Hd:hover,button.z-b.z-b-Ia-Hd:hover,.z-b.z-b-Ia-Hd:hover,button.z-b-bd:hover,button.z-b.z-b-bd:hover,.z-b.z-b-bd:hover,button.z-b-Ve:hover,button.z-b.z-b-Ve:hover,.z-b.z-b-Ve:hover,button.z-b-gS7Ybc:hover,button.z-b.z-b-gS7Ybc:hover,.z-b.z-b-gS7Ybc:hover{-webkit-box-shadow:inset
        0 -2px 0 rgba(0,0,0,.27);box-shadow:inset 0 -2px 0 rgba(0,0,0,.27)}button.z-b-od:active,button.z-b.z-b-od:active,.z-b.z-b-od:active,button.z-b-Ia-Hd:active,button.z-b.z-b-Ia-Hd:active,.z-b.z-b-Ia-Hd:active,button.z-b-bd:active,button.z-b.z-b-bd:active,.z-b.z-b-bd:active,button.z-b-Ve:active,button.z-b.z-b-Ve:active,.z-b.z-b-Ve:active,button.z-b-gS7Ybc:active,button.z-b.z-b-gS7Ybc:active,.z-b.z-b-gS7Ybc:active{-webkit-box-shadow:inset
        0 2px 0 rgba(0,0,0,.27);box-shadow:inset 0 2px 0 rgba(0,0,0,.27)}button.z-b-od.c-b-o,button.z-b.z-b-od.c-b-o,.z-b.z-b-od.c-b-o,button.z-b-Ia-Hd.c-b-o,button.z-b.z-b-Ia-Hd.c-b-o,.z-b.z-b-Ia-Hd.c-b-o,button.z-b-bd.c-b-o,button.z-b.z-b-bd.c-b-o,.z-b.z-b-bd.c-b-o,button.z-b-Ve.c-b-o,button.z-b.z-b-Ve.c-b-o,.z-b.z-b-Ve.c-b-o,button.z-b-gS7Ybc.c-b-o,button.z-gS7Ybc.z-b-gS7Ybc.c-b-o,.z-b.z-b-gS7Ybc.c-b-o{color:#fff;-webkit-box-shadow:none;box-shadow:none}button.z-b-Ia-Hd,button.z-b.z-b-Ia-Hd,.z-b.z-b-Ia-Hd{background-color:#737373}button.z-b-Ia-Hd:hover,button.z-b.z-b-Ia-Hd:hover,.z-b.z-b-Ia-Hd:hover{background-color:#808080}button.z-b-Ia-Hd:active,button.z-b.z-b-Ia-Hd:active,.z-b.z-b-Ia-Hd:active{background-color:#404040}button.z-b-Ia-Hd.c-b-o,button.z-b.z-b-Ia-Hd.c-b-o,.z-b.z-b-Ia-Hd.c-b-o{background-color:#737373}button.z-b-od,button.z-b.z-b-od,.z-b.z-b-od{background-color:#427fed}button.z-b-od:hover,button.z-b.z-b-od:hover,.z-b.z-b-od:hover{background-color:#4285f4}button.z-b-od:active,button.z-b.z-b-od:active,.z-b.z-b-od:active{background-color:#2c56b1}button.z-b-od.c-b-o,button.z-b.z-b-od.c-b-o,.z-b.z-b-od.c-b-o{background-color:#427fed}button.z-b-Ve,button.z-b.z-b-Ve,.z-b.z-b-Ve{background-color:#d73d32}button.z-b-Ve:hover,button.z-b.z-b-Ve:hover,.z-b.z-b-Ve:hover{background-color:#e74b37}button.z-b-Ve:active,button.z-b.z-b-Ve:active,.z-b.z-b-Ve:active{background-color:#be3e2e}button.z-b-Ve.c-b-o,button.z-b.z-b-Ve.c-b-o,.z-b.z-b-Ve.c-b-o{background-color:#d73d32}button.z-b-bd,button.z-b.z-b-bd,.z-b.z-b-bd{background-color:#53a93f}button.z-b-bd:hover,button.z-b.z-b-bd:hover,.z-b.z-b-bd:hover{background-color:#65b045}button.z-b-bd:active,button.z-b.z-b-bd:active,.z-b.z-b-bd:active{background-color:#3e802f}button.z-b-bd.c-b-o,button.z-b.z-b-bd.c-b-o,.z-b.z-b-bd.c-b-o{background-color:#53a93f}button.z-b-gS7Ybc,button.z-b.z-b-gS7Ybc,.z-b.z-b-gS7Ybc{background-color:#f4b400}button.z-b-gS7Ybc:hover,button.z-b.z-b-gS7Ybc:hover,.z-b.z-b-gS7Ybc:hover{background-color:#f8c022}button.z-b-gS7Ybc:active,button.z-b.z-b-gS7Ybc:active,.z-b.z-b-gS7Ybc:active{background-color:#e49307}button.z-b-gS7Ybc.c-b-o,button.z-b.z-b-gS7Ybc.c-b-o,.z-b.z-b-gS7Ybc.c-b-o{background-color:#f4b400}button.z-b-Ec,.z-b-Ec{background-color:#fff;border:1px
        solid rgba(0,0,0,0);color:#737373;font:400 12px/1 Roboto,sans-serif;padding:3px
        6px 2px 6px;-webkit-transition-property:background,border-color,box-shadow;-webkit-transition-duration:.05s,.218s,.218s;-webkit-transition-timing-function:ease-in-out;-webkit-border-radius:2px;border-radius:2px;-webkit-box-shadow:0
        1px 0 rgba(0,0,0,0);box-shadow:0 1px 0 rgba(0,0,0,0)}button.z-b-Ec:hover,.z-b-Ec:hover{border-color:rgba(0,0,0,.25);cursor:pointer;-webkit-box-shadow:0
        1px 0 rgba(0,0,0,.10);box-shadow:0 1px 0 rgba(0,0,0,.10)}button.z-b-Ec:active,.z-b-Ec:active{background:#e5e5e5;border-color:rgba(0,0,0,.25);-webkit-box-shadow:inset
        0 -1px 0 #ddd;box-shadow:inset 0 -1px 0 #ddd}button.z-b-Ec.c-b-o,.z-b-Ec.c-b-o,button.z-b-Ec.c-b-o:active,.z-b-Ec.c-b-o:active,button.z-b-Ec.c-b-o:hover,.z-b-Ec.c-b-o:hover{border-color:rgba(0,0,0,0);color:#737373;cursor:default;-webkit-box-shadow:none;box-shadow:none;filter:alpha(opacity=50);opacity:.5}.z-b.z-b-bd.g-Wh9Azc-b,.z-b.z-b-gS7Ybc.g-jke07b-b{-webkit-box-sizing:border-box;box-sizing:border-box;padding:0;width:100%;height:30px;outline:none;text-align:left;display:inline-block}.g-Wh9Azc-b-nb,.g-jke07b-b-nb{margin-left:7px;margin-top:5px}.g-Wh9Azc-b-Ja-F,.g-jke07b-b-Ja-F{padding-left:6px;font-family:Arial,sans-serif;font-size:12px;font-weight:bold;color:#fff;vertical-align:middle}.g-Wh9Azc-b-Ja-F{margin-left:20px}.g-jke07b-b-Ja-F{margin-left:20px}.g-Wh9Azc-b-nb{background:url(data:image/png;base64,iVBORw0KGgoAAAANSUhEUgAAABQAAAAUCAQAAAAngNWGAAAAAmJLR0QA/4ePzL8AAAAJcEhZcwAAAEgAAABIAEbJaz4AAAAJdnBBZwAAABQAAAAUAKM7KtEAAAB2SURBVCjPY/zPQBxgIlIdTRReYfiPFZ5HUsXNMJ/hP24A06P9/8r//4QVpvz/CuHgU8jzfzGCgxvo/b+O4DD+xx3iPxg4iAue38SGoynDZSQeXs9w/p9NjGcgwRPz/zNxChn+a0IC/AoOZVeR4pP7/3zGIZAeAdFoNZxQb6AuAAAAAElFTkSuQmCC)
        no-repeat;height:20px}.g-jke07b-b-nb{background:url(data:image/png;base64,iVBORw0KGgoAAAANSUhEUgAAABQAAAAUCAQAAAAngNWGAAAAAmJLR0QA/4ePzL8AAAAJcEhZcwAAAEgAAABIAEbJaz4AAAAJdnBBZwAAABQAAAAUAKM7KtEAAADlSURBVCjPjZIxTsQwEEVfNuCSjgukDAUS3Z6HDhp6GuAASEHKGSg4ANrlBrlAttsjhAKEAkGfIjGZOGvYP82X/TS2xx9hKlepWq1a1SqV273ROhXqZNWpkAtBp5V2ae1RDxaKqbDgSXCo1Vd/1wUAF6TAIQkJjo+JP+ASGDrWkvT7rCbw9dgx4y9lwAD2SiPekXpwC8ArDTcccxT4N779Hcvhhfdyupr5aj4edK73ARz9rR34g+I6nX7hSwR7/j8UkvSpsxD0MduoNeD1PGa2vB6V7gM+jWmMg53ulOxOuK1Ky3DtB9A81denIJFvAAAAAElFTkSuQmCC)
        no-repeat;height:20px}html{width:100%;-webkit-box-sizing:border-box;box-sizing:border-box}body{width:100%;-webkit-box-sizing:border-box;box-sizing:border-box;font-family:Arial,sans-serif;font-size:12px;padding:0;margin:0}.g-Wh9Azc-wa-t{width:100%;height:100%;background-color:#fff;-webkit-box-sizing:border-box;box-sizing:border-box}sentinel{}'
    http_version: 
  recorded_at: Mon, 01 Feb 2016 09:15:02 GMT
- request:
    method: get
    uri: https://talkgadget.google.com/_/scs/talk-static/_/js/k=wcs.createhangoutframe.en_GB.dYQ-nkMOhoc.O/m=createhangoutframe/rt=j/d=1/rs=AGyH-Furt2HBakerfCIjikBC5A9JPjwwvA
    body:
      encoding: UTF-8
      string: ''
    headers:
      Accept:
      - "*/*"
      Referer:
      - https://talkgadget.google.com/talkgadget/_/widget?render=createhangout&topic=Daily%20Standup&hangout_type=onair&initial_apps=%5B%7B%22app_id%22%3A%22%22%2C%22start_data%22%3A%7B%22title%22%3A%22Daily%20Standup%22%2C%22category%22%3A%22PairProgramming%22%2C%22projectId%22%3A%22%22%2C%22eventId%22%3A%221%22%2C%22hostId%22%3A1%2C%22hangoutId%22%3A%22100%22%2C%22callbackUrl%22%3A%22https%3A%2F%2F127.0.0.1%3A50012%2Fhangouts%2F%22%7D%2C%22app_type%22%3A%22LOCAL_APP%22%7D%5D&widget_size=175&origin=http%3A%2F%2F127.0.0.1%3A50012&gsrc=3p&jsh=m%3B%2F_%2Fscs%2Fapps-static%2F_%2Fjs%2Fk%3Doz.gapi.en_GB.pOO7yrbxBic.O%2Fm%3D__features__%2Fam%3DAQ%2Frt%3Dj%2Fd%3D1%2Frs%3DAGLTcCP2oT3puUj5majzgvZgAp3l-GJ8UA
      User-Agent:
      - Mozilla/5.0 (Macintosh; Intel Mac OS X) AppleWebKit/538.1 (KHTML, like Gecko)
        PhantomJS/2.1.1 Safari/538.1
      Cookie:
      - NID=78=b0bTAJSS8sETm1-_1ws9qV_7H9roWH-9XEYpO0Ep5ruh0-JVpYPEvh9q3al-iJD05cU7RPtO3xWzfA7_33Kla3pcLT6oT7QRHeViccfV5IhuZhCukaukzEMJtGOv2nvk;
        S=talkgadget=b4x4wCOqV92_XXd-D8Aimg
      Connection:
      - Keep-Alive
      Accept-Language:
      - en-GB,*
      Host:
      - talkgadget.google.com
  response:
    status:
      code: 200
      message: OK
    headers:
      Vary:
      - Accept-Encoding
      Content-Type:
      - text/javascript; charset=UTF-8
      Date:
      - Wed, 31 Aug 2016 22:07:56 GMT
      Expires:
      - Thu, 31 Aug 2017 22:07:56 GMT
      Last-Modified:
      - Tue, 30 Aug 2016 16:00:47 GMT
      X-Content-Type-Options:
      - nosniff
      Server:
      - sffe
      X-Xss-Protection:
      - 1; mode=block
      Cache-Control:
      - public, max-age=31536000
      Age:
      - '64453'
      Alternate-Protocol:
      - 443:quic
      Alt-Svc:
      - quic=":443"; ma=2592000; v="36,35,34,33,32,31,30"
      Accept-Ranges:
      - none
      Connection:
      - close
    body:
      encoding: UTF-8
      string: |
        try{
        for(var h,aa="function"==typeof Object.defineProperties?Object.defineProperty:function(a,b,c){if(c.get||c.set)throw new TypeError("ES3 does not support getters and setters.");a!=Array.prototype&&a!=Object.prototype&&(a[b]=c.value)},ba="undefined"!=typeof window&&window===this?this:"undefined"!=typeof global?global:this,ca=["String","prototype","repeat"],da=0;da<ca.length-1;da++){var ea=ca[da];ea in ba||(ba[ea]={});ba=ba[ea]}
        var fa=ca[ca.length-1],ga=ba[fa],ha=ga?ga:function(a){var b;if(null==this)throw new TypeError("The 'this' value for String.prototype.repeat must not be null or undefined");b=this+"";if(0>a||1342177279<a)throw new RangeError("Invalid count value");a|=0;for(var c="";a;)if(a&1&&(c+=b),a>>>=1)b+=b;return c};ha!=ga&&null!=ha&&aa(ba,fa,{configurable:!0,writable:!0,value:ha});
        var ia=ia||{},l=this,q=function(a){return void 0!==a},ja=function(a,b){var c=a.split("."),d=l;c[0]in d||!d.execScript||d.execScript("var "+c[0]);for(var e;c.length&&(e=c.shift());)!c.length&&q(b)?d[e]=b:d[e]?d=d[e]:d=d[e]={}},r=function(){},ka=function(a){a.Qa=function(){return a.Pb?a.Pb:a.Pb=new a}},la=function(a){var b=typeof a;if("object"==b)if(a){if(a instanceof Array)return"array";if(a instanceof Object)return b;var c=Object.prototype.toString.call(a);if("[object Window]"==c)return"object";if("[object Array]"==
        c||"number"==typeof a.length&&"undefined"!=typeof a.splice&&"undefined"!=typeof a.propertyIsEnumerable&&!a.propertyIsEnumerable("splice"))return"array";if("[object Function]"==c||"undefined"!=typeof a.call&&"undefined"!=typeof a.propertyIsEnumerable&&!a.propertyIsEnumerable("call"))return"function"}else return"null";else if("function"==b&&"undefined"==typeof a.call)return"object";return b},t=function(a){return"array"==la(a)},ma=function(a){var b=la(a);return"array"==b||"object"==b&&"number"==typeof a.length},
        w=function(a){return"string"==typeof a},na=function(a){return"number"==typeof a},x=function(a){return"function"==la(a)},sa=function(a){var b=typeof a;return"object"==b&&null!=a||"function"==b},ta="closure_uid_"+(1E9*Math.random()>>>0),ua=0,va=function(a,b,c){return a.call.apply(a.bind,arguments)},wa=function(a,b,c){if(!a)throw Error();if(2<arguments.length){var d=Array.prototype.slice.call(arguments,2);return function(){var c=Array.prototype.slice.call(arguments);Array.prototype.unshift.apply(c,d);
        return a.apply(b,c)}}return function(){return a.apply(b,arguments)}},A=function(a,b,c){A=Function.prototype.bind&&-1!=Function.prototype.bind.toString().indexOf("native code")?va:wa;return A.apply(null,arguments)},xa=function(a,b){var c=Array.prototype.slice.call(arguments,1);return function(){var b=c.slice();b.push.apply(b,arguments);return a.apply(this,b)}},ya=Date.now||function(){return+new Date},B=function(a,b){function c(){}c.prototype=b.prototype;a.u=b.prototype;a.prototype=new c;a.prototype.constructor= a;a.Yb=function(a,c,f){for(var g=Array(arguments.length-2),k=2;k<arguments.length;k++)g[k-2]=arguments[k];return b.prototype[c].apply(a,g)}};
        var C=function(a){if(Error.captureStackTrace)Error.captureStackTrace(this,C);else{var b=Error().stack;b&&(this.stack=b)}a&&(this.message=String(a))};B(C,Error);C.prototype.name="CustomError";var za;var Ea=function(a,b){return a.toLowerCase()==b.toLowerCase()},Fa=function(a){return/^[\s\xa0]*$/.test(a)},Ga=String.prototype.trim?function(a){return a.trim()}:function(a){return a.replace(/^[\s\xa0]+|[\s\xa0]+$/g,"")},Ta=function(a){if(!Ha.test(a))return a;-1!=a.indexOf("&")&&(a=a.replace(Ia,"&amp;"));-1!=a.indexOf("<")&&(a=a.replace(Ja,"&lt;"));-1!=a.indexOf(">")&&(a=a.replace(Ka,"&gt;"));-1!=a.indexOf('"')&&(a=a.replace(Qa,"&quot;"));-1!=a.indexOf("'")&&(a=a.replace(Ra,"&#39;"));-1!=a.indexOf("\x00")&&
        (a=a.replace(Sa,"&#0;"));return a},Ia=/&/g,Ja=/</g,Ka=/>/g,Qa=/"/g,Ra=/'/g,Sa=/\x00/g,Ha=/[\x00&<>"']/,Ua=String.prototype.repeat?function(a,b){return a.repeat(b)}:function(a,b){return Array(b+1).join(a)},Va=function(a){return null==a?"":String(a)},Wa=function(a,b){return a<b?-1:a>b?1:0};
        var Xa=Array.prototype.indexOf?function(a,b,c){return Array.prototype.indexOf.call(a,b,c)}:function(a,b,c){c=null==c?0:0>c?Math.max(0,a.length+c):c;if(w(a))return w(b)&&1==b.length?a.indexOf(b,c):-1;for(;c<a.length;c++)if(c in a&&a[c]===b)return c;return-1},Ya=Array.prototype.forEach?function(a,b,c){Array.prototype.forEach.call(a,b,c)}:function(a,b,c){for(var d=a.length,e=w(a)?a.split(""):a,f=0;f<d;f++)f in e&&b.call(c,e[f],f,a)},Za=Array.prototype.filter?function(a,b,c){return Array.prototype.filter.call(a,
        b,c)}:function(a,b,c){for(var d=a.length,e=[],f=0,g=w(a)?a.split(""):a,k=0;k<d;k++)if(k in g){var n=g[k];b.call(c,n,k,a)&&(e[f++]=n)}return e},$a=Array.prototype.map?function(a,b,c){return Array.prototype.map.call(a,b,c)}:function(a,b,c){for(var d=a.length,e=Array(d),f=w(a)?a.split(""):a,g=0;g<d;g++)g in f&&(e[g]=b.call(c,f[g],g,a));return e},ab=Array.prototype.some?function(a,b,c){return Array.prototype.some.call(a,b,c)}:function(a,b,c){for(var d=a.length,e=w(a)?a.split(""):a,f=0;f<d;f++)if(f in
        e&&b.call(c,e[f],f,a))return!0;return!1},bb=Array.prototype.every?function(a,b,c){return Array.prototype.every.call(a,b,c)}:function(a,b,c){for(var d=a.length,e=w(a)?a.split(""):a,f=0;f<d;f++)if(f in e&&!b.call(c,e[f],f,a))return!1;return!0},db=function(a){var b;a:{b=cb;for(var c=a.length,d=w(a)?a.split(""):a,e=0;e<c;e++)if(e in d&&b.call(void 0,d[e],e,a)){b=e;break a}b=-1}return 0>b?null:w(a)?a.charAt(b):a[b]},lb=function(a,b){return 0<=Xa(a,b)},mb=function(a,b){var c=Xa(a,b),d;(d=0<=c)&&Array.prototype.splice.call(a,
        c,1);return d},nb=function(a){return Array.prototype.concat.apply(Array.prototype,arguments)},ob=function(a){var b=a.length;if(0<b){for(var c=Array(b),d=0;d<b;d++)c[d]=a[d];return c}return[]},pb=function(a,b){for(var c=1;c<arguments.length;c++){var d=arguments[c];if(ma(d)){var e=a.length||0,f=d.length||0;a.length=e+f;for(var g=0;g<f;g++)a[e+g]=d[g]}else a.push(d)}};
        var qb;a:{var rb=l.navigator;if(rb){var sb=rb.userAgent;if(sb){qb=sb;break a}}qb=""}var E=function(a){return-1!=qb.indexOf(a)};var tb=function(a,b,c){for(var d in a)b.call(c,a[d],d,a)},ub=function(a){var b=[],c=0,d;for(d in a)b[c++]=a[d];return b},vb=function(a){var b=[],c=0,d;for(d in a)b[c++]=d;return b},wb="constructor hasOwnProperty isPrototypeOf propertyIsEnumerable toLocaleString toString valueOf".split(" "),xb=function(a,b){for(var c,d,e=1;e<arguments.length;e++){d=arguments[e];for(c in d)a[c]=d[c];for(var f=0;f<wb.length;f++)c=wb[f],Object.prototype.hasOwnProperty.call(d,c)&&(a[c]=d[c])}},yb=function(a){var b=arguments.length; if(1==b&&t(arguments[0]))return yb.apply(null,arguments[0]);for(var c={},d=0;d<b;d++)c[arguments[d]]=!0;return c};
        var Ab=function(a){Ab[" "](a);return a};Ab[" "]=r;var Cb=function(a,b){var c=Bb;return Object.prototype.hasOwnProperty.call(c,a)?c[a]:c[a]=b(a)};var Nb=E("Opera"),F=E("Trident")||E("MSIE"),G=E("Edge"),Ob=G||F,Pb=E("Gecko")&&!(-1!=qb.toLowerCase().indexOf("webkit")&&!E("Edge"))&&!(E("Trident")||E("MSIE"))&&!E("Edge"),H=-1!=qb.toLowerCase().indexOf("webkit")&&!E("Edge"),I=E("Macintosh"),Qb=function(){var a=l.document;return a?a.documentMode:void 0},Rb;
        a:{var Sb="",Tb=function(){var a=qb;if(Pb)return/rv\:([^\);]+)(\)|;)/.exec(a);if(G)return/Edge\/([\d\.]+)/.exec(a);if(F)return/\b(?:MSIE|rv)[: ]([^\);]+)(\)|;)/.exec(a);if(H)return/WebKit\/(\S+)/.exec(a);if(Nb)return/(?:Version)[ \/]?(\S+)/.exec(a)}();Tb&&(Sb=Tb?Tb[1]:"");if(F){var Ub=Qb();if(null!=Ub&&Ub>parseFloat(Sb)){Rb=String(Ub);break a}}Rb=Sb}
        var Vb=Rb,Bb={},J=function(a){return Cb(a,function(){for(var b=0,c=Ga(String(Vb)).split("."),d=Ga(String(a)).split("."),e=Math.max(c.length,d.length),f=0;0==b&&f<e;f++){var g=c[f]||"",k=d[f]||"";do{g=/(\d*)(\D*)(.*)/.exec(g)||["","","",""];k=/(\d*)(\D*)(.*)/.exec(k)||["","","",""];if(0==g[0].length&&0==k[0].length)break;b=Wa(0==g[1].length?0:parseInt(g[1],10),0==k[1].length?0:parseInt(k[1],10))||Wa(0==g[2].length,0==k[2].length)||Wa(g[2],k[2]);g=g[3];k=k[3]}while(0==b)}return 0<=b})},Wb=l.document, Xb=Wb&&F?Qb()||("CSS1Compat"==Wb.compatMode?parseInt(Vb,10):5):void 0;
        var Yb=null,Zb=null,$b=function(a,b){if(!Yb){Yb={};Zb={};for(var c=0;65>c;c++)Yb[c]="ABCDEFGHIJKLMNOPQRSTUVWXYZabcdefghijklmnopqrstuvwxyz0123456789+/=".charAt(c),Zb[c]="ABCDEFGHIJKLMNOPQRSTUVWXYZabcdefghijklmnopqrstuvwxyz0123456789-_.".charAt(c)}for(var c=b?Zb:Yb,d=[],e=0;e<a.length;e+=3){var f=a[e],g=e+1<a.length,k=g?a[e+1]:0,n=e+2<a.length,v=n?a[e+2]:0,D=f>>2,f=(f&3)<<4|k>>4,k=(k&15)<<2|v>>6,v=v&63;n||(v=64,g||(k=64));d.push(c[D],c[f],c[k],c[v])}return d.join("")};
        var ac=function(a){return/^\s*$/.test(a)?!1:/^[\],:{}\s\u2028\u2029]*$/.test(a.replace(/\\["\\\/bfnrtu]/g,"@").replace(/(?:"[^"\\\n\r\u2028\u2029\x00-\x08\x0a-\x1f]*"|true|false|null|-?\d+(?:\.\d*)?(?:[eE][+\-]?\d+)?)[\s\u2028\u2029]*(?=:|,|]|}|$)/g,"]").replace(/(?:^|:|,)(?:[\s\u2028\u2029]*\[)+/g,""))},bc=function(a){a=String(a);if(ac(a))try{return eval("("+a+")")}catch(b){}throw Error("c`"+a);},ec=function(a,b){var c=[];cc(new dc(b),a,c);return c.join("")},dc=function(a){this.b=a},cc=function(a,
        b,c){if(null==b)c.push("null");else{if("object"==typeof b){if(t(b)){var d=b;b=d.length;c.push("[");for(var e="",f=0;f<b;f++)c.push(e),e=d[f],cc(a,a.b?a.b.call(d,String(f),e):e,c),e=",";c.push("]");return}if(b instanceof String||b instanceof Number||b instanceof Boolean)b=b.valueOf();else{c.push("{");f="";for(d in b)Object.prototype.hasOwnProperty.call(b,d)&&(e=b[d],"function"!=typeof e&&(c.push(f),fc(d,c),c.push(":"),cc(a,a.b?a.b.call(b,d,e):e,c),f=","));c.push("}");return}}switch(typeof b){case "string":fc(b,
        c);break;case "number":c.push(isFinite(b)&&!isNaN(b)?String(b):"null");break;case "boolean":c.push(String(b));break;case "function":c.push("null");break;default:throw Error("d`"+typeof b);}}},gc={'"':'\\"',"\\":"\\\\","/":"\\/","\b":"\\b","\f":"\\f","\n":"\\n","\r":"\\r","\t":"\\t","\x0B":"\\u000b"},hc=/\uffff/.test("\uffff")?/[\\\"\x00-\x1f\x7f-\uffff]/g:/[\\\"\x00-\x1f\x7f-\xff]/g,fc=function(a,b){b.push('"',a.replace(hc,function(a){var b=gc[a];b||(b="\\u"+(a.charCodeAt(0)|65536).toString(16).substr(1), gc[a]=b);return b}),'"')};
        var K=function(){},ic="function"==typeof Uint8Array;K.prototype.V=function(){return this.T};
        var L=function(a,b,c,d){a.b=null;b||(b=c?[c]:[]);a.T=c?String(c):void 0;a.j=0===c?-1:0;a.g=b;a:{if(a.g.length&&(b=a.g.length-1,(c=a.g[b])&&"object"==typeof c&&!t(c)&&!(ic&&c instanceof Uint8Array))){a.o=b-a.j;a.i=c;break a}a.o=Number.MAX_VALUE}a.wa={};if(d)for(b=0;b<d.length;b++)c=d[b],c<a.o?(c+=a.j,a.g[c]=a.g[c]||jc):a.i[c]=a.i[c]||jc},jc=[],M=function(a,b){if(b<a.o){var c=b+a.j,d=a.g[c];return d===jc?a.g[c]=[]:d}d=a.i[b];return d===jc?a.i[b]=[]:d},N=function(a,b,c){b<a.o?a.g[b+a.j]=c:a.i[b]=c},
        kc=function(a,b,c){a.b||(a.b={});if(!a.b[c]){var d=M(a,c);d&&(a.b[c]=new b(d))}return a.b[c]},lc=function(a,b,c){a.b||(a.b={});if(!a.b[c]){for(var d=M(a,c),e=[],f=0;f<d.length;f++)e[f]=new b(d[f]);a.b[c]=e}b=a.b[c];b==jc&&(b=a.b[c]=[]);return b},nc=function(a,b,c){a.b||(a.b={});var d=c?mc(c):c;a.b[b]=c;N(a,b,d)},oc=function(a,b,c){a.b||(a.b={});c=c||[];for(var d=[],e=0;e<c.length;e++)d[e]=mc(c[e]);a.b[b]=c;N(a,b,d)},pc=function(a){if(a.b)for(var b in a.b){var c=a.b[b];if(t(c))for(var d=0;d<c.length;d++)c[d]&&
        mc(c[d]);else c&&mc(c)}},mc=function(a){pc(a);return a.g},Fc=l.JSON&&l.JSON.stringify||"object"===typeof JSON&&JSON.stringify;K.prototype.s=ic?function(){var a=Uint8Array.prototype.toJSON;Uint8Array.prototype.toJSON=function(){return $b(this)};try{var b=Fc.call(null,mc(this),Gc)}finally{Uint8Array.prototype.toJSON=a}return b}:Fc?function(){return Fc.call(null,mc(this),Gc)}:function(){return ec(mc(this),Gc)};
        var Gc=function(a,b){if(na(b)){if(isNaN(b))return"NaN";if(Infinity===b)return"Infinity";if(-Infinity===b)return"-Infinity"}return b};K.prototype.toString=function(){pc(this);return this.g.toString()};var Hc=function(a){var b;if(t(a)){for(var c=Array(a.length),d=0;d<a.length;d++)null!=(b=a[d])&&(c[d]="object"==typeof b?Hc(b):b);return c}if(ic&&a instanceof Uint8Array)return new Uint8Array(a);c={};for(d in a)null!=(b=a[d])&&(c[d]="object"==typeof b?Hc(b):b);return c};
        var Ic=function(a){L(this,a,0,null)};B(Ic,K);Ic.prototype.getId=function(){return M(this,2)};var Kc=function(a){L(this,a,0,Jc)};B(Kc,K);var Jc=[6,19,29,30,34,38,41],Mc=function(a){return kc(a,Lc,13)},Oc=function(a){return lc(a,Nc,19)},Pc=function(a){return null!=M(a,28)?M(a,28):!1},Lc=function(a){L(this,a,0,null)};B(Lc,K);var Qc=function(a){L(this,a,0,null)};B(Qc,K);var Nc=function(a){L(this,a,0,null)};B(Nc,K);var O=function(a){return kc(a,Rc,3)},Rc=function(a){L(this,a,0,null)};B(Rc,K);var Sc=function(a){L(this,a,0,null)};B(Sc,K);
        var Tc=function(a){return function(){return a}}(!1);var Uc="StopIteration"in l?l.StopIteration:{message:"StopIteration",stack:""},Vc=function(){};Vc.prototype.next=function(){throw Uc;};Vc.prototype.o=function(){return this};var Wc=function(){};var Xc=function(){};B(Xc,Wc);var Yc=function(a){this.b=a};B(Yc,Xc);Yc.prototype.set=function(a,b){try{this.b.setItem(a,b)}catch(c){if(0==this.b.length)throw"Storage mechanism: Storage disabled";throw"Storage mechanism: Quota exceeded";}};Yc.prototype.get=function(a){a=this.b.getItem(a);if(!w(a)&&null!==a)throw"Storage mechanism: Invalid value was encountered";return a};
        Yc.prototype.o=function(a){var b=0,c=this.b,d=new Vc;d.next=function(){if(b>=c.length)throw Uc;var d=c.key(b++);if(a)return d;d=c.getItem(d);if(!w(d))throw"Storage mechanism: Invalid value was encountered";return d};return d};Yc.prototype.key=function(a){return this.b.key(a)};
        var Zc=function(){var a=null;try{a=window.localStorage||null}catch(b){}this.b=a};B(Zc,Yc);var $c=function(){this.b=new Zc};$c.prototype.g=Tc;var ad=function(a,b,c,d,e,f,g){var k="";a&&(k+=a+":");c&&(k+="//",b&&(k+=b+"@"),k+=c,d&&(k+=":"+d));e&&(k+=e);f&&(k+="?"+f);g&&(k+="#"+g);return k},bd=/^(?:([^:/?#.]+):)?(?:\/\/(?:([^/?#]*)@)?([^/#?]*?)(?::([0-9]+))?(?=[/#?]|$))?([^?#]+)?(?:\?([^#]*))?(?:#([\s\S]*))?$/,cd=function(a,b){var c=a.indexOf("#");return(0>c?a:a.substr(0,c))+(b?"#"+b:"")},dd=function(a,b){if(a)for(var c=a.split("&"),d=0;d<c.length;d++){var e=c[d].indexOf("="),f,g=null;0<=e?(f=c[d].substring(0,e),g=c[d].substring(e+1)):f=
        c[d];b(f,g?decodeURIComponent(g.replace(/\+/g," ")):"")}},ed=function(a,b,c,d){for(var e=c.length;0<=(b=a.indexOf(c,b))&&b<d;){var f=a.charCodeAt(b-1);if(38==f||63==f)if(f=a.charCodeAt(b+e),!f||61==f||38==f||35==f)return b;b+=e+1}return-1},fd=/#|$/,gd=/[?&]($|#)/,P=function(a,b,c){for(var d=a.search(fd),e=0,f,g=[];0<=(f=ed(a,e,b,d));)g.push(a.substring(e,f)),e=Math.min(a.indexOf("&",f)+1||d,d);g.push(a.substr(e));a=[g.join("").replace(gd,"$1"),"&",b];null!=c&&a.push("=",encodeURIComponent(String(c)));
        a[1]&&(c=a[0],b=c.indexOf("#"),0<=b&&(a.push(c.substr(b)),a[0]=c=c.substr(0,b)),b=c.indexOf("?"),0>b?a[1]="?":b==c.length-1&&(a[1]=void 0));return a.join("")},hd=function(a,b){0==b.lastIndexOf("/",0)||(b="/"+b);var c=a.match(bd);return ad(c[1],c[2],c[3],c[4],b,c[6],c[7])};
        var id=function(a){a=Oc(a);return null!=a&&1==a.length&&null!=O(a[0])&&null!=M(O(a[0]),2)},kd=function(a){var b;b=null!=kc(a,Ic,18)&&(Ea(M(kc(a,Ic,18),1),"conversation")||Ea(M(kc(a,Ic,18),1),"tee"))?jd(kc(a,Ic,18))||M(a,1)||"":M(a,1)||jd(kc(a,Ic,18))||"";switch(M(a,2)){case 2:a="/hangouts/_/stream";break;case 7:a="/expresslane";break;default:a="/hangouts/_"}return a+"/"+b},ld=function(a){for(var b=[],c=0;c<a.length;c++){var d=M(a[c],4);null!=d&&b.push(d)}return b},md=function(a){if(0<M(a,31)){a=Oc(a);
        for(var b=[],c=0;c<a.length&&(null==O(a[c])||null==M(O(a[c]),3)||(b.push(M(O(a[c]),3)),5!=b.length));c++);return b.join(",")}return null},R=function(a,b,c){null!=c&&(!0===c?a=P(a,b,"1"):!1!==c&&(t(c)?0<c.length&&(a=P(a,b,c)):a=P(a,b,c)));return a},nd=function(a,b){a=new a.constructor(Hc(mc(a)));null==M(a,1)&&N(a,1,"");null==M(a,2)&&N(a,2,0);if(b){var c=a,d=ya(),e;e=1E6*Math.random();e=q(0)?e.toFixed(0):String(e);var f=e.indexOf(".");-1==f&&(f=e.length);e=Ua("0",Math.max(0,6-f))+e;N(c,21,d+e)}return a}, jd=function(a){return null==a||Fa(Va(M(a,1)))||Fa(Va(a.getId()))?void 0:M(a,1)+"/"+a.getId()};
        var pd=function(){this.b="";this.g=od};pd.prototype.vb=!0;pd.prototype.lb=function(){return this.b};var qd=function(a){if(a instanceof pd&&a.constructor===pd&&a.g===od)return a.b;la(a);return"type_error:SafeUrl"},rd=/^(?:(?:https?|mailto|ftp):|[^&:/?#]*(?:[/?#]|$))/i,td=function(a){if(a instanceof pd)return a;a=a.vb?a.lb():String(a);rd.test(a)||(a="about:invalid#zClosurez");return sd(a)},od={},sd=function(a){var b=new pd;b.b=a;return b};sd("about:blank");
        var vd=function(){this.b="";this.g=ud};vd.prototype.vb=!0;vd.prototype.lb=function(){return this.b};var ud={};var xd=function(){this.b="";this.g=wd};xd.prototype.vb=!0;xd.prototype.lb=function(){return this.b};var yd=function(a){if(a instanceof xd&&a.constructor===xd&&a.g===wd)return a.b;la(a);return"type_error:SafeHtml"},wd={},zd=function(a){var b=new xd;b.b=a;return b};zd("<!DOCTYPE html>");zd("");zd("<br>");
        var Ad=function(a,b){this.g={};this.b=[];this.j=this.i=0;var c=arguments.length;if(1<c){if(c%2)throw Error("b");for(var d=0;d<c;d+=2)this.set(arguments[d],arguments[d+1])}else if(a){a instanceof Ad?(c=a.Aa(),d=a.va()):(c=vb(a),d=ub(a));for(var e=0;e<c.length;e++)this.set(c[e],d[e])}};Ad.prototype.va=function(){Bd(this);for(var a=[],b=0;b<this.b.length;b++)a.push(this.g[this.b[b]]);return a};Ad.prototype.Aa=function(){Bd(this);return this.b.concat()};
        var Bd=function(a){if(a.i!=a.b.length){for(var b=0,c=0;b<a.b.length;){var d=a.b[b];Cd(a.g,d)&&(a.b[c++]=d);b++}a.b.length=c}if(a.i!=a.b.length){for(var e={},c=b=0;b<a.b.length;)d=a.b[b],Cd(e,d)||(a.b[c++]=d,e[d]=1),b++;a.b.length=c}};Ad.prototype.get=function(a,b){return Cd(this.g,a)?this.g[a]:b};Ad.prototype.set=function(a,b){Cd(this.g,a)||(this.i++,this.b.push(a),this.j++);this.g[a]=b};
        Ad.prototype.forEach=function(a,b){for(var c=this.Aa(),d=0;d<c.length;d++){var e=c[d],f=this.get(e);a.call(b,f,e,this)}};Ad.prototype.o=function(a){Bd(this);var b=0,c=this.j,d=this,e=new Vc;e.next=function(){if(c!=d.j)throw Error("h");if(b>=d.b.length)throw Uc;var e=d.b[b++];return a?e:d.g[e]};return e};var Cd=function(a,b){return Object.prototype.hasOwnProperty.call(a,b)};
        var Dd=function(a){if(a.va&&"function"==typeof a.va)return a.va();if(w(a))return a.split("");if(ma(a)){for(var b=[],c=a.length,d=0;d<c;d++)b.push(a[d]);return b}return ub(a)},Ed=function(a){if(a.Aa&&"function"==typeof a.Aa)return a.Aa();if(!a.va||"function"!=typeof a.va){if(ma(a)||w(a)){var b=[];a=a.length;for(var c=0;c<a;c++)b.push(c);return b}return vb(a)}},Fd=function(a,b){if(a.forEach&&"function"==typeof a.forEach)a.forEach(b,void 0);else if(ma(a)||w(a))Ya(a,b,void 0);else for(var c=Ed(a),d=Dd(a), e=d.length,f=0;f<e;f++)b.call(void 0,d[f],c&&c[f],a)};
        var Gd=function(a,b,c){this.g=this.b=null;this.i=a||null;this.j=!!c},Id=function(a){a.b||(a.b=new Ad,a.g=0,a.i&&dd(a.i,function(b,c){Hd(a,decodeURIComponent(b.replace(/\+/g," ")),c)}))},Hd=function(a,b,c){Id(a);a.i=null;b=Jd(a,b);var d=a.b.get(b);d||a.b.set(b,d=[]);d.push(c);a.g+=1},Kd=function(a,b){Id(a);b=Jd(a,b);return Cd(a.b.g,b)};h=Gd.prototype;h.Aa=function(){Id(this);for(var a=this.b.va(),b=this.b.Aa(),c=[],d=0;d<b.length;d++)for(var e=a[d],f=0;f<e.length;f++)c.push(b[d]);return c};
        h.va=function(a){Id(this);var b=[];if(w(a))Kd(this,a)&&(b=nb(b,this.b.get(Jd(this,a))));else{a=this.b.va();for(var c=0;c<a.length;c++)b=nb(b,a[c])}return b};h.set=function(a,b){Id(this);this.i=null;a=Jd(this,a);Kd(this,a)&&(this.g-=this.b.get(a).length);this.b.set(a,[b]);this.g+=1;return this};h.get=function(a,b){var c=a?this.va(a):[];return 0<c.length?String(c[0]):b};
        h.toString=function(){if(this.i)return this.i;if(!this.b)return"";for(var a=[],b=this.b.Aa(),c=0;c<b.length;c++)for(var d=b[c],e=encodeURIComponent(String(d)),d=this.va(d),f=0;f<d.length;f++){var g=e;""!==d[f]&&(g+="="+encodeURIComponent(String(d[f])));a.push(g)}return this.i=a.join("&")};var Jd=function(a,b){var c=String(b);a.j&&(c=c.toLowerCase());return c};
        var Ld=function(a){L(this,a,"w:hc",null)};B(Ld,K);Ld.b="w:hc";var Md=function(a){L(this,a,"w:wi",null)};B(Md,K);Md.b="w:wi";var Od=function(a){L(this,a,0,Nd)};B(Od,K);var Nd=[12,16,18],Pd=function(a){return null!=M(a,8)?M(a,8):0},Qd=function(a){return null!=M(a,17)?M(a,17):1},Sd=function(a){L(this,a,0,null)};B(Sd,K);var Td=function(a){return null!=M(a,1)?M(a,1):1};Sd.prototype.getId=function(){return M(this,2)};
        var Ud=function(){},oe=function(a){for(var b=a.constructor;b&&!b.Ha;)b=b.u&&b.u.constructor;b.Ha.Db||(b.Ha.Db=ne(b));return new b.Ha.Db(a)},ne=function(a){var b=a.Ha,c=function(a){c.u.constructor.call(this,a);var b=this.ra.length;this.b=[];for(var d=0;d<b;++d)this.ra[d].ac||(this.b[d]=new this.ra[d](a))};B(c,b);for(var d=[];a;){if(b=a.Ha){b.ra&&pb(d,b.ra);var e=b.prototype,f;for(f in e)if(e.hasOwnProperty(f)&&x(e[f])&&e[f]!==b){var g=!!e[f].Zb,k=pe(f,e,d,g);(g=qe(f,e,k,g))&&(c.prototype[f]=g)}}a=
        a.u&&a.u.constructor}c.prototype.ra=d;return c},pe=function(a,b,c,d){for(var e=[],f=0;f<c.length&&(c[f].prototype[a]===b[a]||(e.push(f),!d));++f);return e},qe=function(a,b,c,d){var e;c.length?d?e=function(b){var d=this.b[c[0]];return d?d[a].apply(this.b[c[0]],arguments):this.ra[c[0]].prototype[a].apply(this,arguments)}:b[a].Ab?e=function(b){var d;a:{d=Array.prototype.slice.call(arguments,0);for(var e=0;e<c.length;++e){var n=this.b[c[e]];if(n=n?n[a].apply(n,d):this.ra[c[e]].prototype[a].apply(this,
        d)){d=n;break a}}d=!1}return d}:b[a].Sb?e=function(b){var d;a:{d=Array.prototype.slice.call(arguments,0);for(var e=0;e<c.length;++e){var n=this.b[c[e]],n=n?n[a].apply(n,d):this.ra[c[e]].prototype[a].apply(this,d);if(null!=n){d=n;break a}}d=void 0}return d}:b[a].Vb?e=function(b){for(var d=Array.prototype.slice.call(arguments,0),e=0;e<c.length;++e){var n=this.b[c[e]];n?n[a].apply(n,d):this.ra[c[e]].prototype[a].apply(this,d)}}:e=function(b){for(var d=Array.prototype.slice.call(arguments,0),e=[],n=0;n<
        c.length;++n){var v=this.b[c[n]];e.push(v?v[a].apply(v,d):this.ra[c[n]].prototype[a].apply(this,d))}return e}:d||b[a].Ab||b[a].Sb||b[a].Vb?e=null:e=re;return e},re=function(){return[]};Ud.prototype.i=function(a){if(this.b)for(var b=0;b<this.b.length;++b)if(this.b[b]instanceof a)return this.b[b];return null};
        var se=function(a){return this.kb.i(a)};var te=!F||9<=Number(Xb);!Pb&&!F||F&&9<=Number(Xb)||Pb&&J("1.9.1");F&&J("9");var ve=function(a){var b=document,c=null;b.getElementsByClassName?c=b.getElementsByClassName(a)[0]:b.querySelectorAll&&b.querySelector?c=b.querySelector("."+a):c=ue(a)[0];return c||null},ue=function(a){var b,c,d,e;b=document;if(b.querySelectorAll&&b.querySelector&&a)return b.querySelectorAll(""+(a?"."+a:""));if(a&&b.getElementsByClassName){var f=b.getElementsByClassName(a);return f}f=b.getElementsByTagName("*");if(a){e={};for(c=d=0;b=f[c];c++){var g=b.className;"function"==typeof g.split&&lb(g.split(/\s+/),
        a)&&(e[d++]=b)}e.length=d;return e}return f},xe=function(a,b){tb(b,function(b,d){"style"==d?a.style.cssText=b:"class"==d?a.className=b:"for"==d?a.htmlFor=b:we.hasOwnProperty(d)?a.setAttribute(we[d],b):0==d.lastIndexOf("aria-",0)||0==d.lastIndexOf("data-",0)?a.setAttribute(d,b):a[d]=b})},we={cellpadding:"cellPadding",cellspacing:"cellSpacing",colspan:"colSpan",frameborder:"frameBorder",height:"height",maxlength:"maxLength",nonce:"nonce",role:"role",rowspan:"rowSpan",type:"type",usemap:"useMap",valign:"vAlign",
        width:"width"},ye=function(a){return a.parentWindow||a.defaultView},Ae=function(a,b,c){function d(c){c&&b.appendChild(w(c)?a.createTextNode(c):c)}for(var e=2;e<c.length;e++){var f=c[e];!ma(f)||sa(f)&&0<f.nodeType?d(f):Ya(ze(f)?ob(f):f,d)}},Be=function(a){a&&a.parentNode&&a.parentNode.removeChild(a)},Ce=function(a){for(;a&&1!=a.nodeType;)a=a.nextSibling;return a},De=function(a,b){if(!a||!b)return!1;if(a.contains&&1==b.nodeType)return a==b||a.contains(b);if("undefined"!=typeof a.compareDocumentPosition)return a==
        b||!!(a.compareDocumentPosition(b)&16);for(;b&&a!=b;)b=b.parentNode;return b==a},Ee=function(a){return 9==a.nodeType?a:a.ownerDocument||a.document},Fe=function(a,b){b?a.tabIndex=0:(a.tabIndex=-1,a.removeAttribute("tabIndex"))},Ge=function(a){a=a.getAttributeNode("tabindex");return null!=a&&a.specified},He=function(a){a=a.tabIndex;return na(a)&&0<=a&&32768>a},ze=function(a){if(a&&"number"==typeof a.length){if(sa(a))return"function"==typeof a.item||"string"==typeof a.item;if(x(a))return"function"==
        typeof a.item}return!1},Ie=function(a){this.b=a||l.document||document};Ie.prototype.S=function(a){return w(a)?this.b.getElementById(a):a};
        Ie.prototype.g=function(a,b,c){var d=this.b,e=arguments,f=String(e[0]),g=e[1];if(!te&&g&&(g.name||g.type)){f=["<",f];g.name&&f.push(' name="',Ta(g.name),'"');if(g.type){f.push(' type="',Ta(g.type),'"');var k={};xb(k,g);delete k.type;g=k}f.push(">");f=f.join("")}f=d.createElement(f);g&&(w(g)?f.className=g:t(g)?f.className=g.join(" "):xe(f,g));2<e.length&&Ae(d,f,e);return f};Ie.prototype.contains=De;
        var Je=function(a,b){if("textContent"in a)a.textContent=b;else if(3==a.nodeType)a.data=b;else if(a.firstChild&&3==a.firstChild.nodeType){for(;a.lastChild!=a.firstChild;)a.removeChild(a.lastChild);a.firstChild.data=b}else{for(var c;c=a.firstChild;)a.removeChild(c);a.appendChild(Ee(a).createTextNode(String(b)))}};
        F&&J(8);var Ke={},Le={},Me=function(){throw Error("j");};Me.prototype.g=null;Me.prototype.toString=function(){return this.b};var Ne=function(a){if(!sa(a))return String(a);if(a instanceof Me){if(a.i===Ke)return a.b;if(a.i===Le)return Ta(a.b)}return"zSoyz"};var Oe=function(){Me.call(this)};B(Oe,Me);Oe.prototype.i=Ke;var Pe=function(a){function b(a){this.b=a}b.prototype=a.prototype;return function(a,d){var e=new b(String(a));void 0!==d&&(e.g=d);return e}}(Oe);(function(a){function b(a){this.b=a}b.prototype=a.prototype;return function(a,d){var e=String(a);if(!e)return"";e=new b(e);void 0!==d&&(e.g=d);return e}})(Oe);
        var Qe;yb("A AREA BUTTON HEAD INPUT LINK MENU META OPTGROUP OPTION PROGRESS STYLE SELECT SOURCE TEXTAREA TITLE TRACK".split(" "));
        var Re=function(a,b,c){t(c)&&(c=c.join(" "));var d="aria-"+b;""===c||void 0==c?(Qe||(Qe={atomic:!1,autocomplete:"none",dropeffect:"none",haspopup:!1,live:"off",multiline:!1,multiselectable:!1,orientation:"vertical",readonly:!1,relevant:"additions text",required:!1,sort:"none",busy:!1,disabled:!1,hidden:!1,invalid:"false"}),c=Qe,b in c?a.setAttribute(d,c[b]):a.removeAttribute(d)):a.setAttribute(d,c)};
        var Se=function(a,b,c){this.j=c;this.i=a;this.o=b;this.g=0;this.b=null};Se.prototype.get=function(){var a;0<this.g?(this.g--,a=this.b,this.b=a.next,a.next=null):a=this.i();return a};var Te=function(a,b){a.o(b);a.g<a.j&&(a.g++,b.next=a.b,a.b=b)};var Ue=function(a){l.setTimeout(function(){throw a;},0)},Ve,We=function(){var a=l.MessageChannel;"undefined"===typeof a&&"undefined"!==typeof window&&window.postMessage&&window.addEventListener&&!E("Presto")&&(a=function(){var a=document.createElement("IFRAME");a.style.display="none";a.src="";document.documentElement.appendChild(a);var b=a.contentWindow,a=b.document;a.open();a.write("");a.close();var c="callImmediate"+Math.random(),d="file:"==b.location.protocol?"*":b.location.protocol+"//"+b.location.host,
        a=A(function(a){if(("*"==d||a.origin==d)&&a.data==c)this.port1.onmessage()},this);b.addEventListener("message",a,!1);this.port1={};this.port2={postMessage:function(){b.postMessage(c,d)}}});if("undefined"!==typeof a&&!E("Trident")&&!E("MSIE")){var b=new a,c={},d=c;b.port1.onmessage=function(){if(q(c.next)){c=c.next;var a=c.cb;c.cb=null;a()}};return function(a){d.next={cb:a};d=d.next;b.port2.postMessage(0)}}return"undefined"!==typeof document&&"onreadystatechange"in document.createElement("SCRIPT")? function(a){var b=document.createElement("SCRIPT");b.onreadystatechange=function(){b.onreadystatechange=null;b.parentNode.removeChild(b);b=null;a();a=null};document.documentElement.appendChild(b)}:function(a){l.setTimeout(a,0)}};
        var Ye=new Se(function(){return new Xe},function(a){a.reset()},100),$e=function(){var a=Ze,b=null;a.b&&(b=a.b,a.b=a.b.next,a.b||(a.g=null),b.next=null);return b},Xe=function(){this.next=this.g=this.b=null};Xe.prototype.set=function(a,b){this.b=a;this.g=b;this.next=null};Xe.prototype.reset=function(){this.next=this.g=this.b=null};
        var df=function(a,b){af||bf();cf||(af(),cf=!0);var c=Ze,d=Ye.get();d.set(a,b);c.g?c.g.next=d:c.b=d;c.g=d},af,bf=function(){if(l.Promise&&l.Promise.resolve){var a=l.Promise.resolve(void 0);af=function(){a.then(ef)}}else af=function(){var a=ef;!x(l.setImmediate)||l.Window&&l.Window.prototype&&!E("Edge")&&l.Window.prototype.setImmediate==l.setImmediate?(Ve||(Ve=We()),Ve(a)):l.setImmediate(a)}},cf=!1,Ze=new function(){this.g=this.b=null},ef=function(){for(var a;a=$e();){try{a.b.call(a.g)}catch(b){Ue(b)}Te(Ye, a)}cf=!1};
        var ff=function(){this.T=this.T;this.ha=this.ha};ff.prototype.T=!1;ff.prototype.Ia=function(){this.T||(this.T=!0,this.W())};var gf=function(a,b){a.T?q(void 0)?b.call(void 0):b():(a.ha||(a.ha=[]),a.ha.push(q(void 0)?A(b,void 0):b))};ff.prototype.W=function(){if(this.ha)for(;this.ha.length;)this.ha.shift()()};var hf=function(a){a&&"function"==typeof a.Ia&&a.Ia()};
        var jf=function(a){if(a.classList)return a.classList;a=a.className;return w(a)&&a.match(/\S+/g)||[]},kf=function(a,b){return a.classList?a.classList.contains(b):lb(jf(a),b)},lf=function(a,b){a.classList?a.classList.add(b):kf(a,b)||(a.className+=0<a.className.length?" "+b:b)},mf=function(a,b){if(a.classList)Ya(b,function(b){lf(a,b)});else{var c={};Ya(jf(a),function(a){c[a]=!0});Ya(b,function(a){c[a]=!0});a.className="";for(var d in c)a.className+=0<a.className.length?" "+d:d}},nf=function(a,b){a.classList? a.classList.remove(b):kf(a,b)&&(a.className=Za(jf(a),function(a){return a!=b}).join(" "))},of=function(a,b){a.classList?Ya(b,function(b){nf(a,b)}):a.className=Za(jf(a),function(a){return!lb(b,a)}).join(" ")};
        var pf=!F||9<=Number(Xb),qf=!F||9<=Number(Xb),rf=F&&!J("9");!H||J("528");Pb&&J("1.9b")||F&&J("8")||Nb&&J("9.5")||H&&J("528");Pb&&!J("8")||F&&J("9");var sf=function(a,b){this.type=a;this.g=this.target=b;this.j=!1;this.Qb=!0};sf.prototype.w=function(){this.j=!0};sf.prototype.s=function(){this.Qb=!1};var tf=function(a,b){sf.call(this,a?a.type:"");this.o=this.g=this.target=null;this.b=0;this.v=this.metaKey=this.shiftKey=this.altKey=this.ctrlKey=!1;this.i=null;if(a){var c=this.type=a.type;this.target=a.target||a.srcElement;this.g=b;var d=a.relatedTarget;if(d){if(Pb){var e;a:{try{Ab(d.nodeName);e=!0;break a}catch(f){}e=!1}e||(d=null)}}else"mouseover"==c?d=a.fromElement:"mouseout"==c&&(d=a.toElement);this.o=d;this.b=a.keyCode||0;this.ctrlKey=a.ctrlKey;this.altKey=a.altKey;this.shiftKey=a.shiftKey;
        this.metaKey=a.metaKey;this.v=I?a.metaKey:a.ctrlKey;this.i=a;a.defaultPrevented&&this.s()}};B(tf,sf);var uf=[1,4,2],vf=function(a){return pf?0==a.i.button:"click"==a.type?!0:!!(a.i.button&uf[0])};tf.prototype.w=function(){tf.u.w.call(this);this.i.stopPropagation?this.i.stopPropagation():this.i.cancelBubble=!0};tf.prototype.s=function(){tf.u.s.call(this);var a=this.i;if(a.preventDefault)a.preventDefault();else if(a.returnValue=!1,rf)try{if(a.ctrlKey||112<=a.keyCode&&123>=a.keyCode)a.keyCode=-1}catch(b){}};
        var wf="closure_listenable_"+(1E6*Math.random()|0),xf=function(a){return!(!a||!a[wf])},yf=0;var zf=function(a,b,c,d,e){this.listener=a;this.b=null;this.src=b;this.type=c;this.Ua=!!d;this.Xa=e;this.key=++yf;this.Oa=this.Ta=!1},Af=function(a){a.Oa=!0;a.listener=null;a.b=null;a.src=null;a.Xa=null};var Bf=function(a){this.src=a;this.b={};this.g=0},Df=function(a,b,c,d,e,f){var g=b.toString();b=a.b[g];b||(b=a.b[g]=[],a.g++);var k=Cf(b,c,e,f);-1<k?(a=b[k],d||(a.Ta=!1)):(a=new zf(c,a.src,g,!!e,f),a.Ta=d,b.push(a));return a},Ef=function(a,b){var c=b.type;c in a.b&&mb(a.b[c],b)&&(Af(b),0==a.b[c].length&&(delete a.b[c],a.g--))},Ff=function(a,b,c,d,e){a=a.b[b.toString()];b=-1;a&&(b=Cf(a,c,d,e));return-1<b?a[b]:null},Cf=function(a,b,c,d){for(var e=0;e<a.length;++e){var f=a[e];if(!f.Oa&&f.listener==b&& f.Ua==!!c&&f.Xa==d)return e}return-1};
        var Gf="closure_lm_"+(1E6*Math.random()|0),Hf={},If=0,Jf=function(a,b,c,d,e){if(t(b)){for(var f=0;f<b.length;f++)Jf(a,b[f],c,d,e);return null}c=Kf(c);return xf(a)?a.g(b,c,d,e):Lf(a,b,c,!1,d,e)},Lf=function(a,b,c,d,e,f){if(!b)throw Error("k");var g=!!e,k=Mf(a);k||(a[Gf]=k=new Bf(a));c=Df(k,b,c,d,e,f);if(c.b)return c;d=Nf();c.b=d;d.src=a;d.listener=c;if(a.addEventListener)a.addEventListener(b.toString(),d,g);else if(a.attachEvent)a.attachEvent(Of(b.toString()),d);else throw Error("l");If++;return c},
        Nf=function(){var a=Pf,b=qf?function(c){return a.call(b.src,b.listener,c)}:function(c){c=a.call(b.src,b.listener,c);if(!c)return c};return b},Qf=function(a,b,c,d,e){if(t(b))for(var f=0;f<b.length;f++)Qf(a,b[f],c,d,e);else c=Kf(c),xf(a)?Df(a.o,String(b),c,!0,d,e):Lf(a,b,c,!0,d,e)},Rf=function(a,b,c,d,e){if(t(b))for(var f=0;f<b.length;f++)Rf(a,b[f],c,d,e);else c=Kf(c),xf(a)?a.w(b,c,d,e):a&&(a=Mf(a))&&(b=Ff(a,b,c,!!d,e))&&Sf(b)},Sf=function(a){if(na(a)||!a||a.Oa)return;var b=a.src;if(xf(b)){Ef(b.o,a);
        return}var c=a.type,d=a.b;b.removeEventListener?b.removeEventListener(c,d,a.Ua):b.detachEvent&&b.detachEvent(Of(c),d);If--;(c=Mf(b))?(Ef(c,a),0==c.g&&(c.src=null,b[Gf]=null)):Af(a)},Of=function(a){return a in Hf?Hf[a]:Hf[a]="on"+a},Uf=function(a,b,c,d){var e=!0;if(a=Mf(a))if(b=a.b[b.toString()])for(b=b.concat(),a=0;a<b.length;a++){var f=b[a];f&&f.Ua==c&&!f.Oa&&(f=Tf(f,d),e=e&&!1!==f)}return e},Tf=function(a,b){var c=a.listener,d=a.Xa||a.src;a.Ta&&Sf(a);return c.call(d,b)},Pf=function(a,b){if(a.Oa)return!0;
        if(!qf){var c;if(!(c=b))a:{c=["window","event"];for(var d=l,e;e=c.shift();)if(null!=d[e])d=d[e];else{c=null;break a}c=d}e=c;c=new tf(e,this);d=!0;if(!(0>e.keyCode||void 0!=e.returnValue)){a:{var f=!1;if(0==e.keyCode)try{e.keyCode=-1;break a}catch(n){f=!0}if(f||void 0==e.returnValue)e.returnValue=!0}e=[];for(f=c.g;f;f=f.parentNode)e.push(f);for(var f=a.type,g=e.length-1;!c.j&&0<=g;g--){c.g=e[g];var k=Uf(e[g],f,!0,c),d=d&&k}for(g=0;!c.j&&g<e.length;g++)c.g=e[g],k=Uf(e[g],f,!1,c),d=d&&k}return d}return Tf(a, new tf(b,this))},Mf=function(a){a=a[Gf];return a instanceof Bf?a:null},Vf="__closure_events_fn_"+(1E9*Math.random()>>>0),Kf=function(a){if(x(a))return a;a[Vf]||(a[Vf]=function(b){return a.handleEvent(b)});return a[Vf]};
        var Wf=function(a){ff.call(this);this.i=a;this.b={}};B(Wf,ff);var Xf=[];Wf.prototype.g=function(a,b,c,d){t(b)||(b&&(Xf[0]=b.toString()),b=Xf);for(var e=0;e<b.length;e++){var f=Jf(a,b[e],c||this.handleEvent,d||!1,this.i||this);if(!f)break;this.b[f.key]=f}return this};
        Wf.prototype.w=function(a,b,c,d,e){if(t(b))for(var f=0;f<b.length;f++)this.w(a,b[f],c,d,e);else c=c||this.handleEvent,e=e||this.i||this,c=Kf(c),d=!!d,b=xf(a)?Ff(a.o,String(b),c,d,e):a?(a=Mf(a))?Ff(a,b,c,d,e):null:null,b&&(Sf(b),delete this.b[b.key]);return this};var Yf=function(a){tb(a.b,function(a,c){this.b.hasOwnProperty(c)&&Sf(a)},a);a.b={}};Wf.prototype.W=function(){Wf.u.W.call(this);Yf(this)};Wf.prototype.handleEvent=function(){throw Error("m");};
        var S=function(){ff.call(this);this.o=new Bf(this);this.Wb=this;this.ya=null};B(S,ff);S.prototype[wf]=!0;S.prototype.La=function(a){this.ya=a};S.prototype.removeEventListener=function(a,b,c,d){Rf(this,a,b,c,d)};
        var T=function(a,b){var c,d=a.ya;if(d)for(c=[];d;d=d.ya)c.push(d);var d=a.Wb,e=b,f=e.type||e;if(w(e))e=new sf(e,d);else if(e instanceof sf)e.target=e.target||d;else{var g=e,e=new sf(f,d);xb(e,g)}var g=!0,k;if(c)for(var n=c.length-1;!e.j&&0<=n;n--)k=e.g=c[n],g=Zf(k,f,!0,e)&&g;e.j||(k=e.g=d,g=Zf(k,f,!0,e)&&g,e.j||(g=Zf(k,f,!1,e)&&g));if(c)for(n=0;!e.j&&n<c.length;n++)k=e.g=c[n],g=Zf(k,f,!1,e)&&g;return g};
        S.prototype.W=function(){S.u.W.call(this);if(this.o){var a=this.o,b=0,c;for(c in a.b){for(var d=a.b[c],e=0;e<d.length;e++)++b,Af(d[e]);delete a.b[c];a.g--}}this.ya=null};S.prototype.g=function(a,b,c,d){return Df(this.o,String(a),b,!1,c,d)};S.prototype.w=function(a,b,c,d){var e;e=this.o;a=String(a).toString();if(a in e.b){var f=e.b[a];b=Cf(f,b,c,d);-1<b?(Af(f[b]),Array.prototype.splice.call(f,b,1),0==f.length&&(delete e.b[a],e.g--),e=!0):e=!1}else e=!1;return e}; var Zf=function(a,b,c,d){b=a.o.b[String(b)];if(!b)return!0;b=b.concat();for(var e=!0,f=0;f<b.length;++f){var g=b[f];if(g&&!g.Oa&&g.Ua==c){var k=g.listener,n=g.Xa||g.src;g.Ta&&Ef(a.o,g);e=!1!==k.call(n,d)&&e}}return e&&0!=d.Qb};
        var bg=function(a,b,c,d,e,f){if(!(F||G||H&&J("525")))return!0;if(I&&e)return $f(a);if(e&&!d)return!1;na(b)&&(b=ag(b));e=17==b||18==b||I&&91==b;if((!c||I)&&e||I&&16==b&&(d||f))return!1;if((H||G)&&d&&c)switch(a){case 220:case 219:case 221:case 192:case 186:case 189:case 187:case 188:case 190:case 191:case 192:case 222:return!1}if(F&&d&&b==a)return!1;switch(a){case 13:return!0;case 27:return!(H||G)}return $f(a)},$f=function(a){if(48<=a&&57>=a||96<=a&&106>=a||65<=a&&90>=a||(H||G)&&0==a)return!0;switch(a){case 32:case 43:case 63:case 64:case 107:case 109:case 110:case 111:case 186:case 59:case 189:case 187:case 61:case 188:case 190:case 191:case 192:case 222:case 219:case 220:case 221:return!0; default:return!1}},ag=function(a){if(Pb)a=cg(a);else if(I&&H)a:switch(a){case 93:a=91;break a}return a},cg=function(a){switch(a){case 61:return 187;case 59:return 186;case 173:return 189;case 224:return 91;case 0:return 224;default:return a}};
        var eg=function(a,b){S.call(this);a&&dg(this,a,b)};B(eg,S);h=eg.prototype;h.Ka=null;h.Ya=null;h.wb=null;h.Za=null;h.ta=-1;h.Da=-1;h.ab=!1;
        var fg={3:13,12:144,63232:38,63233:40,63234:37,63235:39,63236:112,63237:113,63238:114,63239:115,63240:116,63241:117,63242:118,63243:119,63244:120,63245:121,63246:122,63247:123,63248:44,63272:46,63273:36,63275:35,63276:33,63277:34,63289:144,63302:45},gg={Up:38,Down:40,Left:37,Right:39,Enter:13,F1:112,F2:113,F3:114,F4:115,F5:116,F6:117,F7:118,F8:119,F9:120,F10:121,F11:122,F12:123,"U+007F":46,Home:36,End:35,PageUp:33,PageDown:34,Insert:45},hg=F||G||H&&J("525"),ig=I&&Pb;
        eg.prototype.b=function(a){if(H||G)if(17==this.ta&&!a.ctrlKey||18==this.ta&&!a.altKey||I&&91==this.ta&&!a.metaKey)this.Da=this.ta=-1;-1==this.ta&&(a.ctrlKey&&17!=a.b?this.ta=17:a.altKey&&18!=a.b?this.ta=18:a.metaKey&&91!=a.b&&(this.ta=91));hg&&!bg(a.b,this.ta,a.shiftKey,a.ctrlKey,a.altKey,a.metaKey)?this.handleEvent(a):(this.Da=ag(a.b),ig&&(this.ab=a.altKey))};eg.prototype.i=function(a){this.Da=this.ta=-1;this.ab=a.altKey};
        eg.prototype.handleEvent=function(a){var b=a.i,c,d,e=b.altKey;F&&"keypress"==a.type?c=this.Da:(H||G)&&"keypress"==a.type?c=this.Da:Nb&&!H?c=this.Da:(c=b.keyCode||this.Da,d=b.charCode||0,ig&&(e=this.ab),I&&63==d&&224==c&&(c=191));d=c=ag(c);var f=b.keyIdentifier;c?63232<=c&&c in fg?d=fg[c]:25==c&&a.shiftKey&&(d=9):f&&f in gg&&(d=gg[f]);a=d==this.ta;this.ta=d;b=new jg(d,0,a,b);b.altKey=e;T(this,b)};eg.prototype.S=function(){return this.Ka};
        var dg=function(a,b,c){a.Za&&kg(a);a.Ka=b;a.Ya=Jf(a.Ka,"keypress",a,c);a.wb=Jf(a.Ka,"keydown",a.b,c,a);a.Za=Jf(a.Ka,"keyup",a.i,c,a)},kg=function(a){a.Ya&&(Sf(a.Ya),Sf(a.wb),Sf(a.Za),a.Ya=null,a.wb=null,a.Za=null);a.Ka=null;a.ta=-1;a.Da=-1};eg.prototype.W=function(){eg.u.W.call(this);kg(this)};var jg=function(a,b,c,d){tf.call(this,d);this.type="key";this.b=a;this.repeat=c};B(jg,tf);
        var lg=function(a){a.prototype.then=a.prototype.then;a.prototype.$goog_Thenable=!0},mg=function(a){if(!a)return!1;try{return!!a.$goog_Thenable}catch(b){return!1}};var og=function(a,b){this.b=0;this.w=void 0;this.j=this.g=this.i=null;this.o=this.s=!1;if(a!=r)try{var c=this;a.call(b,function(a){ng(c,2,a)},function(a){ng(c,3,a)})}catch(d){ng(this,3,d)}},pg=function(){this.next=this.i=this.g=this.j=this.b=null;this.o=!1};pg.prototype.reset=function(){this.i=this.g=this.j=this.b=null;this.o=!1};var qg=new Se(function(){return new pg},function(a){a.reset()},100),rg=function(a,b,c){var d=qg.get();d.j=a;d.g=b;d.i=c;return d};
        og.prototype.then=function(a,b,c){return sg(this,x(a)?a:null,x(b)?b:null,c)};lg(og);
        var vg=function(a){0==a.b&&df(function(){var a=new tg(void 0);ug(this,a)},a)},ug=function(a,b){if(0==a.b)if(a.i){var c=a.i;if(c.g){for(var d=0,e=null,f=null,g=c.g;g&&(g.o||(d++,g.b==a&&(e=g),!(e&&1<d)));g=g.next)e||(f=g);e&&(0==c.b&&1==d?ug(c,b):(f?(d=f,d.next==c.j&&(c.j=d),d.next=d.next.next):wg(c),xg(c,e,3,b)))}a.i=null}else ng(a,3,b)},zg=function(a,b){a.g||2!=a.b&&3!=a.b||yg(a);a.j?a.j.next=b:a.g=b;a.j=b},sg=function(a,b,c,d){var e=rg(null,null,null);e.b=new og(function(a,g){e.j=b?function(c){try{var e=
        b.call(d,c);a(e)}catch(v){g(v)}}:a;e.g=c?function(b){try{var e=c.call(d,b);!q(e)&&b instanceof tg?g(b):a(e)}catch(v){g(v)}}:g});e.b.i=a;zg(a,e);return e.b};og.prototype.H=function(a){this.b=0;ng(this,2,a)};og.prototype.T=function(a){this.b=0;ng(this,3,a)};
        var ng=function(a,b,c){if(0==a.b){a===c&&(b=3,c=new TypeError("Promise cannot resolve to itself"));a.b=1;var d;a:{var e=c,f=a.H,g=a.T;if(e instanceof og)zg(e,rg(f||r,g||null,a)),d=!0;else if(mg(e))e.then(f,g,a),d=!0;else{if(sa(e))try{var k=e.then;if(x(k)){Ag(e,k,f,g,a);d=!0;break a}}catch(n){g.call(a,n);d=!0;break a}d=!1}}d||(a.w=c,a.b=b,a.i=null,yg(a),3!=b||c instanceof tg||Bg(a,c))}},Ag=function(a,b,c,d,e){var f=!1,g=function(a){f||(f=!0,c.call(e,a))},k=function(a){f||(f=!0,d.call(e,a))};try{b.call(a,
        g,k)}catch(n){k(n)}},yg=function(a){a.s||(a.s=!0,df(a.v,a))},wg=function(a){var b=null;a.g&&(b=a.g,a.g=b.next,b.next=null);a.g||(a.j=null);return b};og.prototype.v=function(){for(var a;a=wg(this);)xg(this,a,this.b,this.w);this.s=!1};
        var xg=function(a,b,c,d){if(3==c&&b.g&&!b.o)for(;a&&a.o;a=a.i)a.o=!1;if(b.b)b.b.i=null,Cg(b,c,d);else try{b.o?b.j.call(b.i):Cg(b,c,d)}catch(e){Dg.call(null,e)}Te(qg,b)},Cg=function(a,b,c){2==b?a.j.call(a.i,c):a.g&&a.g.call(a.i,c)},Bg=function(a,b){a.o=!0;df(function(){a.o&&Dg.call(null,b)})},Dg=Ue,tg=function(a){C.call(this,a)};B(tg,C);tg.prototype.name="cancel";
        /*
         Portions of this code are from MochiKit, received by
         The Closure Authors under the MIT license. All other code is Copyright
         2005-2009 The Closure Authors. All Rights Reserved.
        */
        var W=function(a,b){this.w=[];this.La=a;this.ma=b||null;this.s=this.b=!1;this.o=void 0;this.V=this.Ea=this.H=!1;this.v=0;this.j=null;this.T=0},ih=function(a,b){if(a.b)a.o instanceof W&&ih(a.o);else{if(a.j){var c=a.j;delete a.j;b?ih(c,b):(c.T--,0>=c.T&&ih(c))}a.La?a.La.call(a.ma,a):a.V=!0;a.b||a.i(new jh)}};W.prototype.$=function(a,b){this.H=!1;kh(this,a,b)};var kh=function(a,b,c){a.b=!0;a.o=c;a.s=!b;lh(a)},nh=function(a){if(a.b){if(!a.V)throw new mh;a.V=!1}};
        W.prototype.g=function(a){nh(this);kh(this,!0,a)};W.prototype.i=function(a){nh(this);kh(this,!1,a)};var qh=function(a){var b;b=new vd;b.b="//apis.google.com/js/api.js";b=oh(b);return ph(b,a,null,void 0)},ph=function(a,b,c,d){a.w.push([b,c,d]);a.b&&lh(a);return a};W.prototype.then=function(a,b,c){var d,e,f=new og(function(a,b){d=a;e=b});ph(this,d,function(a){a instanceof jh?vg(f):e(a)});return f.then(a,b,c)};lg(W);
        var rh=function(a){return ab(a.w,function(a){return x(a[1])})},lh=function(a){if(a.v&&a.b&&rh(a)){var b=a.v,c=sh[b];c&&(l.clearTimeout(c.b),delete sh[b]);a.v=0}a.j&&(a.j.T--,delete a.j);for(var b=a.o,d=c=!1;a.w.length&&!a.H;){var e=a.w.shift(),f=e[0],g=e[1],e=e[2];if(f=a.s?g:f)try{var k=f.call(e||a.ma,b);q(k)&&(a.s=a.s&&(k==b||k instanceof Error),a.o=b=k);if(mg(b)||"function"===typeof l.Promise&&b instanceof l.Promise)d=!0,a.H=!0}catch(n){b=n,a.s=!0,rh(a)||(c=!0)}}a.o=b;d&&(k=A(a.$,a,!0),d=A(a.$,
        a,!1),b instanceof W?(ph(b,k,d),b.Ea=!0):b.then(k,d));c&&(b=new th(b),sh[b.b]=b,a.v=b.b)},mh=function(){C.call(this)};B(mh,C);mh.prototype.message="Deferred has already fired";mh.prototype.name="AlreadyCalledError";var jh=function(){C.call(this)};B(jh,C);jh.prototype.message="Deferred was canceled";jh.prototype.name="CanceledError";var th=function(a){this.b=l.setTimeout(A(this.i,this),0);this.g=a};th.prototype.i=function(){delete sh[this.b];throw this.g;};var sh={};
        var oh=function(a){var b={},c=b.document||document,d;a instanceof vd&&a.constructor===vd&&a.g===ud?d=a.b:(la(a),d="type_error:TrustedResourceUrl");var e=document.createElement("SCRIPT");a={Rb:e,Sa:void 0};var f=new W(uh,a),g=null,k=null!=b.timeout?b.timeout:5E3;0<k&&(g=window.setTimeout(function(){vh(e,!0);f.i(new wh(1,"Timeout reached for loading script "+d))},k),a.Sa=g);e.onload=e.onreadystatechange=function(){e.readyState&&"loaded"!=e.readyState&&"complete"!=e.readyState||(vh(e,b.$b||!1,g),f.g(null))};
        e.onerror=function(){vh(e,!0,g);f.i(new wh(0,"Error while loading script "+d))};a=b.attributes||{};xb(a,{type:"text/javascript",charset:"UTF-8",src:d});xe(e,a);xh(c).appendChild(e);return f},xh=function(a){var b;return(b=(a||document).getElementsByTagName("HEAD"))&&0!=b.length?b[0]:a.documentElement},uh=function(){if(this&&this.Rb){var a=this.Rb;a&&"SCRIPT"==a.tagName&&vh(a,!0,this.Sa)}},vh=function(a,b,c){null!=c&&l.clearTimeout(c);a.onload=r;a.onerror=r;a.onreadystatechange=r;b&&window.setTimeout(function(){Be(a)}, 0)},wh=function(a,b){var c="Jsloader error (code #"+a+")";b&&(c+=": "+b);C.call(this,c)};B(wh,C);
        var yh=function(){};yh.prototype.b=null;var Ah=function(a){var b;(b=a.b)||(b={},zh(a)&&(b[0]=!0,b[1]=!0),b=a.b=b);return b};var Bh,Ch=function(){};B(Ch,yh);var Dh=function(a){return(a=zh(a))?new ActiveXObject(a):new XMLHttpRequest},zh=function(a){if(!a.g&&"undefined"==typeof XMLHttpRequest&&"undefined"!=typeof ActiveXObject){for(var b=["MSXML2.XMLHTTP.6.0","MSXML2.XMLHTTP.3.0","MSXML2.XMLHTTP","Microsoft.XMLHTTP"],c=0;c<b.length;c++){var d=b[c];try{return new ActiveXObject(d),a.g=d}catch(e){}}throw Error("n");}return a.g};Bh=new Ch;
        var Eh=function(a,b,c){if(x(a))c&&(a=A(a,c));else if(a&&"function"==typeof a.handleEvent)a=A(a.handleEvent,a);else throw Error("o");return 2147483647<Number(b)?-1:l.setTimeout(a,b||0)};var Fh=function(a){S.call(this);this.headers=new Ad;this.R=a||null;this.i=!1;this.H=this.b=null;this.ma="";this.j=this.$=this.s=this.V=!1;this.qa=0;this.v=null;this.Ma="";this.wa=this.Na=!1};B(Fh,S);var Gh=/^https?$/i,Hh=["POST","PUT"],Ih=[];Fh.prototype.yb=function(){this.Ia();mb(Ih,this)};
        Fh.prototype.send=function(a,b,c,d){if(this.b)throw Error("p`"+this.ma+"`"+a);b=b?b.toUpperCase():"GET";this.ma=a;this.V=!1;this.i=!0;this.b=this.R?Dh(this.R):Dh(Bh);this.H=this.R?Ah(this.R):Ah(Bh);this.b.onreadystatechange=A(this.Ea,this);try{this.$=!0,this.b.open(b,String(a),!0),this.$=!1}catch(f){Jh(this);return}a=c||"";var e=new Ad(this.headers);d&&Fd(d,function(a,b){e.set(b,a)});d=db(e.Aa());c=l.FormData&&a instanceof l.FormData;!lb(Hh,b)||d||c||e.set("Content-Type","application/x-www-form-urlencoded;charset=utf-8");
        e.forEach(function(a,b){this.b.setRequestHeader(b,a)},this);this.Ma&&(this.b.responseType=this.Ma);"withCredentials"in this.b&&this.b.withCredentials!==this.Na&&(this.b.withCredentials=this.Na);try{Kh(this),0<this.qa&&((this.wa=Lh(this.b))?(this.b.timeout=this.qa,this.b.ontimeout=A(this.Sa,this)):this.v=Eh(this.Sa,this.qa,this)),this.s=!0,this.b.send(a),this.s=!1}catch(f){Jh(this)}};var Lh=function(a){return F&&J(9)&&na(a.timeout)&&q(a.ontimeout)},cb=function(a){return Ea("Content-Type",a)};
        Fh.prototype.Sa=function(){"undefined"!=typeof ia&&this.b&&(T(this,"timeout"),this.b&&this.i&&(this.i=!1,this.j=!0,this.b.abort(),this.j=!1,T(this,"complete"),T(this,"abort"),Mh(this)))};var Jh=function(a){a.i=!1;a.b&&(a.j=!0,a.b.abort(),a.j=!1);Nh(a);Mh(a)},Nh=function(a){a.V||(a.V=!0,T(a,"complete"),T(a,"error"))};Fh.prototype.W=function(){this.b&&(this.i&&(this.i=!1,this.j=!0,this.b.abort(),this.j=!1),Mh(this,!0));Fh.u.W.call(this)};
        Fh.prototype.Ea=function(){this.T||(this.$||this.s||this.j?Oh(this):this.Xb())};Fh.prototype.Xb=function(){Oh(this)};
        var Oh=function(a){if(a.i&&"undefined"!=typeof ia&&(!a.H[1]||4!=(a.b?a.b.readyState:0)||2!=Ph(a)))if(a.s&&4==(a.b?a.b.readyState:0))Eh(a.Ea,0,a);else if(T(a,"readystatechange"),4==(a.b?a.b.readyState:0)){a.i=!1;try{var b=Ph(a),c;a:switch(b){case 200:case 201:case 202:case 204:case 206:case 304:case 1223:c=!0;break a;default:c=!1}var d;if(!(d=c)){var e;if(e=0===b){var f=String(a.ma).match(bd)[1]||null;if(!f&&l.self&&l.self.location)var g=l.self.location.protocol,f=g.substr(0,g.length-1);e=!Gh.test(f?
        f.toLowerCase():"")}d=e}d?(T(a,"complete"),T(a,"success")):Nh(a)}finally{Mh(a)}}},Mh=function(a,b){if(a.b){Kh(a);var c=a.b,d=a.H[0]?r:null;a.b=null;a.H=null;b||T(a,"ready");try{c.onreadystatechange=d}catch(e){}}},Kh=function(a){a.b&&a.wa&&(a.b.ontimeout=null);na(a.v)&&(l.clearTimeout(a.v),a.v=null)},Ph=function(a){try{return 2<(a.b?a.b.readyState:0)?a.b.status:-1}catch(b){return-1}};
        var Qh=Pb?"MozUserSelect":H||G?"WebkitUserSelect":null;var Rh=function(){};ka(Rh);Rh.prototype.b=0;var X=function(a){S.call(this);this.V=a||za||(za=new Ie);this.wa=Sh;this.qa=null;this.Ba=!1;this.j=null;this.v=void 0;this.H=this.ma=this.s=null;this.Ea=!1};B(X,S);X.prototype.Ma=Rh.Qa();var Sh=null,Th=function(a,b){switch(a){case 1:return b?"disable":"enable";case 2:return b?"highlight":"unhighlight";case 4:return b?"activate":"deactivate";case 8:return b?"select":"unselect";case 16:return b?"check":"uncheck";case 32:return b?"focus":"blur";case 64:return b?"open":"close"}throw Error("q");};
        X.prototype.getId=function(){return this.qa||(this.qa=":"+(this.Ma.b++).toString(36))};var Uh=function(a,b){if(a.s&&a.s.H){var c=a.s.H,d=a.qa;d in c&&delete c[d];c=a.s.H;if(null!==c&&b in c)throw Error("a`"+b);c[b]=a}a.qa=b};X.prototype.S=function(){return this.j};var Vh=function(a){a.v||(a.v=new Wf(a));return a.v};X.prototype.La=function(a){if(this.s&&this.s!=a)throw Error("s");X.u.La.call(this,a)};
        var Wh=function(a,b){if(a.Ba)throw Error("t");if(b&&a.Gb(b)){a.Ea=!0;var c=Ee(b);a.V&&a.V.b==c||(a.V=b?new Ie(Ee(b)):za||(za=new Ie));a.Bb(b);a.Ja()}else throw Error("u");};h=X.prototype;h.Gb=function(){return!0};h.Bb=function(a){this.j=a};h.Ja=function(){this.Ba=!0;Xh(this,function(a){!a.Ba&&a.S()&&a.Ja()})};h.Pa=function(){Xh(this,function(a){a.Ba&&a.Pa()});this.v&&Yf(this.v);this.Ba=!1};
        h.W=function(){this.Ba&&this.Pa();this.v&&(this.v.Ia(),delete this.v);Xh(this,function(a){a.Ia()});!this.Ea&&this.j&&Be(this.j);this.s=this.j=this.H=this.ma=null;X.u.W.call(this)};var Xh=function(a,b){a.ma&&Ya(a.ma,b,void 0)};
        X.prototype.removeChild=function(a,b){if(a){var c=w(a)?a:a.getId(),d;this.H&&c?(d=this.H,d=(null!==d&&c in d?d[c]:void 0)||null):d=null;a=d;if(c&&a){d=this.H;c in d&&delete d[c];mb(this.ma,a);b&&(a.Pa(),a.j&&Be(a.j));c=a;if(null==c)throw Error("r");c.s=null;X.u.La.call(c,null)}}if(!a)throw Error("v");return a};
        var Yh=function(){},Zh;ka(Yh);var $h={button:"pressed",checkbox:"checked",menuitem:"selected",menuitemcheckbox:"checked",menuitemradio:"checked",radio:"checked",tab:"selected",treeitem:"selected"};Yh.prototype.Va=function(){};Yh.prototype.g=function(a){return a};var bi=function(a,b,c){if(a=a.S?a.S():a){var d=[b];F&&!J("7")&&(d=ai(jf(a),b),d.push(b));(c?mf:of)(a,d)}};h=Yh.prototype;h.mb=function(){return!0};
        h.Fa=function(a,b){b.id&&Uh(a,b.id);var c=this.g(b);c&&c.firstChild&&ci(c.firstChild.nextSibling?ob(c.childNodes):c.firstChild);var d=0,e=this.ua(),f=this.ua(),g=!1,k=!1,n=!1,v=ob(jf(b));Ya(v,function(a){g||a!=e?k||a!=f?d|=di(this,a):k=!0:(g=!0,f==e&&(k=!0));1==di(this,a)&&Ge(c)&&He(c)&&Fe(c,!1)},this);a.U=d;g||(v.push(e),f==e&&(k=!0));k||v.push(f);var D=a.Eb;D&&v.push.apply(v,D);if(F&&!J("7")){var zb=ai(v);0<zb.length&&(v.push.apply(v,zb),n=!0)}if(!g||!k||D||n)b.className=v.join(" ");return b};
        h.Ob=function(a){if(null==a.wa){var b=a.Ba?a.j:a.V.b.body,c;a:{c=Ee(b);if(c.defaultView&&c.defaultView.getComputedStyle&&(c=c.defaultView.getComputedStyle(b,null))){c=c.direction||c.getPropertyValue("direction")||"";break a}c=""}a.wa="rtl"==(c||(b.currentStyle?b.currentStyle.direction:null)||b.style&&b.style.direction)}a.wa&&this.Jb(a.S(),!0);a.b()&&this.$a(a,a.Ga)};
        h.Ib=function(a,b){var c=!b,d=F||Nb?a.getElementsByTagName("*"):null;if(Qh){if(c=c?"none":"",a.style&&(a.style[Qh]=c),d)for(var e=0,f;f=d[e];e++)f.style&&(f.style[Qh]=c)}else if(F||Nb)if(c=c?"on":"",a.setAttribute("unselectable",c),d)for(e=0;f=d[e];e++)f.setAttribute("unselectable",c)};h.Jb=function(a,b){bi(a,this.ua()+"-xg",b)};h.Hb=function(a){var b;return a.ka&32&&(b=a.S())?Ge(b)&&He(b):!1};
        h.$a=function(a,b){var c;if(a.ka&32&&(c=a.S())){if(!b&&a.U&32){try{c.blur()}catch(d){}a.U&32&&a.Kb()}(Ge(c)&&He(c))!=b&&Fe(c,b)}};h.nb=function(a,b,c){var d=a.S();if(d){var e=ei(this,b);e&&bi(a,e,c);this.Ca(d,b,c)}};h.Ca=function(a,b,c){Zh||(Zh={1:"disabled",8:"selected",16:"checked",64:"expanded"});b=Zh[b];var d=a.getAttribute("role")||null;d&&(d=$h[d]||b,b="checked"==b||"selected"==b?d:b);b&&Re(a,b,c)};h.ua=function(){return"c-P"};
        var ai=function(a,b){var c=[];b&&(a=nb(a,[b]));Ya([],function(d){!bb(d,xa(lb,a))||b&&!lb(d,b)||c.push(d.join("_"))});return c},ei=function(a,b){a.b||fi(a);return a.b[b]},di=function(a,b){if(!a.i){a.b||fi(a);var c=a.b,d={},e;for(e in c)d[c[e]]=e;a.i=d}c=parseInt(a.i[b],10);return isNaN(c)?0:c},fi=function(a){var b=a.ua();b.replace(/\xa0|\s/g," ");a.b={1:b+"-o",2:b+"-p",4:b+"-Q",8:b+"-aa",16:b+"-B",32:b+"-Ob",64:b+"-gd"}};
        var gi=function(){};B(gi,Yh);ka(gi);h=gi.prototype;h.Va=function(){return"button"};h.Ca=function(a,b,c){switch(b){case 8:case 16:Re(a,"pressed",c);break;default:case 64:case 1:gi.u.Ca.call(this,a,b,c)}};h.Fa=function(a,b){b=gi.u.Fa.call(this,a,b);var c=this.Fb(b);a.yb=c;a.Na=b.title;a.ka&16&&this.Ca(b,16,!!(a.U&16));return b};h.Fb=r;h.ua=function(){return"c-b"};
        var hi=function(a,b){if(!a)throw Error("w`"+a);if(!x(b))throw Error("x`"+b);},ii={};var Y=function(a,b,c){X.call(this,c);if(!(a=b)){a=this.constructor;for(var d;a;){d=a[ta]||(a[ta]=++ua);if(d=ii[d])break;a=a.u?a.u.constructor:null}a=d?x(d.Qa)?d.Qa():new d:null}this.i=a};B(Y,X);h=Y.prototype;h.U=0;h.ka=39;h.hb=255;h.Ga=!0;h.Eb=null;h.tb=!0;h.Gb=function(a){return this.i.mb(a)};h.Bb=function(a){var b=this.j=a=this.i.Fa(this,a),c=this.i.Va();if(c){var d=b.getAttribute("role")||null;c!=d&&(c?b.setAttribute("role",c):b.removeAttribute("role"))}this.i.Ib(a,!1);this.Ga="none"!=a.style.display};
        h.Ja=function(){Y.u.Ja.call(this);var a=this.i,b=this.j;this.Ga||Re(b,"hidden",!this.Ga);this.b()||a.Ca(b,1,!this.b());this.ka&8&&a.Ca(b,8,!!(this.U&8));this.ka&16&&a.Ca(b,16,!!(this.U&16));this.ka&64&&a.Ca(b,64,!!(this.U&64));this.i.Ob(this);this.ka&-2&&(this.tb&&ji(this,!0),this.ka&32&&(a=this.S()))&&(b=this.R||(this.R=new eg),dg(b,a),Vh(this).g(b,"key",this.Ub).g(a,"focus",this.Tb).g(a,"blur",this.Kb))};
        var ji=function(a,b){var c=Vh(a),d=a.S();b?(c.g(d,"mouseover",a.Nb).g(d,"mousedown",a.rb).g(d,"mouseup",a.ub).g(d,"mouseout",a.Mb),a.Wa!=r&&c.g(d,"contextmenu",a.Wa),F&&(J(9)||c.g(d,"dblclick",a.Lb),a.$||(a.$=new ki(a),gf(a,xa(hf,a.$))))):(c.w(d,"mouseover",a.Nb).w(d,"mousedown",a.rb).w(d,"mouseup",a.ub).w(d,"mouseout",a.Mb),a.Wa!=r&&c.w(d,"contextmenu",a.Wa),F&&(J(9)||c.w(d,"dblclick",a.Lb),hf(a.$),a.$=null))};
        Y.prototype.Pa=function(){Y.u.Pa.call(this);this.R&&kg(this.R);this.Ga&&this.b()&&this.i.$a(this,!1)};Y.prototype.W=function(){Y.u.W.call(this);this.R&&(this.R.Ia(),delete this.R);delete this.i;this.$=this.Eb=null};var ci=function(){};Y.prototype.b=function(){return!(this.U&1)};
        var pi=function(a,b){var c=a.s;c&&"function"==typeof c.b&&!c.b()||!li(a,1,!b)||(b||(mi(a,!1),ni(a,!1)),a.Ga&&a.i.$a(a,b),oi(a,1,!b,!0))},ni=function(a,b){li(a,2,b)&&oi(a,2,b)},mi=function(a,b){li(a,4,b)&&oi(a,4,b)},oi=function(a,b,c,d){d||1!=b?a.ka&b&&c!=!!(a.U&b)&&(a.i.nb(a,b,c),a.U=c?a.U|b:a.U&~b):pi(a,!c)},Z=function(a,b){return!!(a.hb&b)&&!!(a.ka&b)},li=function(a,b,c){return!!(a.ka&b)&&!!(a.U&b)!=c&&(!(0&b)||T(a,Th(b,c)))&&!a.T};h=Y.prototype;
        h.Nb=function(a){(!a.o||!De(this.S(),a.o))&&T(this,"enter")&&this.b()&&Z(this,2)&&ni(this,!0)};h.Mb=function(a){a.o&&De(this.S(),a.o)||!T(this,"leave")||(Z(this,4)&&mi(this,!1),Z(this,2)&&ni(this,!1))};h.Wa=r;h.rb=function(a){this.b()&&(Z(this,2)&&ni(this,!0),!vf(a)||H&&I&&a.ctrlKey||(Z(this,4)&&mi(this,!0),this.i&&this.i.Hb(this)&&this.S().focus()));!vf(a)||H&&I&&a.ctrlKey||a.s()};h.ub=function(a){this.b()&&(Z(this,2)&&ni(this,!0),this.U&4&&this.Ra(a)&&Z(this,4)&&mi(this,!1))};
        h.Lb=function(a){this.b()&&this.Ra(a)};h.Ra=function(a){if(Z(this,16)){var b=!(this.U&16);li(this,16,b)&&oi(this,16,b)}Z(this,8)&&li(this,8,!0)&&oi(this,8,!0);Z(this,64)&&(b=!(this.U&64),li(this,64,b)&&oi(this,64,b));b=new sf("action",this);a&&(b.altKey=a.altKey,b.ctrlKey=a.ctrlKey,b.metaKey=a.metaKey,b.shiftKey=a.shiftKey,b.v=a.v);return T(this,b)};h.Tb=function(){Z(this,32)&&li(this,32,!0)&&oi(this,32,!0)};h.Kb=function(){Z(this,4)&&mi(this,!1);Z(this,32)&&li(this,32,!1)&&oi(this,32,!1)};
        h.Ub=function(a){return this.Ga&&this.b()&&this.qb(a)?(a.s(),a.w(),!0):!1};h.qb=function(a){return 13==a.b&&this.Ra(a)};if(!x(Y))throw Error("y`"+Y);if(!x(Yh))throw Error("z`"+Yh);var qi=Y[ta]||(Y[ta]=++ua);ii[qi]=Yh;hi("c-P",function(){return new Y});var ki=function(a){ff.call(this);this.g=a;this.b=!1;this.i=new Wf(this);gf(this,xa(hf,this.i));a=this.g.j;this.i.g(a,"mousedown",this.o).g(a,"mouseup",this.s).g(a,"click",this.j)};B(ki,ff);var ri=!F||9<=Number(Xb);ki.prototype.o=function(){this.b=!1};
        ki.prototype.s=function(){this.b=!0};var si=function(a,b){if(!ri)return a.button=0,a.type=b,a;var c=document.createEvent("MouseEvents");c.initMouseEvent(b,a.bubbles,a.cancelable,a.view||null,a.detail,a.screenX,a.screenY,a.clientX,a.clientY,a.ctrlKey,a.altKey,a.shiftKey,a.metaKey,0,a.relatedTarget||null);return c};
        ki.prototype.j=function(a){if(this.b)this.b=!1;else{var b=a.i,c=b.button,d=b.type,e=si(b,"mousedown");this.g.rb(new tf(e,a.g));e=si(b,"mouseup");this.g.ub(new tf(e,a.g));ri||(b.button=c,b.type=d)}};ki.prototype.W=function(){this.g=null;ki.u.W.call(this)};
        var ti=function(){};B(ti,gi);ka(ti);h=ti.prototype;h.Va=function(){};h.mb=function(a){return"BUTTON"==a.tagName||"INPUT"==a.tagName&&("button"==a.type||"submit"==a.type||"reset"==a.type)};h.Fa=function(a,b){a.Ba&&0!=a.tb&&ji(a,!1);a.tb=!1;a.hb&=-256;if(a.Ba&&a.U&32)throw Error("t");a.U&32&&oi(a,32,!1);a.ka&=-33;if(b.disabled){var c=ei(this,1);lf(b,c)}return ti.u.Fa.call(this,a,b)};h.Ob=function(a){Vh(a).g(a.S(),"click",a.Ra)};h.Ib=r;h.Jb=r;h.Hb=function(a){return a.b()};h.$a=r; h.nb=function(a,b,c){ti.u.nb.call(this,a,b,c);(a=a.S())&&1==b&&(a.disabled=c)};h.Fb=function(a){return a.value};h.Ca=r;
        var ui=function(a,b,c){Y.call(this,0,b||ti.Qa(),c)};B(ui,Y);ui.prototype.W=function(){ui.u.W.call(this);delete this.yb;delete this.Na};ui.prototype.Ja=function(){ui.u.Ja.call(this);if(this.ka&32){var a=this.S();a&&Vh(this).g(a,"keyup",this.qb)}};ui.prototype.qb=function(a){return 13==a.b&&"key"==a.type||32==a.b&&"keyup"==a.type?this.Ra(a):32==a.b};hi("c-b",function(){return new ui});
        var vi=function(){};B(vi,gi);ka(vi);vi.prototype.Va=function(){return"button"};vi.prototype.g=function(a){return a&&a.firstChild&&a.firstChild.firstChild};var wi=function(a,b,c){return c.g("DIV","c-N-K "+(a.ua()+"-oc-Qa"),c.g("DIV","c-N-K "+(a.ua()+"-nb-Qa"),b))};vi.prototype.mb=function(a){return"DIV"==a.tagName};
        vi.prototype.Fa=function(a,b){xi(b,!0);xi(b,!1);var c;a:{c=q(b.firstElementChild)?b.firstElementChild:Ce(b.firstChild);var d=this.ua()+"-oc-Qa";if(c&&kf(c,d)&&(c=q(c.firstElementChild)?c.firstElementChild:Ce(c.firstChild),d=this.ua()+"-nb-Qa",c&&kf(c,d))){c=!0;break a}c=!1}c||b.appendChild(wi(this,b.childNodes,a.V));mf(b,["c-N-K",this.ua()]);return vi.u.Fa.call(this,a,b)};vi.prototype.ua=function(){return"c-Kd-b"};
        var xi=function(a,b){if(a)for(var c=b?a.firstChild:a.lastChild,d;c&&c.parentNode==a;){d=b?c.nextSibling:c.previousSibling;if(3==c.nodeType){var e=c.nodeValue;if(""==Ga(e))a.removeChild(c);else{c.nodeValue=b?e.replace(/^[\s\xa0]+/,""):e.replace(/[\s\xa0]+$/,"");break}}else break;c=d}};
        var yi=function(a,b,c){ui.call(this,0,b||vi.Qa(),c)};B(yi,ui);hi("c-Kd-b",function(){return new yi});var zi=function(a,b,c,d,e,f){W.call(this,e,f);this.R=a;this.ha=[];this.qa=!!b;this.Na=!!c;this.Ma=!!d;for(b=this.wa=0;b<a.length;b++)ph(a[b],A(this.ya,this,b,!0),A(this.ya,this,b,!1));0!=a.length||this.qa||this.g(this.ha)};B(zi,W);zi.prototype.ya=function(a,b,c){this.wa++;this.ha[a]=[b,c];this.b||(this.qa&&b?this.g([a,c]):this.Na&&!b?this.i(c):this.wa==this.R.length&&this.g(this.ha));this.Ma&&!b&&(c=null);return c};zi.prototype.i=function(a){zi.u.i.call(this,a);for(a=0;a<this.R.length;a++)ih(this.R[a])};
        var Bi=function(a){this.H=new Ie;this.j=lc(a,Sc,16);this.v=Pd(a)||136;this.g=Qd(a);this.w=M(a,2);this.s=M(a,12);this.T=lc(a,Sd,18);this.b=new yi;this.$=M(a,14)||void 0;Ai(this);a=[];a.push(qh(function(){var a=new W;gapi.load("gwidget",A(a.g,a));return a}));if(!document.body){var b=new W;Qf(window,"load",b.g,!1,b);a.push(b)}ph(new zi(a),this.R,this.V,this);this.kb||(this.kb=oe(this),this.i||(this.i=se))};Bi.prototype.V=function(){};
        var Ai=function(a){if(4==a.g){var b=new Sc;N(b,1,"director");N(b,3,3);a.j.push(b)}};
        Bi.prototype.R=function(){var a=document.body,b;b=Pe('<div class="g-Wh9Azc-wa-t"><span>'+(2==this.g?'<div role="button" class="g-jke07b-b z-b z-b-gS7Ybc"><div class="g-jke07b-b-nb"><span class="g-Wh9Azc-b-Ja-F"></span></div></div>':'<div role="button" class="g-Wh9Azc-b z-b z-b-bd"><div class="g-Wh9Azc-b-nb"><span class="g-Wh9Azc-b-Ja-F"></span></div></div>')+"</span></div>");a.innerHTML=Ne(b);this.b.Ea||(2==this.g?Wh(this.b,ve("g-jke07b-b")):Wh(this.b,ve("g-Wh9Azc-b")),Jf(this.b,"action",this.ha,
        !1,this));a=ve("g-Wh9Azc-b-Ja-F");pi(this.b,!0);2==this.g?Je(a,"Start a Hangout On Air"):Je(a,"Start a Hangout");Jf(ye(this.H.b),"resize",this.o,!1,this);iframes.ready({height:30,width:this.v});this.o()};Bi.prototype.o=function(){var a=ve("g-Wh9Azc-b-Ja-F");2==this.g?(Je(a,"Start a Hangout On Air"),Ci(this)&&(Je(a,"Start HOA"),Ci(this)&&Je(a,"Start"))):(Je(a,"Start a Hangout"),Ci(this)&&Je(a,"Start"));iframes.ready({height:30,width:this.v})};
        var Ci=function(a){return a.b.S().scrollHeight>a.b.S().offsetHeight},Di=function(a){return $a(a.T,function(a){var c=new Rc;3==Td(a)?(a=a.getId(),N(c,2,a)):4==Td(a)?(a=a.getId(),N(c,3,a)):1==Td(a)?(a=a.getId(),N(c,1,a)):2==Td(a)&&(a=a.getId(),N(c,4,a));a=new Nc;nc(a,3,c);return a})};
        Bi.prototype.ha=function(){var a=new Kc;N(a,2,0);N(a,12,92);oc(a,41,this.j);2==this.g?N(a,29,[0]):3==this.g&&N(a,29,[1]);null!=this.w&&N(a,3,this.w);q(this.s)&&N(a,38,this.s||[]);var b=Di(this);oc(a,19,b);var c=new Md;N(c,1,2);var d={val:c.s()},e=Ed(d);if("undefined"==typeof e)throw Error("i");for(var f=new Gd(null,0,void 0),g=Dd(d),k=0;k<e.length;k++){var n=e[k],v=g[k];if(t(v)){var D=f,zb=n,Rd=v;var Db=zb;Id(D);Db=Jd(D,Db);if(Cd(D.b.g,Db)){D.i=null;D.g-=D.b.get(Db).length;var La=D.b,Eg=Db;Cd(La.g,
        Eg)&&(delete La.g[Eg],La.i--,La.j++,La.b.length>2*La.i&&Bd(La))}0<Rd.length&&(D.i=null,D.b.set(Jd(D,zb),ob(Rd)),D.g+=Rd.length)}else Hd(f,n,v)}var Li=f.toString(),qc=new Fh;Ih.push(qc);Df(qc.o,"ready",qc.yb,!0,void 0,void 0);qc.send("/talkgadget/_/widget/log","POST",Li,void 0);var rc,Fg=this.$,Ma="/";null!=Fg&&(Ma=P(Ma,"authuser",Fg));Ma=P(Ma,"hl","en-GB");Fa(Va(void 0))||(Ma=P(Ma,"eid",void 0));rc=Ma;rc=this.kb.g(rc);var Gg=rc,Eb=new $c,U,Vd=!1;if(a instanceof Kc){var oa=a;if(null!=Eb){var Mi=oa=
        nd(oa,!0),sc;var Wd=Eb.b;if(Wd.b)try{Wd.b.setItem("__sak","1"),Wd.b.removeItem("__sak"),sc=!0}catch(ej){sc=!1}else sc=!1;sc&&Eb.b.set("hscv",ec([ya()+3E4,bc(Mi.s())]))}var tc=Oc(oa),Vd=null!=tc&&1==tc.length&&null!=O(tc[0])&&null!=M(O(tc[0]),2),Ni=oa,Oi=new Qc;nc(Ni,16,Oi);var Pi=kc(oa,Qc,16),Qi=ya();N(Pi,1,Qi);var Ri=0<M(oa,31),Si=1<Oc(oa).length,Xd;if(null!=Eb&&(Ri||Si||Eb.g())){var y=oa,u=cd(Gg||"",null);null!=M(y,2)&&(u=R(u,"ht",M(y,2)));var u=R(u,"hscid",M(y,21)),u=hd(u,kd(y)),Ti=!!M(y,20),uc=
        Oc(y),Fb=[],Ui=[];if(null!=uc)for(var Yd=0;Yd<uc.length;Yd++){var vc=uc[Yd];null!=O(vc)&&null!=M(O(vc),3)?Ui.push(M(O(vc),3)):Fb.push(M(vc,1))}0==Fb.length&&(Fb=M(y,6)||[]);if(Ti){if(0<Fb.length){for(var Zd,Hg=Fb,Gb=[],wc,$d=0;$d<Hg.length;$d++){var Hb=Hg[$d];if(null!=Hb){var Vi=Hb.substr(0,Hb.length-20),eb;for(var ae=Hb.substring(Hb.length-20),Ig=!0,Na=0,be=ae.length;Na<be;Na++)if("0"!=ae.charAt(Na)){Ig=!1;break}if(Ig)eb="0";else{for(var ce,de=ae,Jg={},Aa=0;10>Aa;Aa++)Jg["0123456789".charAt(Aa)]=
        Aa;for(var Kg=[],Aa=de.length-1;0<=Aa;Aa--){var Lg=de.charAt(Aa),Mg=Jg[Lg];if("undefined"==typeof Mg)throw Error("f`"+de+"`0123456789`"+Lg);Kg.push(Mg)}ce=Kg;for(var pa=[],Na=ce.length-1;0<=Na;Na--){for(var V=0,qa=0,be=pa.length;qa<be;qa++){var Q=pa[qa],Q=10*Q+V;if(36<=Q)var Ba=Q%36,V=(Q-Ba)/36,Q=Ba;else V=0;pa[qa]=Q}for(;V;)Ba=V%36,pa.push(Ba),V=(V-Ba)/36;V=ce[Na];for(qa=0;V;)qa>=pa.length&&pa.push(0),Q=pa[qa],Q+=V,36<=Q?(Ba=Q%36,V=(Q-Ba)/36,Q=Ba):V=0,pa[qa]=Q,qa++}for(var ee=pa,Ng=[],fe=ee.length-
        1;0<=fe;fe--){var xc=ee[fe];if(36<=xc||0>xc)throw Error("g`"+ee+"`"+xc);Ng.push("0123456789abcdefghijklmnopqrstuvwxyz".charAt(xc))}eb=Ng.join("")}for(;13>eb.length;)eb="0"+eb;Gb.push(Vi+eb)}}if(0<Gb.length){wc=Gb[0];for(var ge=1;ge<Gb.length;ge++)wc=wc+"_"+Gb[ge]}Zd=wc;null!=Zd&&(u=P(u,"hpe",Zd))}var Ib;b:{var Oa=Oc(y);if(0<M(y,31))for(var Jb=0;Jb<Oa.length;Jb++){if(null!=O(Oa[Jb])&&null!=M(O(Oa[Jb]),3)){Ib=M(Oa[Jb],2);break b}}else if(null!=Oa&&1==Oa.length){Ib=M(Oa[0],2);break b}Ib=null}null!=Ib&&
        (u=P(u,"hpn",Ib));var u=R(u,"hisdn",ld(uc)),Og=md(y);null!=Og&&(u=P(u,"hic",Og));id(y)&&(u=R(u,"hip",M(O(Oc(y)[0]),2)));u=R(u,"hnc",M(y,31))}null!=Mc(y)&&(u=R(u,"hii",M(Mc(y),2)),u=R(u,"hit",M(Mc(y),1)));null!=M(y,26)&&(u=R(u,"hio",M(y,26)));null!=M(y,22)&&(u=R(u,"hmv",M(y,22)));null!=M(y,43)&&(u=R(u,"hma",M(y,43)));Xd=u=R(u,"hs",M(y,12))}else{var p=oa,p=nd(p),m=cd(Gg||"",null);null!=M(p,2)&&(m=R(m,"ht",M(p,2)));var m=R(m,"had",M(p,9)),Wi=m=R(m,"hai",M(p,8)),Pg,Qg=p;Pg=null!=M(Qg,10)?M(Qg,10):!1;
        var Xi=m=R(Wi,"hft",Pg||!1),Rg,Sg=p;Rg=null!=M(Sg,17)?M(Sg,17):0;m=R(Xi,"hcb",Rg);m=R(m,"hci",M(p,5));m=R(m,"hru",M(p,4));m=R(m,"hti",M(p,7));m=R(m,"htt",M(p,3));0<M(p,34).length&&(m=R(m,"hrid",M(p,34).join(",")));m=R(m,"hgai",M(p,33));0<M(p,38).length&&(m=R(m,"hht",M(p,38).join(",")));null!=kc(p,Qc,16)&&null!=M(kc(p,Qc,16),1)&&(m=R(m,"lm1",M(kc(p,Qc,16),1)));if(null!=Mc(p)){var m=R(m,"hii",M(Mc(p),2)),m=R(m,"hin",M(Mc(p),4)),Yi=m=R(m,"hit",M(Mc(p),1)),Tg,Ug=Mc(p);Tg=null!=M(Ug,3)?M(Ug,3):0;m=R(Yi,
        "htp",Tg)}null!=M(p,26)&&(m=R(m,"hio",M(p,26)));m=R(m,"hs",M(p,12));m=R(m,"hni",M(p,15));m=R(m,"hscid",M(p,21));m=R(m,"hsi",M(p,25));null!=M(p,22)&&(m=R(m,"hmv",M(p,22)));null!=M(p,43)&&(m=R(m,"hma",M(p,43)));m=R(m,"heid",M(p,23));m=R(m,"wpi",M(p,27));null!=Pc(p)&&(m=R(m,"hib",Pc(p)));var Vg=md(p);null!=Vg&&(m=R(m,"hic",Vg));var Wg=Mc(p),Zi=null!=Wg&&!!M(Wg,5),Ca=Oc(p);if(!Zi)if(null!=Ca&&0<Ca.length){for(var Xg=[],Yg=[],$i=[],fb=0;fb<Ca.length;fb++){null!=M(Ca[fb],1)&&Xg.push(M(Ca[fb],1));var Zg=
        M(Ca[fb],2);null!=Zg&&Yg.push(Zg);var $g=M(Ca[fb],4);null!=$g&&$i.push($g)}m=R(m,"hpi",Xg);m=R(m,"hpn",Yg);m=R(m,"hisdn",ld(Ca))}else m=R(m,"hpi",M(p,6));var ah=M(p,29);0<ah.length&&(m=R(m,"hso",ah.join(",")));m=R(m,"heeid",M(p,32));id(p)&&(m=R(m,"hip",M(O(Oc(p)[0]),2)));var m=hd(m,kd(p)),Pa=p;N(Pa,6,[]);N(Pa,11,void 0);null!=Mc(Pa)&&N(Mc(Pa),5,void 0);N(Pa,14,void 0);N(Pa,20,void 0);N(Pa,30,[]);for(var bh=p.s(),he=[],ch=0,ie=0;ie<bh.length;ie++){for(var yc=bh.charCodeAt(ie);255<yc;)he[ch++]=yc&255,
        yc>>=8;he[ch++]=yc}var aj=$b(he,!0);Xd=m=R(m,"ssc",aj)}U=Xd}else{if(null!=a.w&&0<a.w.length){var z=a.w;if(null!=a.$){var je=z.match(bd)[5]||null,ra=(je?decodeURI(je):je)||"",ke=ra.length-1;0<=ke&&ra.indexOf("/",ke)==ke||(ra+="/");if(0==ra.lastIndexOf("/",0))var bj=ra,cj=new RegExp("/".replace(/([-()\[\]{}+?*.$\^|,:#<!\\])/g,"\\$1").replace(/\x08/g,"\\x08"),""),ra=bj.replace(cj,"");q(a.H)&&!Fa(Va(a.H))&&(ra+=encodeURIComponent(String(a.H))+"/");ra+=a.$.replace(/(\?|%|#)/g,encodeURIComponent);z=hd(z,
        ra)}null!=a.R&&(z=P(z,"authuser",a.R));null!=a.locale&&(z=P(z,"hl",a.locale));null!=a.groupId&&(z=P(z,"groupid",a.groupId));null!=a.ma&&(z=P(z,"profileid",a.ma));null!=a.v&&!Fa(a.v)&&(z=P(z,"eid",a.v));null!=a.ha&&(z=P(z,"act",a.ha));null!=a.qa&&(z=P(z,"scw",a.qa));null!=a.source&&(z=P(z,"source",a.source));null!=a.ya&&(z=cd(z,"_"+a.ya));U=z}else U=null;null!=U&&(U=P(U,"lm1",ya()))}if(null!=U){var dh=Math.min(.9*window.screen.availWidth,Vd?1024:1490),zc={target:"_blank",directories:!1,location:!1,
        menubar:!1,status:!1,toolbar:!1,personalbar:!1,resizable:!0,width:dh,height:Math.min(.9*window.screen.availHeight,Vd?768:1E3)};q(window.screen.availTop)&&(zc.top=window.screen.availTop);q(window.screen.availLeft)&&(zc.left=window.screen.availLeft+(window.screen.availWidth-dh)/2);var Ac;var Bc=window.location.href,le=Bc.search(fd),Kb=ed(Bc,0,"jsmode",le);if(0>Kb)Ac=null;else{var Cc=Bc.indexOf("&",Kb);if(0>Cc||Cc>le)Cc=le;Kb+=7;Ac=decodeURIComponent(Bc.substr(Kb,Cc-Kb).replace(/\+/g," "))}null!=Ac&&
        (U=P(U,"jsmode",Ac),zc.location=!0);if(G){var gb=U.match(bd);U=ad(gb[1],gb[2],"ie.talkgadget.google.com",gb[4],gb[5],gb[6],gb[7])}var hb=U,Da=zc;Da||(Da={});var ib=window,jb;jb=hb instanceof pd?hb:td("undefined"!=typeof hb.href?hb.href:String(hb));var Lb=Da.target||hb.target,me=[],kb;for(kb in Da)switch(kb){case "width":case "height":case "top":case "left":me.push(kb+"="+Da[kb]);break;case "target":case "noreferrer":break;default:me.push(kb+"="+(Da[kb]?1:0))}var eh=me.join(","),Mb;if((E("iPhone")&&
        !E("iPod")&&!E("iPad")||E("iPad")||E("iPod"))&&ib.navigator&&ib.navigator.standalone&&Lb&&"_self"!=Lb){var Dc=ib.document.createElement("A"),fh;fh=jb instanceof pd?jb:td(jb);Dc.href=qd(fh);Dc.setAttribute("target",Lb);Da.noreferrer&&Dc.setAttribute("rel","noreferrer");var gh=document.createEvent("MouseEvent");gh.initMouseEvent("click",!0,!0,ib,1);Dc.dispatchEvent(gh)}else if(Da.noreferrer){Mb=ib.open("",Lb,eh);var Ec=qd(jb);if(Mb){Ob&&-1!=Ec.indexOf(";")&&(Ec="'"+Ec.replace(/'/g,"%27")+"'");Mb.opener=
        null;var hh,dj='<META HTTP-EQUIV="refresh" content="0; url='+Ta(Ec)+'">';hh=zd(dj);Mb.document.write(yd(hh));Mb.document.close()}}else ib.open(qd(jb),Lb,eh)}};var Ei=function(){};B(Ei,Ud);Ei.u||B(Ei,Ud);Bi.Ha=Ei;Ei.prototype.g=function(a){a=a?a:function(){};a.Ab=!0;return a}(function(a){return a});ja("onHangoutCreated",function(a){if(null!=a&&t(a)){var b=new Ld(a);if(x(b.V)&&"w:hc"==b.T&&(a={},a.hangout_url=M(b,1),a.youtube_watch_url=M(b,3),a.gplus_watch_url=M(b,2),b=ye((new Ie).b),b.iframer&&b.iframer.onhangoutcreated))b.iframer.onhangoutcreated(a)}}); ja("iframe_load",function(a){a=new Od(bc(a));new Bi(a)});

        }catch(e){_DumpException(e)}
        // Google Inc.
    http_version: 
  recorded_at: Mon, 01 Feb 2016 09:15:02 GMT
- request:
    method: get
    uri: https://apis.google.com/js/api.js
    body:
      encoding: UTF-8
      string: ''
    headers:
      Accept:
      - "*/*"
      Referer:
      - https://talkgadget.google.com/talkgadget/_/widget?render=createhangout&topic=Daily%20Standup&hangout_type=onair&initial_apps=%5B%7B%22app_id%22%3A%22%22%2C%22start_data%22%3A%7B%22title%22%3A%22Daily%20Standup%22%2C%22category%22%3A%22PairProgramming%22%2C%22projectId%22%3A%22%22%2C%22eventId%22%3A%221%22%2C%22hostId%22%3A1%2C%22hangoutId%22%3A%22100%22%2C%22callbackUrl%22%3A%22https%3A%2F%2F127.0.0.1%3A50012%2Fhangouts%2F%22%7D%2C%22app_type%22%3A%22LOCAL_APP%22%7D%5D&widget_size=175&origin=http%3A%2F%2F127.0.0.1%3A50012&gsrc=3p&jsh=m%3B%2F_%2Fscs%2Fapps-static%2F_%2Fjs%2Fk%3Doz.gapi.en_GB.pOO7yrbxBic.O%2Fm%3D__features__%2Fam%3DAQ%2Frt%3Dj%2Fd%3D1%2Frs%3DAGLTcCP2oT3puUj5majzgvZgAp3l-GJ8UA
      User-Agent:
      - Mozilla/5.0 (Macintosh; Intel Mac OS X) AppleWebKit/538.1 (KHTML, like Gecko)
        PhantomJS/2.1.1 Safari/538.1
      Cookie:
      - NID=78=b0bTAJSS8sETm1-_1ws9qV_7H9roWH-9XEYpO0Ep5ruh0-JVpYPEvh9q3al-iJD05cU7RPtO3xWzfA7_33Kla3pcLT6oT7QRHeViccfV5IhuZhCukaukzEMJtGOv2nvk
      Connection:
      - Keep-Alive
      Accept-Language:
      - en-GB,*
      Host:
      - apis.google.com
  response:
    status:
      code: 200
      message: OK
    headers:
      Content-Type:
      - application/javascript; charset=utf-8
      X-Ua-Compatible:
      - IE=edge, chrome=1
      Timing-Allow-Origin:
      - "*"
      Expires:
      - Thu, 01 Sep 2016 16:02:09 GMT
      Date:
      - Thu, 01 Sep 2016 16:02:09 GMT
      Cache-Control:
      - private, max-age=1800, stale-while-revalidate=1800
      Strict-Transport-Security:
      - max-age=10886400
      Server:
      - ESF
      X-Xss-Protection:
      - 1; mode=block
      X-Frame-Options:
      - SAMEORIGIN
      X-Content-Type-Options:
      - nosniff
      Alternate-Protocol:
      - 443:quic
      Alt-Svc:
      - quic=":443"; ma=2592000; v="36,35,34,33,32,31,30"
      Accept-Ranges:
      - none
      Vary:
      - Accept-Encoding
      Connection:
      - close
    body:
      encoding: UTF-8
      string: |-
        var gapi=window.gapi=window.gapi||{};gapi._bs=new Date().getTime();(function(){var f=window,h=document,m=f.location,n=function(){},u=/\[native code\]/,w=function(a,b,c){return a[b]=a[b]||c},A=function(a){for(var b=0;b<this.length;b++)if(this[b]===a)return b;return-1},B=function(a){a=a.sort();for(var b=[],c=void 0,d=0;d<a.length;d++){var e=a[d];e!=c&&b.push(e);c=e}return b},C=function(){var a;if((a=Object.create)&&u.test(a))a=a(null);else{a={};for(var b in a)a[b]=void 0}return a},D=w(f,"gapi",{});var E;E=w(f,"___jsl",C());w(E,"I",0);w(E,"hel",10);var F=function(){var a=m.href,b;if(E.dpo)b=E.h;else{b=E.h;var c=RegExp("([#].*&|[#])jsh=([^&#]*)","g"),d=RegExp("([?#].*&|[?#])jsh=([^&#]*)","g");if(a=a&&(c.exec(a)||d.exec(a)))try{b=decodeURIComponent(a[2])}catch(e){}}return b},G=function(a){var b=w(E,"PQ",[]);E.PQ=[];var c=b.length;if(0===c)a();else for(var d=0,e=function(){++d===c&&a()},g=0;g<c;g++)b[g](e)},H=function(a){return w(w(E,"H",C()),a,C())};var J=w(E,"perf",C()),K=w(J,"g",C()),aa=w(J,"i",C());w(J,"r",[]);C();C();var L=function(a,b,c){var d=J.r;"function"===typeof d?d(a,b,c):d.push([a,b,c])},N=function(a,b,c){b&&0<b.length&&(b=M(b),c&&0<c.length&&(b+="___"+M(c)),28<b.length&&(b=b.substr(0,28)+(b.length-28)),c=b,b=w(aa,"_p",C()),w(b,c,C())[a]=(new Date).getTime(),L(a,"_p",c))},M=function(a){return a.join("__").replace(/\./g,"_").replace(/\-/g,"_").replace(/\,/g,"_")};var O=C(),P=[],Q=function(a){throw Error("Bad hint"+(a?": "+a:""));};P.push(["jsl",function(a){for(var b in a)if(Object.prototype.hasOwnProperty.call(a,b)){var c=a[b];"object"==typeof c?E[b]=w(E,b,[]).concat(c):w(E,b,c)}if(b=a.u)a=w(E,"us",[]),a.push(b),(b=/^https:(.*)$/.exec(b))&&a.push("http:"+b[1])}]);var ba=/^(\/[a-zA-Z0-9_\-]+)+$/,ca=/^[a-zA-Z0-9\-_\.,!]+$/,da=/^gapi\.loaded_[0-9]+$/,ea=/^[a-zA-Z0-9,._-]+$/,ia=function(a,b,c,d){var e=a.split(";"),g=e.shift(),l=O[g],k=null;l?k=l(e,b,c,d):Q("no hint processor for: "+g);k||Q("failed to generate load url");b=k;c=b.match(fa);(d=b.match(ga))&&1===d.length&&ha.test(b)&&c&&1===c.length||Q("failed sanity: "+a);return k},ka=function(a,b,c,d){a=ja(a);da.test(c)||Q("invalid_callback");b=R(b);d=d&&d.length?R(d):null;var e=function(a){return encodeURIComponent(a).replace(/%2C/g,
        ",")};return[encodeURIComponent(a.g).replace(/%2C/g,",").replace(/%2F/g,"/"),"/k=",e(a.version),"/m=",e(b),d?"/exm="+e(d):"","/rt=j/sv=1/d=1/ed=1",a.a?"/am="+e(a.a):"",a.c?"/rs="+e(a.c):"",a.f?"/t="+e(a.f):"","/cb=",e(c)].join("")},ja=function(a){"/"!==a.charAt(0)&&Q("relative path");for(var b=a.substring(1).split("/"),c=[];b.length;){a=b.shift();if(!a.length||0==a.indexOf("."))Q("empty/relative directory");else if(0<a.indexOf("=")){b.unshift(a);break}c.push(a)}a={};for(var d=0,e=b.length;d<e;++d){var g=
        b[d].split("="),l=decodeURIComponent(g[0]),k=decodeURIComponent(g[1]);2==g.length&&l&&k&&(a[l]=a[l]||k)}b="/"+c.join("/");ba.test(b)||Q("invalid_prefix");c=S(a,"k",!0);d=S(a,"am");e=S(a,"rs");a=S(a,"t");return{g:b,version:c,a:d,c:e,f:a}},R=function(a){for(var b=[],c=0,d=a.length;c<d;++c){var e=a[c].replace(/\./g,"_").replace(/-/g,"_");ea.test(e)&&b.push(e)}return b.join(",")},S=function(a,b,c){a=a[b];!a&&c&&Q("missing: "+b);if(a){if(ca.test(a))return a;Q("invalid: "+b)}return null},ha=/^https?:\/\/[a-z0-9_.-]+\.google\.com(:\d+)?\/[a-zA-Z0-9_.,!=\-\/]+$/,
        ga=/\/cb=/g,fa=/\/\//g,la=function(){var a=F();if(!a)throw Error("Bad hint");return a};O.m=function(a,b,c,d){(a=a[0])||Q("missing_hint");return"https://apis.google.com"+ka(a,b,c,d)};var U=decodeURI("%73cript"),V=function(a,b){for(var c=[],d=0;d<a.length;++d){var e=a[d];e&&0>A.call(b,e)&&c.push(e)}return c},ma=function(a){"loading"!=h.readyState?W(a):h.write("<"+U+' src="'+encodeURI(a)+'"></'+U+">")},W=function(a){var b=h.createElement(U);b.setAttribute("src",a);b.async="true";(a=h.getElementsByTagName(U)[0])?a.parentNode.insertBefore(b,a):(h.head||h.body||h.documentElement).appendChild(b)},na=function(a,b){var c=b&&b._c;if(c)for(var d=0;d<P.length;d++){var e=P[d][0],g=P[d][1];
        g&&Object.prototype.hasOwnProperty.call(c,e)&&g(c[e],a,b)}},oa=function(a,b,c){X(function(){var c;c=b===F()?w(D,"_",C()):C();c=w(H(b),"_",c);a(c)},c)},Z=function(a,b){var c=b||{};"function"==typeof b&&(c={},c.callback=b);na(a,c);var d=a?a.split(":"):[],e=c.h||la(),g=w(E,"ah",C());if(g["::"]&&d.length){for(var l=[],k=null;k=d.shift();){var q=k.split("."),q=g[k]||g[q[1]&&"ns:"+q[0]||""]||e,x=l.length&&l[l.length-1]||null,y=x;x&&x.hint==q||(y={hint:q,b:[]},l.push(y));y.b.push(k)}var z=l.length;if(1<
        z){var v=c.callback;v&&(c.callback=function(){0==--z&&v()})}for(;d=l.shift();)Y(d.b,c,d.hint)}else Y(d||[],c,e)},Y=function(a,b,c){a=B(a)||[];var d=b.callback,e=b.config,g=b.timeout,l=b.ontimeout,k=b.onerror,q=void 0;"function"==typeof k&&(q=k);var x=null,y=!1;if(g&&!l||!g&&l)throw"Timeout requires both the timeout parameter and ontimeout parameter to be set";var k=w(H(c),"r",[]).sort(),z=w(H(c),"L",[]).sort(),v=[].concat(k),T=function(a,b){if(y)return 0;f.clearTimeout(x);z.push.apply(z,p);var d=
        ((D||{}).config||{}).update;d?d(e):e&&w(E,"cu",[]).push(e);if(b){N("me0",a,v);try{oa(b,c,q)}finally{N("me1",a,v)}}return 1};0<g&&(x=f.setTimeout(function(){y=!0;l()},g));var p=V(a,z);if(p.length){var p=V(a,k),r=w(E,"CP",[]),t=r.length;r[t]=function(a){if(!a)return 0;N("ml1",p,v);var b=function(b){r[t]=null;T(p,a)&&G(function(){d&&d();b()})},c=function(){var a=r[t+1];a&&a()};0<t&&r[t-1]?r[t]=function(){b(c)}:b(c)};if(p.length){var I="loaded_"+E.I++;D[I]=function(a){r[t](a);D[I]=null};a=ia(c,p,"gapi."+
        I,k);k.push.apply(k,p);N("ml0",p,v);b.sync||f.___gapisync?ma(a):W(a)}else r[t](n)}else T(p)&&d&&d()};var X=function(a,b){if(E.hee&&0<E.hel)try{return a()}catch(c){b&&b(c),E.hel--,Z("debug_error",function(){try{window.___jsl.hefn(c)}catch(d){throw c;}})}else try{return a()}catch(c){throw b&&b(c),c;}};D.load=function(a,b){return X(function(){return Z(a,b)})};K.bs0=window.gapi._bs||(new Date).getTime();L("bs0");K.bs1=(new Date).getTime();L("bs1");delete window.gapi._bs;})();
        gapi.load("",{callback:window["gapi_onload"],_c:{"jsl":{"ci":{"deviceType":"desktop","oauth-flow":{"authUrl":"https://accounts.google.com/o/oauth2/auth","proxyUrl":"https://accounts.google.com/o/oauth2/postmessageRelay","disableOpt":true,"idpIframeUrl":"https://accounts.google.com/o/oauth2/iframe","usegapi":false},"debug":{"reportExceptionRate":0.05,"forceIm":false,"rethrowException":false,"host":"https://apis.google.com"},"lexps":[81,97,100,122,123,30,79,127],"enableMultilogin":true,"googleapis.config":{"auth":{"useFirstPartyAuthV2":false}},"isPlusUser":false,"inline":{"css":1},"disableRealtimeCallback":false,"drive_share":{"skipInitCommand":true},"csi":{"rate":0.01},"report":{"apiRate":{"gapi\\.signin\\..*":0.05,"gapi\\.signin2\\..*":0.05},"apis":["iframes\\..*","gadgets\\..*","gapi\\.appcirclepicker\\..*","gapi\\.auth\\..*","gapi\\.client\\..*"],"rate":0.001,"host":"https://apis.google.com"},"client":{"headers":{"request":["Accept","Accept-Language","Authorization","Cache-Control","Content-Disposition","Content-Encoding","Content-Language","Content-Length","Content-MD5","Content-Range","Content-Type","Date","GData-Version","Host","If-Match","If-Modified-Since","If-None-Match","If-Unmodified-Since","Origin","OriginToken","Pragma","Range","Slug","Transfer-Encoding","Want-Digest","X-ClientDetails","X-GData-Client","X-GData-Key","X-Goog-AuthUser","X-Goog-PageId","X-Goog-Encode-Response-If-Executable","X-Goog-Correlation-Id","X-Goog-Request-Info","X-Goog-Experiments","x-goog-iam-authority-selector","x-goog-iam-authorization-token","X-Goog-Spatula","X-Goog-Upload-Command","X-Goog-Upload-Content-Disposition","X-Goog-Upload-Content-Length","X-Goog-Upload-Content-Type","X-Goog-Upload-File-Name","X-Goog-Upload-Offset","X-Goog-Upload-Protocol","X-Goog-Visitor-Id","X-HTTP-Method-Override","X-JavaScript-User-Agent","X-Pan-Versionid","X-Origin","X-Referer","X-Upload-Content-Length","X-Upload-Content-Type","X-Use-HTTP-Status-Code-Override","X-Ios-Bundle-Identifier","X-Android-Package","X-YouTube-VVT","X-YouTube-Page-CL","X-YouTube-Page-Timestamp"],"response":["Digest","Cache-Control","Content-Disposition","Content-Encoding","Content-Language","Content-Length","Content-MD5","Content-Range","Content-Type","Date","ETag","Expires","Last-Modified","Location","Pragma","Range","Server","Transfer-Encoding","WWW-Authenticate","Vary","Unzipped-Content-MD5","X-Goog-Generation","X-Goog-Metageneration","X-Goog-Safety-Content-Type","X-Goog-Safety-Encoding","X-Google-Trace","X-Goog-Upload-Chunk-Granularity","X-Goog-Upload-Control-URL","X-Goog-Upload-Size-Received","X-Goog-Upload-Status","X-Goog-Upload-URL","X-Goog-Diff-Download-Range","X-Goog-Hash","X-Goog-Updated-Authorization","X-Server-Object-Version","X-Guploader-Customer","X-Guploader-Upload-Result","X-Guploader-Uploadid","X-Google-Gfe-Backend-Request-Cost"]},"rms":"migrated","cors":false},"isLoggedIn":false,"signInDeprecation":{"rate":0.0},"include_granted_scopes":true,"llang":"en","iframes":{"youtube":{"params":{"location":["search","hash"]},"url":":socialhost:/:session_prefix:_/widget/render/youtube?usegapi\u003d1","methods":["scroll","openwindow"]},"ytsubscribe":{"url":"https://www.youtube.com/subscribe_embed?usegapi\u003d1"},"plus_circle":{"params":{"url":""},"url":":socialhost:/:session_prefix::se:_/widget/plus/circle?usegapi\u003d1"},"plus_share":{"params":{"url":""},"url":":socialhost:/:session_prefix::se:_/+1/sharebutton?plusShare\u003dtrue\u0026usegapi\u003d1"},"rbr_s":{"params":{"url":""},"url":":socialhost:/:session_prefix::se:_/widget/render/recobarsimplescroller"},"udc_webconsentflow":{"params":{"url":""},"url":"https://www.google.com/settings/webconsent?usegapi\u003d1"},":source:":"3p","playemm":{"url":"https://play.google.com/work?usegapi\u003d1\u0026usegapi\u003d1"},"blogger":{"params":{"location":["search","hash"]},"url":":socialhost:/:session_prefix:_/widget/render/blogger?usegapi\u003d1","methods":["scroll","openwindow"]},"evwidget":{"params":{"url":""},"url":":socialhost:/:session_prefix:_/events/widget?usegapi\u003d1"},"partnersbadge":{"url":"https://www.gstatic.com/partners/badge/templates/badge.html?usegapi\u003d1"},":socialhost:":"https://apis.google.com","shortlists":{"url":""},"hangout":{"url":"https://talkgadget.google.com/:session_prefix:talkgadget/_/widget"},"plus_followers":{"params":{"url":""},"url":":socialhost:/_/im/_/widget/render/plus/followers?usegapi\u003d1"},"post":{"params":{"url":""},"url":":socialhost:/:session_prefix::im_prefix:_/widget/render/post?usegapi\u003d1"},":gplus_url:":"https://plus.google.com","signin":{"params":{"url":""},"url":":socialhost:/:session_prefix:_/widget/render/signin?usegapi\u003d1","methods":["onauth"]},"rbr_i":{"params":{"url":""},"url":":socialhost:/:session_prefix::se:_/widget/render/recobarinvitation"},"donation":{"url":"https://onetoday.google.com/home/donationWidget?usegapi\u003d1"},"share":{"url":":socialhost:/:session_prefix::im_prefix:_/widget/render/share?usegapi\u003d1"},"plusone":{"params":{"count":"","size":"","url":""},"url":":socialhost:/:session_prefix::se:_/+1/fastbutton?usegapi\u003d1"},"comments":{"params":{"location":["search","hash"]},"url":":socialhost:/:session_prefix:_/widget/render/comments?usegapi\u003d1","methods":["scroll","openwindow"]},":im_socialhost:":"https://plus.googleapis.com","backdrop":{"url":"https://clients3.google.com/cast/chromecast/home/widget/backdrop?usegapi\u003d1"},"visibility":{"params":{"url":""},"url":":socialhost:/:session_prefix:_/widget/render/visibility?usegapi\u003d1"},"autocomplete":{"params":{"url":""},"url":":socialhost:/:session_prefix:_/widget/render/autocomplete"},"additnow":{"url":"https://apis.google.com/additnow/additnow.html?usegapi\u003d1","methods":["launchurl"]},":signuphost:":"https://plus.google.com","appcirclepicker":{"url":":socialhost:/:session_prefix:_/widget/render/appcirclepicker"},"follow":{"url":":socialhost:/:session_prefix:_/widget/render/follow?usegapi\u003d1"},"community":{"url":":ctx_socialhost:/:session_prefix::im_prefix:_/widget/render/community?usegapi\u003d1"},"sharetoclassroom":{"url":"https://www.gstatic.com/classroom/sharewidget/widget_stable.html?usegapi\u003d1"},"ytshare":{"params":{"url":""},"url":":socialhost:/:session_prefix:_/widget/render/ytshare?usegapi\u003d1"},"plus":{"url":":socialhost:/:session_prefix:_/widget/render/badge?usegapi\u003d1"},"family_creation":{"params":{"url":""},"url":"https://families.google.com/webcreation?usegapi\u003d1\u0026usegapi\u003d1"},"commentcount":{"url":":socialhost:/:session_prefix:_/widget/render/commentcount?usegapi\u003d1"},"configurator":{"url":":socialhost:/:session_prefix:_/plusbuttonconfigurator?usegapi\u003d1"},"zoomableimage":{"url":"https://ssl.gstatic.com/microscope/embed/"},"savetowallet":{"url":"https://clients5.google.com/s2w/o/savetowallet"},"person":{"url":":socialhost:/:session_prefix:_/widget/render/person?usegapi\u003d1"},"savetodrive":{"url":"https://drive.google.com/savetodrivebutton?usegapi\u003d1","methods":["save"]},"page":{"url":":socialhost:/:session_prefix:_/widget/render/page?usegapi\u003d1"},"card":{"url":":socialhost:/:session_prefix:_/hovercard/card"}}},"h":"m;/_/scs/apps-static/_/js/k\u003doz.gapi.en_GB.rLj6ZB_X4P8.O/m\u003d__features__/am\u003dAQ/rt\u003dj/d\u003d1/rs\u003dAGLTcCMauA-R66PY3RfKJB4Xw2SZAVinIA","u":"https://apis.google.com/js/api.js","hee":true,"fp":"8e93d657eacdccd49a48df518caca05fc0f47051","dpo":false},"fp":"8e93d657eacdccd49a48df518caca05fc0f47051","annotation":["interactivepost","recobar","signin2","autocomplete","profile"],"bimodal":["signin","share"]}});
    http_version: 
  recorded_at: Mon, 01 Feb 2016 09:15:02 GMT
- request:
    method: get
    uri: https://apis.google.com/_/scs/apps-static/_/js/k=oz.gapi.en_GB.pOO7yrbxBic.O/m=gwidget/rt=j/sv=1/d=1/ed=1/am=AQ/rs=AGLTcCP2oT3puUj5majzgvZgAp3l-GJ8UA/cb=gapi.loaded_0
    body:
      encoding: UTF-8
      string: ''
    headers:
      Accept:
      - "*/*"
      Referer:
      - https://talkgadget.google.com/talkgadget/_/widget?render=createhangout&topic=Daily%20Standup&hangout_type=onair&initial_apps=%5B%7B%22app_id%22%3A%22%22%2C%22start_data%22%3A%7B%22title%22%3A%22Daily%20Standup%22%2C%22category%22%3A%22PairProgramming%22%2C%22projectId%22%3A%22%22%2C%22eventId%22%3A%221%22%2C%22hostId%22%3A1%2C%22hangoutId%22%3A%22100%22%2C%22callbackUrl%22%3A%22https%3A%2F%2F127.0.0.1%3A50012%2Fhangouts%2F%22%7D%2C%22app_type%22%3A%22LOCAL_APP%22%7D%5D&widget_size=175&origin=http%3A%2F%2F127.0.0.1%3A50012&gsrc=3p&jsh=m%3B%2F_%2Fscs%2Fapps-static%2F_%2Fjs%2Fk%3Doz.gapi.en_GB.pOO7yrbxBic.O%2Fm%3D__features__%2Fam%3DAQ%2Frt%3Dj%2Fd%3D1%2Frs%3DAGLTcCP2oT3puUj5majzgvZgAp3l-GJ8UA
      User-Agent:
      - Mozilla/5.0 (Macintosh; Intel Mac OS X) AppleWebKit/538.1 (KHTML, like Gecko)
        PhantomJS/2.1.1 Safari/538.1
      Cookie:
      - NID=78=b0bTAJSS8sETm1-_1ws9qV_7H9roWH-9XEYpO0Ep5ruh0-JVpYPEvh9q3al-iJD05cU7RPtO3xWzfA7_33Kla3pcLT6oT7QRHeViccfV5IhuZhCukaukzEMJtGOv2nvk
      Connection:
      - Keep-Alive
      Accept-Language:
      - en-GB,*
      Host:
      - apis.google.com
  response:
    status:
      code: 404
      message: Not Found
    headers:
      X-Content-Type-Options:
      - nosniff
      Date:
      - Thu, 01 Sep 2016 16:02:09 GMT
      Content-Type:
      - text/html
      Server:
      - sffe
      Content-Length:
      - '0'
      X-Xss-Protection:
      - 1; mode=block
      Alternate-Protocol:
      - 443:quic
      Alt-Svc:
      - quic=":443"; ma=2592000; v="36,35,34,33,32,31,30"
      Connection:
      - close
    body:
      encoding: UTF-8
      string: ''
    http_version: 
  recorded_at: Mon, 01 Feb 2016 09:15:02 GMT
recorded_with: VCR 3.0.1
