---
http_interactions:
- request:
    method: post
    uri: https://agileventures.slack.com/api/users.admin.invite
    body:
      encoding: US-ASCII
      string: email=bobb112%40hotmail.com&channels=C02G8J689%2CC0285CSUH%2CC02AA0ARR&token
    headers:
      Accept-Encoding:
      - gzip;q=1.0,deflate;q=0.6,identity;q=0.3
      Accept:
      - "*/*"
      User-Agent:
      - Ruby
      Host:
      - agileventures.slack.com
      Content-Type:
      - application/x-www-form-urlencoded
  response:
    status:
      code: 200
      message: OK
    headers:
      Content-Type:
      - application/json; charset=utf-8
      Transfer-Encoding:
      - chunked
      Connection:
      - keep-alive
      Access-Control-Allow-Origin:
      - "*"
      Content-Security-Policy:
      - referrer no-referrer;
      Date:
      - Mon, 16 May 2016 15:21:26 GMT
      Server:
      - Apache
      Strict-Transport-Security:
      - max-age=31536000; includeSubDomains; preload
      Vary:
      - Accept-Encoding
      X-Accepted-Oauth-Scopes:
      - client
      X-Content-Type-Options:
      - nosniff
      X-Xss-Protection:
      - '0'
      X-Cache:
      - Miss from cloudfront
      Via:
      - 1.1 5cb08f1fdb064b6046c3b17fe92559f8.cloudfront.net (CloudFront)
      X-Amz-Cf-Id:
      - "-Xmu3JghAe2mEWOssmg4t19gJWJbwwgS7H2jO_1kihqsRlhisFZIDw=="
    body:
      encoding: ASCII-8BIT
      string: '{"ok":false,"error":"not_authed"}'
    http_version: 
  recorded_at: Mon, 16 May 2016 15:21:26 GMT
- request:
    method: post
    uri: https://agileventures.slack.com/api/users.admin.invite
    body:
      encoding: US-ASCII
      string: email=alice%40btinternet.co.uk&channels=C02G8J689%2CC0285CSUH%2CC02AA0ARR&token
    headers:
      Accept-Encoding:
      - gzip;q=1.0,deflate;q=0.6,identity;q=0.3
      Accept:
      - "*/*"
      User-Agent:
      - Ruby
      Host:
      - agileventures.slack.com
      Content-Type:
      - application/x-www-form-urlencoded
  response:
    status:
      code: 200
      message: OK
    headers:
      Content-Type:
      - application/json; charset=utf-8
      Transfer-Encoding:
      - chunked
      Connection:
      - keep-alive
      Access-Control-Allow-Origin:
      - "*"
      Content-Security-Policy:
      - referrer no-referrer;
      Date:
      - Mon, 16 May 2016 15:21:26 GMT
      Server:
      - Apache
      Strict-Transport-Security:
      - max-age=31536000; includeSubDomains; preload
      Vary:
      - Accept-Encoding
      X-Accepted-Oauth-Scopes:
      - client
      X-Content-Type-Options:
      - nosniff
      X-Xss-Protection:
      - '0'
      X-Cache:
      - Miss from cloudfront
      Via:
      - 1.1 253721461f577318527fb5be095b5061.cloudfront.net (CloudFront)
      X-Amz-Cf-Id:
      - YmJD6qyGmIRBOVG0nd0WcrnCinGzyC4zW-f1s_yysfU0tCli6YEEEg==
    body:
      encoding: ASCII-8BIT
      string: '{"ok":false,"error":"not_authed"}'
    http_version: 
  recorded_at: Mon, 16 May 2016 15:21:26 GMT
- request:
    method: post
    uri: https://agileventures.slack.com/api/users.admin.invite
    body:
      encoding: US-ASCII
      string: email=bobb112%40hotmail.com&channels=C02G8J689%2CC0285CSUH%2CC02AA0ARR&token
    headers:
      Accept-Encoding:
      - gzip;q=1.0,deflate;q=0.6,identity;q=0.3
      Accept:
      - "*/*"
      User-Agent:
      - Ruby
      Host:
      - agileventures.slack.com
      Content-Type:
      - application/x-www-form-urlencoded
  response:
    status:
      code: 200
      message: OK
    headers:
      Content-Type:
      - application/json; charset=utf-8
      Transfer-Encoding:
      - chunked
      Connection:
      - keep-alive
      Access-Control-Allow-Origin:
      - "*"
      Content-Security-Policy:
      - referrer no-referrer;
      Date:
      - Mon, 16 May 2016 15:21:26 GMT
      Server:
      - Apache
      Strict-Transport-Security:
      - max-age=31536000; includeSubDomains; preload
      Vary:
      - Accept-Encoding
      X-Accepted-Oauth-Scopes:
      - client
      X-Content-Type-Options:
      - nosniff
      X-Xss-Protection:
      - '0'
      X-Cache:
      - Miss from cloudfront
      Via:
      - 1.1 f7526e0e5d23dbedce7f37483ef58a35.cloudfront.net (CloudFront)
      X-Amz-Cf-Id:
      - WW0IL6tVsEhwsm0v-bDSNRTg632jt3S2Feta0p7Wnr-5ytFRNLw2KA==
    body:
      encoding: ASCII-8BIT
      string: '{"ok":false,"error":"not_authed"}'
    http_version: 
  recorded_at: Mon, 16 May 2016 15:21:26 GMT
- request:
    method: post
    uri: https://agileventures.slack.com/api/users.admin.invite
    body:
      encoding: US-ASCII
      string: email=bobb112%40hotmail.com&channels=C02G8J689%2CC0285CSUH%2CC02AA0ARR&token
    headers:
      Accept-Encoding:
      - gzip;q=1.0,deflate;q=0.6,identity;q=0.3
      Accept:
      - "*/*"
      User-Agent:
      - Ruby
      Host:
      - agileventures.slack.com
      Content-Type:
      - application/x-www-form-urlencoded
  response:
    status:
      code: 200
      message: OK
    headers:
      Content-Type:
      - application/json; charset=utf-8
      Transfer-Encoding:
      - chunked
      Connection:
      - keep-alive
      Access-Control-Allow-Origin:
      - "*"
      Content-Security-Policy:
      - referrer no-referrer;
      Date:
      - Mon, 16 May 2016 15:36:59 GMT
      Server:
      - Apache
      Strict-Transport-Security:
      - max-age=31536000; includeSubDomains; preload
      Vary:
      - Accept-Encoding
      X-Accepted-Oauth-Scopes:
      - client
      X-Content-Type-Options:
      - nosniff
      X-Xss-Protection:
      - '0'
      X-Cache:
      - Miss from cloudfront
      Via:
      - 1.1 6d851ad4ca00f98212c638c6d85f995b.cloudfront.net (CloudFront)
      X-Amz-Cf-Id:
      - COTRWzlD3GiSxiup9Sr6kxkANpKMHUAR3xKUHWPpb1O3v5F9y4udwQ==
    body:
      encoding: ASCII-8BIT
      string: '{"ok":false,"error":"not_authed"}'
    http_version: 
  recorded_at: Mon, 16 May 2016 15:36:59 GMT
- request:
    method: post
    uri: https://agileventures.slack.com/api/users.admin.invite
    body:
      encoding: US-ASCII
      string: email=bobb112%40hotmail.com&channels=C02G8J689%2CC0285CSUH%2CC02AA0ARR&token
    headers:
      Accept-Encoding:
      - gzip;q=1.0,deflate;q=0.6,identity;q=0.3
      Accept:
      - "*/*"
      User-Agent:
      - Ruby
      Host:
      - agileventures.slack.com
      Content-Type:
      - application/x-www-form-urlencoded
  response:
    status:
      code: 200
      message: OK
    headers:
      Content-Type:
      - application/json; charset=utf-8
      Transfer-Encoding:
      - chunked
      Connection:
      - keep-alive
      Access-Control-Allow-Origin:
      - "*"
      Content-Security-Policy:
      - referrer no-referrer;
      Date:
      - Mon, 16 May 2016 15:45:27 GMT
      Server:
      - Apache
      Strict-Transport-Security:
      - max-age=31536000; includeSubDomains; preload
      Vary:
      - Accept-Encoding
      X-Accepted-Oauth-Scopes:
      - client
      X-Content-Type-Options:
      - nosniff
      X-Xss-Protection:
      - '0'
      X-Cache:
      - Miss from cloudfront
      Via:
      - 1.1 8499c996b29a580b8615230f5cdddada.cloudfront.net (CloudFront)
      X-Amz-Cf-Id:
      - 4UU81j9LJDIqEhDQYKNcY9GmdI2toOJdZamhKgIfcT--lCn9gYpJFw==
    body:
      encoding: ASCII-8BIT
      string: '{"ok":false,"error":"not_authed"}'
    http_version: 
  recorded_at: Mon, 16 May 2016 15:45:28 GMT
recorded_with: VCR 3.0.1
